E/LocSvc_ApiV02( 1113): I/<--- void globalRespCb(locClientHandleType, uint32_t, locClientRespIndUnionType, void*) line 111 QMI_LOC_GET_BEST_AVAILABLE_POSITION_REQ_V02
E/LocSvc_api_v02( 1113): D/loc_free_slot:299]: freeing slot 0
E/LocSvc_ApiV02( 1113): D/Got Zpp fix location validity (lat:1, lon:1, timestamp:1 accuracy:1) (39.9273020, 116.4522930), timestamp 1480300001700, accuracy 212144.031250
E/LocSvc_utils_q( 1113): D/msg_q_snd: Sending message with handle = 0x4FE62380
E/LocSvc_utils_ll( 1113): D/linked_list_add: Adding to list data_obj = 0x4FE62380
E/LocSvc_utils_q( 1113): D/msg_q_snd: Finished Sending message with handle = 0x4FE62380
E/LocSvc_MsgTask( 1113): D/MsgTask::loop() 50470 listening ...
E/LocSvc_utils_q( 1113): D/msg_q_rcv: Waiting on message
E/LocSvc_utils_ll( 1113): D/linked_list_remove: Removing from list
E/LocSvc_utils_q( 1113): D/msg_q_rcv: Received message 0x4FE62380 rv = 0
E/LocSvc_libulp( 1113): D/void ulp_msg_main(void*) received msg of type: 0x60d
E/LocSvc_libulp( 1113): I/===> int ulp_brain_process_zpp_position_report(loc_sess_status, LocPosTechMask, const UlpLocation*) line 1463 
E/LocSvc_libulp( 1113): I/===> int ulp_msg_send_generic_position_report(loc_sess_status, LocPosTechMask, const UlpLocation*, const GpsLocationExtended*, const void*) line 1083 
D/Ulp_jni ( 1113): Location CB invoked
E/LocSvc_libulp( 1113): I/int ulp_brain_process_zpp_position_report(loc_sess_status, LocPosTechMask, const UlpLocation*), report ZPP position to providers,report_position = 1
E/LocSvc_libulp( 1113): I/===> int ulp_brain_select_providers() line 333 
E/LocSvc_libulp( 1113): I/===> int ulp_brain_turn_onoff_quipc_provider() line 700 
E/LocSvc_libulp( 1113): D/int ulp_brain_turn_onoff_quipc_provider(), quipc enabled = 0, selected to run 0, onoff cnt = 5
E/LocSvc_libulp( 1113): I/===> int ulp_quipc_stop_engine() line 235 
E/LocSvc_libulp( 1113): D/int ulp_quipc_stop_engine(): ulp_quipc_inf is NULL 
E/LocSvc_libulp( 1113): I/===> bool ulp_quipc_engine_running() line 60 
E/LocSvc_libulp( 1113): D/bool ulp_quipc_engine_running(), quipc state = 0
E/LocSvc_libulp( 1113): I/===> int ulp_brain_turn_onoff_gnss_provider() line 595 
E/LocSvc_libulp( 1113): D/int ulp_brain_turn_onoff_gnss_provider(), gnss enabled = 1, gnss selected to run = 0, onoff cnt = 5, new request active = 0
E/LocSvc_libulp( 1113): I/===> int ulp_gnss_stop_engine() line 262 
E/LocSvc_libulp( 1113): D/int ulp_gnss_stop_engine(), gnss state = 0
E/LocSvc_libulp( 1113): D/bool ulp_gnss_engine_running(), gnss state = 0
E/LocSvc_libulp( 1113): D/bool ulp_gnss_engine_running(), gnss state = 0
E/LocSvc_libulp( 1113): D/bool ulp_gnss_engine_running(), gnss state = 0
E/LocSvc_libulp( 1113): I/===> bool ulp_quipc_engine_running() line 60 
E/LocSvc_libulp( 1113): D/bool ulp_quipc_engine_running(), quipc state = 0
E/LocSvc_libulp( 1113): I/===> int ulp_brain_turn_onoff_gnp_provider() line 496 
E/LocSvc_libulp( 1113): D/bool ulp_gnss_engine_running(), gnss state = 0
E/LocSvc_libulp( 1113): I/===> bool ulp_quipc_engine_running() line 60 
E/LocSvc_libulp( 1113): D/bool ulp_quipc_engine_running(), quipc state = 0
E/LocSvc_libulp( 1113): D/int ulp_brain_turn_onoff_gnp_provider(), gnp enabled = 1, gnp selected to run = 0, onoff cnt = 1, request active = 0,gnss running 0, gnss state 0 quipc running 0
E/LocSvc_libulp( 1113): I/===> bool ulp_gnp_engine_running() line 59 
E/LocSvc_libulp( 1113): I/===> int ulp_gnp_stop_engine() line 195 
E/LocSvc_libulp( 1113): I/===> bool ulp_gnp_engine_running() line 59 
E/LocSvc_libulp( 1113): D/int ulp_gnp_stop_engine(), gnp state = 0, ulp_gnp_engine_running () = 0
E/LocSvc_libulp( 1113): I/===> bool ulp_gnp_engine_running() line 59 
E/LocSvc_libulp( 1113): I/===> bool ulp_gnp_engine_running() line 59 
E/LocSvc_libulp( 1113): I/===> int ulp_brain_turn_onoff_zpp_provider() line 437 
E/LocSvc_libulp( 1113): D/int ulp_brain_turn_onoff_zpp_provider(), zpp enabled = 1, zpp selected to run = 0, onoff cnt = 1
E/LocSvc_libulp( 1113): I/===> int ulp_zpp_stop_engine() line 174 
E/LocSvc_libulp( 1113): I/===> bool ulp_zpp_engine_running() line 62 
E/LocSvc_libulp( 1113): D/int ulp_zpp_stop_engine(), zpp state = 1, ulp_zpp_engine_running () = 1
E/LocSvc_libulp( 1113): I/===> bool ulp_zpp_engine_running() line 62 
E/LocSvc_utils_q( 1113): D/msg_q_rcv: Waiting on message
W/ActivityManager( 1113): getRunningAppProcesses: caller 10086 does not hold REAL_GET_TASKS; limiting output
E/LocSvc_libulp( 1113): D/void* ulp_zpp_thread_proc(void*),ulp_zpp_thread_proc-Thread waking up. Ret Val 110
E/LocSvc_utils_q( 1113): D/msg_q_snd: Sending message with handle = 0x4AFFF300
E/LocSvc_utils_ll( 1113): D/linked_list_add: Adding to list data_obj = 0x4AFFF300
E/LocSvc_utils_q( 1113): D/msg_q_snd: Finished Sending message with handle = 0x4AFFF300
E/LocSvc_libulp( 1113): D/void* ulp_zpp_thread_proc(void*),ulp_zpp_thread_proc-Present time 1480299996, Time out set for abs time 1480300006 with delay 10000 msec
E/LocSvc_utils_ll( 1113): D/linked_list_remove: Removing from list
E/LocSvc_utils_q( 1113): D/msg_q_rcv: Received message 0x4AFFF300 rv = 0
E/LocSvc_libulp( 1113): D/void ulp_msg_main(void*) received msg of type: 0x610
E/LocSvc_libulp( 1113): I/===> int ulp_msg_process_system_update(UlpSystemEvent) line 1577 
E/LocSvc_libulp( 1113): I/int ulp_msg_process_system_update(UlpSystemEvent): systemEvent:5 
E/LocSvc_libulp( 1113): I/===> int ulp_brain_process_system_update(UlpSystemEvent) line 2352 
E/LocSvc_libulp( 1113): D/int ulp_brain_process_system_update(UlpSystemEvent): ulp_started = 1, phone context type = 0x57systemEvent = 5 threshold = 10000
E/LocSvc_libulp( 1113): D/int ulp_brain_process_system_update(UlpSystemEvent): system_event_arrival_time:439634992 current_time_msec: 439644993  time elapsed :10001 threshold :10000
E/LocSvc_libulp( 1113): I/===> int ulp_brain_select_providers() line 333 
E/LocSvc_libulp( 1113): I/===> int ulp_brain_turn_onoff_quipc_provider() line 700 
E/LocSvc_libulp( 1113): D/int ulp_brain_turn_onoff_quipc_provider(), quipc enabled = 0, selected to run 0, onoff cnt = 5
E/LocSvc_libulp( 1113): I/===> int ulp_quipc_stop_engine() line 235 
E/LocSvc_libulp( 1113): D/int ulp_quipc_stop_engine(): ulp_quipc_inf is NULL 
E/LocSvc_libulp( 1113): I/===> bool ulp_quipc_engine_running() line 60 
E/LocSvc_libulp( 1113): D/bool ulp_quipc_engine_running(), quipc state = 0
E/LocSvc_libulp( 1113): I/===> int ulp_brain_turn_onoff_gnss_provider() line 595 
E/LocSvc_libulp( 1113): D/int ulp_brain_turn_onoff_gnss_provider(), gnss enabled = 1, gnss selected to run = 0, onoff cnt = 5, new request active = 0
E/LocSvc_libulp( 1113): I/===> int ulp_gnss_stop_engine() line 262 
E/LocSvc_libulp( 1113): D/int ulp_gnss_stop_engine(), gnss state = 0
E/LocSvc_libulp( 1113): D/bool ulp_gnss_engine_running(), gnss state = 0
E/LocSvc_libulp( 1113): D/bool ulp_gnss_engine_running(), gnss state = 0
E/LocSvc_libulp( 1113): D/bool ulp_gnss_engine_running(), gnss state = 0
E/LocSvc_libulp( 1113): I/===> bool ulp_quipc_engine_running() line 60 
E/LocSvc_libulp( 1113): D/bool ulp_quipc_engine_running(), quipc state = 0
E/LocSvc_libulp( 1113): I/===> int ulp_brain_turn_onoff_gnp_provider() line 496 
E/LocSvc_libulp( 1113): D/bool ulp_gnss_engine_running(), gnss state = 0
E/LocSvc_libulp( 1113): I/===> bool ulp_quipc_engine_running() line 60 
E/LocSvc_libulp( 1113): D/bool ulp_quipc_engine_running(), quipc state = 0
E/LocSvc_libulp( 1113): D/int ulp_brain_turn_onoff_gnp_provider(), gnp enabled = 1, gnp selected to run = 0, onoff cnt = 1, request active = 0,gnss running 0, gnss state 0 quipc running 0
E/LocSvc_libulp( 1113): I/===> bool ulp_gnp_engine_running() line 59 
E/LocSvc_libulp( 1113): I/===> int ulp_gnp_stop_engine() line 195 
E/LocSvc_libulp( 1113): I/===> bool ulp_gnp_engine_running() line 59 
E/LocSvc_libulp( 1113): D/int ulp_gnp_stop_engine(), gnp state = 0, ulp_gnp_engine_running () = 0
E/LocSvc_libulp( 1113): I/===> bool ulp_gnp_engine_running() line 59 
E/LocSvc_libulp( 1113): I/===> bool ulp_gnp_engine_running() line 59 
E/LocSvc_libulp( 1113): I/===> int ulp_brain_turn_onoff_zpp_provider() line 437 
E/LocSvc_libulp( 1113): D/int ulp_brain_turn_onoff_zpp_provider(), zpp enabled = 1, zpp selected to run = 1, onoff cnt = 1
E/LocSvc_libulp( 1113): I/===> int ulp_zpp_start_engine() line 98 
E/LocSvc_libulp( 1113): I/===> bool ulp_zpp_engine_running() line 62 
E/LocSvc_libulp( 1113): D/int ulp_zpp_start_engine(), zpp state = 0, ulp_zpp_engine_running () = 0
E/LocSvc_libulp( 1113): I/===> bool ulp_zpp_engine_running() line 62 
E/LocSvc_utils_q( 1113): D/msg_q_snd: Sending message with handle = 0x5D1A9790
E/LocSvc_utils_ll( 1113): D/linked_list_add: Adding to list data_obj = 0x5D1A9790
E/LocSvc_utils_q( 1113): D/msg_q_snd: Finished Sending message with handle = 0x5D1A9790
E/LocSvc_libulp( 1113): I/===> int ulp_msg_process_start_req() line 470 
E/LocSvc_libulp( 1113): I/int ulp_msg_process_start_req(), at ulp state = 1
E/LocSvc_utils_q( 1113): D/msg_q_rcv: Waiting on message
E/LocSvc_utils_ll( 1113): D/linked_list_remove: Removing from list
E/LocSvc_utils_q( 1113): D/msg_q_rcv: Received message 0x5D1A9790 rv = 0
E/LocSvc_ApiV02( 1113): D/virtual loc_api_adapter_err LocApiV02::getBestAvailableZppFix(GpsLocation&, LocPosTechMask&):3005]: Get ZPP Fix from best available source
E/LocSvc_api_v02( 1113): I/---> locClientSendReq line 2065 QMI_LOC_GET_BEST_AVAILABLE_POSITION_REQ_V02
E/LocSvc_ApiV02( 1113): I/<--- void globalRespCb(locClientHandleType, uint32_t, locClientRespIndUnionType, void*) line 111 QMI_LOC_GET_BEST_AVAILABLE_POSITION_REQ_V02
E/LocSvc_api_v02( 1113): D/loc_free_slot:299]: freeing slot 0
E/LocSvc_ApiV02( 1113): D/Got Zpp fix location validity (lat:1, lon:1, timestamp:1 accuracy:1) (39.9273020, 116.4522930), timestamp 1480300011700, accuracy 213312.265625
E/LocSvc_utils_q( 1113): D/msg_q_snd: Sending message with handle = 0x4FE62600
E/LocSvc_utils_ll( 1113): D/linked_list_add: Adding to list data_obj = 0x4FE62600
E/LocSvc_utils_q( 1113): D/msg_q_snd: Finished Sending message with handle = 0x4FE62600
E/LocSvc_MsgTask( 1113): D/MsgTask::loop() 50471 listening ...
E/LocSvc_utils_q( 1113): D/msg_q_rcv: Waiting on message
E/LocSvc_utils_ll( 1113): D/linked_list_remove: Removing from list
E/LocSvc_utils_q( 1113): D/msg_q_rcv: Received message 0x4FE62600 rv = 0
E/LocSvc_libulp( 1113): D/void ulp_msg_main(void*) received msg of type: 0x60d
E/LocSvc_libulp( 1113): I/===> int ulp_brain_process_zpp_position_report(loc_sess_status, LocPosTechMask, const UlpLocation*) line 1463 
E/LocSvc_libulp( 1113): I/===> int ulp_msg_send_generic_position_report(loc_sess_status, LocPosTechMask, const UlpLocation*, const GpsLocationExtended*, const void*) line 1083 
D/Ulp_jni ( 1113): Location CB invoked
E/LocSvc_libulp( 1113): I/int ulp_brain_process_zpp_position_report(loc_sess_status, LocPosTechMask, const UlpLocation*), report ZPP position to providers,report_position = 1
E/LocSvc_libulp( 1113): I/===> int ulp_brain_select_providers() line 333 
E/LocSvc_libulp( 1113): I/===> int ulp_brain_turn_onoff_quipc_provider() line 700 
E/LocSvc_libulp( 1113): D/int ulp_brain_turn_onoff_quipc_provider(), quipc enabled = 0, selected to run 0, onoff cnt = 5
E/LocSvc_libulp( 1113): I/===> int ulp_quipc_stop_engine() line 235 
E/LocSvc_libulp( 1113): D/int ulp_quipc_stop_engine(): ulp_quipc_inf is NULL 
E/LocSvc_libulp( 1113): I/===> bool ulp_quipc_engine_running() line 60 
E/LocSvc_libulp( 1113): D/bool ulp_quipc_engine_running(), quipc state = 0
E/LocSvc_libulp( 1113): I/===> int ulp_brain_turn_onoff_gnss_provider() line 595 
E/LocSvc_libulp( 1113): D/int ulp_brain_turn_onoff_gnss_provider(), gnss enabled = 1, gnss selected to run = 0, onoff cnt = 5, new request active = 0
E/LocSvc_libulp( 1113): I/===> int ulp_gnss_stop_engine() line 262 
E/LocSvc_libulp( 1113): D/int ulp_gnss_stop_engine(), gnss state = 0
E/LocSvc_libulp( 1113): D/bool ulp_gnss_engine_running(), gnss state = 0
E/LocSvc_libulp( 1113): D/bool ulp_gnss_engine_running(), gnss state = 0
E/LocSvc_libulp( 1113): D/bool ulp_gnss_engine_running(), gnss state = 0
E/LocSvc_libulp( 1113): I/===> bool ulp_quipc_engine_running() line 60 
E/LocSvc_libulp( 1113): D/bool ulp_quipc_engine_running(), quipc state = 0
E/LocSvc_libulp( 1113): I/===> int ulp_brain_turn_onoff_gnp_provider() line 496 
E/LocSvc_libulp( 1113): D/bool ulp_gnss_engine_running(), gnss state = 0
E/LocSvc_libulp( 1113): I/===> bool ulp_quipc_engine_running() line 60 
E/LocSvc_libulp( 1113): D/bool ulp_quipc_engine_running(), quipc state = 0
E/LocSvc_libulp( 1113): D/int ulp_brain_turn_onoff_gnp_provider(), gnp enabled = 1, gnp selected to run = 0, onoff cnt = 1, request active = 0,gnss running 0, gnss state 0 quipc running 0
E/LocSvc_libulp( 1113): I/===> bool ulp_gnp_engine_running() line 59 
E/LocSvc_libulp( 1113): I/===> int ulp_gnp_stop_engine() line 195 
E/LocSvc_libulp( 1113): I/===> bool ulp_gnp_engine_running() line 59 
E/LocSvc_libulp( 1113): D/int ulp_gnp_stop_engine(), gnp state = 0, ulp_gnp_engine_running () = 0
E/LocSvc_libulp( 1113): I/===> bool ulp_gnp_engine_running() line 59 
E/LocSvc_libulp( 1113): I/===> bool ulp_gnp_engine_running() line 59 
E/LocSvc_libulp( 1113): I/===> int ulp_brain_turn_onoff_zpp_provider() line 437 
E/LocSvc_libulp( 1113): D/int ulp_brain_turn_onoff_zpp_provider(), zpp enabled = 1, zpp selected to run = 0, onoff cnt = 1
E/LocSvc_libulp( 1113): I/===> int ulp_zpp_stop_engine() line 174 
E/LocSvc_libulp( 1113): I/===> bool ulp_zpp_engine_running() line 62 
E/LocSvc_libulp( 1113): D/int ulp_zpp_stop_engine(), zpp state = 1, ulp_zpp_engine_running () = 1
E/LocSvc_libulp( 1113): I/===> bool ulp_zpp_engine_running() line 62 
E/LocSvc_utils_q( 1113): D/msg_q_rcv: Waiting on message
W/PushService( 3781): 2016-11-28 10:26:39,303 - [WARN::PushService] - [Thread:56] receive a message, appid=1000274, msgid= ilm53b014802999930629l.89720041
D/BroadcastLimitPolicy( 4265): [ALLOW] [broadcast] callerPackage com.xiaomi.xmsf start process with Intent { act=com.xiaomi.mipush.RECEIVE_MESSAGE flg=0x10 pkg=com.android.browser (has extras) } componentName com.android.browser/com.android.browser.push.BrowserPushSDKReceiver [reason:3]
D/WtProcessController( 4265): onAMProcStart callback
I/ActivityManager( 1113): Start proc 32302:com.android.browser/u0a3 for broadcast com.android.browser/.push.BrowserPushSDKReceiver
D/TidaProvider(32302): TidaProvider()
I/ActivityManager( 1113): Killing 32016:com.miui.bugreport:remote/1000 (adj 13): empty for 1902s
I/libthemeutils(32302): Theme： libthemeutil.so load success
E/WhetstoneSDK-JNI(32302): on Load native Whetstone
D/ActivityManagerInjector( 1113): com.miui.bugreport:remote is killed by AMS with adj 13 ,do not allow restart
D/ActivityManager( 1113): cleanUpApplicationRecord -- 32016
D/WifiService( 1113): Client connection lost with reason: 4
D/PowerKeeperPolicy( 1113): killSensorsByUid uid = 1000 pid = 32016
W/ActivityManager( 1113): getRunningAppProcesses: caller 10003 is using old GET_TASKS but privileged; allowing
W/ActivityManager( 1113): getRunningAppProcesses: caller 10003 is using old GET_TASKS but privileged; allowing
W/ActivityManager( 1113): getRunningAppProcesses: caller 10003 is using old GET_TASKS but privileged; allowing
W/PushService( 3781): 2016-11-28 10:26:39,747 - [WARN::PushService] - [Thread:56] JOB: Handle intent action = com.xiaomi.mipush.SEND_MESSAGE
W/PushService( 3781): 2016-11-28 10:26:39,748 - [WARN::PushService] - [Thread:56] try send mi push message. packagename:com.android.browser action:AckMessage
E/NotificationService( 1113): Suppressing notification from package com.android.browser by user request.
D/miuisdk (32302): current sdk level is 9
I/XiaomiFirewall( 3940): firewall pkgName:com.android.browser, result:0x0
W/ActivityManager( 1113): getRunningAppProcesses: caller 10003 is using old GET_TASKS but privileged; allowing
W/PushService( 3781): 2016-11-28 10:26:42,770 - [WARN::PushService] - [Thread:56] JOB: Handle intent action = com.xiaomi.mipush.SEND_MESSAGE
W/PushService( 3781): 2016-11-28 10:26:42,771 - [WARN::PushService] - [Thread:56] try send mi push message. packagename:com.android.browser action:Notification
W/PushService( 3781): 2016-11-28 10:26:42,877 - [WARN::PushService] - [Thread:56] JOB: Handle intent action = com.xiaomi.mipush.SEND_MESSAGE
W/PushService( 3781): 2016-11-28 10:26:42,879 - [WARN::PushService] - [Thread:56] try send mi push message. packagename:com.android.browser action:Command
W/PushService( 3781): 2016-11-28 10:26:42,884 - [WARN::PushService] - [Thread:56] JOB: Handle intent action = com.xiaomi.mipush.SEND_MESSAGE
W/PushService( 3781): 2016-11-28 10:26:42,885 - [WARN::PushService] - [Thread:56] try send mi push message. packagename:com.android.browser action:Command
W/PushService( 3781): 2016-11-28 10:26:42,890 - [WARN::PushService] - [Thread:56] JOB: Handle intent action = com.xiaomi.mipush.SEND_MESSAGE
W/PushService( 3781): 2016-11-28 10:26:42,891 - [WARN::PushService] - [Thread:56] try send mi push message. packagename:com.android.browser action:Command
W/PushService( 3781): 2016-11-28 10:26:42,898 - [WARN::PushService] - [Thread:56] JOB: Handle intent action = com.xiaomi.mipush.SEND_MESSAGE
W/PushService( 3781): 2016-11-28 10:26:42,899 - [WARN::PushService] - [Thread:56] try send mi push message. packagename:com.android.browser action:Command
W/PushService( 3781): 2016-11-28 10:26:42,903 - [WARN::PushService] - [Thread:56] receive a message, appid=1000274, msgid= qqMF1480299999756
W/PushService( 3781): 2016-11-28 10:26:42,905 - [WARN::PushService] - [Thread:56] receive a message, appid=1000274, msgid= WHBR1480299999757
W/PushService( 3781): 2016-11-28 10:26:42,908 - [WARN::PushService] - [Thread:56] JOB: Handle intent action = com.xiaomi.mipush.SEND_MESSAGE
W/PushService( 3781): 2016-11-28 10:26:42,909 - [WARN::PushService] - [Thread:56] try send mi push message. packagename:com.android.browser action:Command
W/PushService( 3781): 2016-11-28 10:26:42,910 - [WARN::PushService] - [Thread:56] receive a message, appid=1000274, msgid= Wctb1480299999758
W/PushService( 3781): 2016-11-28 10:26:42,914 - [WARN::PushService] - [Thread:56] JOB: Handle intent action = com.xiaomi.mipush.SEND_MESSAGE
W/PushService( 3781): 2016-11-28 10:26:42,915 - [WARN::PushService] - [Thread:56] try send mi push message. packagename:com.android.browser action:Command
W/PushService( 3781): 2016-11-28 10:26:42,922 - [WARN::PushService] - [Thread:56] JOB: Handle intent action = com.xiaomi.mipush.SEND_MESSAGE
W/PushService( 3781): 2016-11-28 10:26:42,923 - [WARN::PushService] - [Thread:56] try send mi push message. packagename:com.android.browser action:Command
W/PushService( 3781): 2016-11-28 10:26:42,929 - [WARN::PushService] - [Thread:56] receive a message, appid=1000274, msgid= RLbJ1480299999759
W/PushService( 3781): 2016-11-28 10:26:42,931 - [WARN::PushService] - [Thread:56] JOB: Handle intent action = com.xiaomi.mipush.SEND_MESSAGE
W/PushService( 3781): 2016-11-28 10:26:42,932 - [WARN::PushService] - [Thread:56] try send mi push message. packagename:com.android.browser action:Command
W/PushService( 3781): 2016-11-28 10:26:42,933 - [WARN::PushService] - [Thread:56] receive a message, appid=1000274, msgid= 0eVX1480299999760
W/PushService( 3781): 2016-11-28 10:26:42,935 - [WARN::PushService] - [Thread:56] receive a message, appid=1000274, msgid= UP7e1480299999761
W/PushService( 3781): 2016-11-28 10:26:42,940 - [WARN::PushService] - [Thread:56] receive a message, appid=1000274, msgid= 0uYA1480299999762
W/PushService( 3781): 2016-11-28 10:26:42,945 - [WARN::PushService] - [Thread:56] receive a message, appid=1000274, msgid= fsZq1480299999763
E/LocSvc_libulp( 1113): D/void* ulp_zpp_thread_proc(void*),ulp_zpp_thread_proc-Thread waking up. Ret Val 110
E/LocSvc_utils_q( 1113): D/msg_q_snd: Sending message with handle = 0x4E44F660
E/LocSvc_utils_ll( 1113): D/linked_list_add: Adding to list data_obj = 0x4E44F660
E/LocSvc_utils_q( 1113): D/msg_q_snd: Finished Sending message with handle = 0x4E44F660
E/LocSvc_libulp( 1113): D/void* ulp_zpp_thread_proc(void*),ulp_zpp_thread_proc-Present time 1480300006, Time out set for abs time 1480300016 with delay 10000 msec
E/LocSvc_utils_ll( 1113): D/linked_list_remove: Removing from list
E/LocSvc_utils_q( 1113): D/msg_q_rcv: Received message 0x4E44F660 rv = 0
E/LocSvc_libulp( 1113): D/void ulp_msg_main(void*) received msg of type: 0x610
E/LocSvc_libulp( 1113): I/===> int ulp_msg_process_system_update(UlpSystemEvent) line 1577 
E/LocSvc_libulp( 1113): I/int ulp_msg_process_system_update(UlpSystemEvent): systemEvent:5 
E/LocSvc_libulp( 1113): I/===> int ulp_brain_process_system_update(UlpSystemEvent) line 2352 
E/LocSvc_libulp( 1113): D/int ulp_brain_process_system_update(UlpSystemEvent): ulp_started = 1, phone context type = 0x57systemEvent = 5 threshold = 10000
E/LocSvc_libulp( 1113): D/int ulp_brain_process_system_update(UlpSystemEvent): system_event_arrival_time:439644993 current_time_msec: 439654994  time elapsed :10001 threshold :10000
E/LocSvc_libulp( 1113): I/===> int ulp_brain_select_providers() line 333 
E/LocSvc_libulp( 1113): I/===> int ulp_brain_turn_onoff_quipc_provider() line 700 
E/LocSvc_libulp( 1113): D/int ulp_brain_turn_onoff_quipc_provider(), quipc enabled = 0, selected to run 0, onoff cnt = 5
E/LocSvc_libulp( 1113): I/===> int ulp_quipc_stop_engine() line 235 
E/LocSvc_libulp( 1113): D/int ulp_quipc_stop_engine(): ulp_quipc_inf is NULL 
E/LocSvc_libulp( 1113): I/===> bool ulp_quipc_engine_running() line 60 
E/LocSvc_libulp( 1113): D/bool ulp_quipc_engine_running(), quipc state = 0
E/LocSvc_libulp( 1113): I/===> int ulp_brain_turn_onoff_gnss_provider() line 595 
E/LocSvc_libulp( 1113): D/int ulp_brain_turn_onoff_gnss_provider(), gnss enabled = 1, gnss selected to run = 0, onoff cnt = 5, new request active = 0
E/LocSvc_libulp( 1113): I/===> int ulp_gnss_stop_engine() line 262 
E/LocSvc_libulp( 1113): D/int ulp_gnss_stop_engine(), gnss state = 0
E/LocSvc_libulp( 1113): D/bool ulp_gnss_engine_running(), gnss state = 0
E/LocSvc_libulp( 1113): D/bool ulp_gnss_engine_running(), gnss state = 0
E/LocSvc_libulp( 1113): D/bool ulp_gnss_engine_running(), gnss state = 0
E/LocSvc_libulp( 1113): I/===> bool ulp_quipc_engine_running() line 60 
E/LocSvc_libulp( 1113): D/bool ulp_quipc_engine_running(), quipc state = 0
E/LocSvc_libulp( 1113): I/===> int ulp_brain_turn_onoff_gnp_provider() line 496 
E/LocSvc_libulp( 1113): D/bool ulp_gnss_engine_running(), gnss state = 0
E/LocSvc_libulp( 1113): I/===> bool ulp_quipc_engine_running() line 60 
E/LocSvc_libulp( 1113): D/bool ulp_quipc_engine_running(), quipc state = 0
E/LocSvc_libulp( 1113): D/int ulp_brain_turn_onoff_gnp_provider(), gnp enabled = 1, gnp selected to run = 0, onoff cnt = 1, request active = 0,gnss running 0, gnss state 0 quipc running 0
E/LocSvc_libulp( 1113): I/===> bool ulp_gnp_engine_running() line 59 
E/LocSvc_libulp( 1113): I/===> int ulp_gnp_stop_engine() line 195 
E/LocSvc_libulp( 1113): I/===> bool ulp_gnp_engine_running() line 59 
E/LocSvc_libulp( 1113): D/int ulp_gnp_stop_engine(), gnp state = 0, ulp_gnp_engine_running () = 0
E/LocSvc_libulp( 1113): I/===> bool ulp_gnp_engine_running() line 59 
E/LocSvc_libulp( 1113): I/===> bool ulp_gnp_engine_running() line 59 
E/LocSvc_libulp( 1113): I/===> int ulp_brain_turn_onoff_zpp_provider() line 437 
E/LocSvc_libulp( 1113): D/int ulp_brain_turn_onoff_zpp_provider(), zpp enabled = 1, zpp selected to run = 1, onoff cnt = 1
E/LocSvc_libulp( 1113): I/===> int ulp_zpp_start_engine() line 98 
E/LocSvc_libulp( 1113): I/===> bool ulp_zpp_engine_running() line 62 
E/LocSvc_libulp( 1113): D/int ulp_zpp_start_engine(), zpp state = 0, ulp_zpp_engine_running () = 0
E/LocSvc_libulp( 1113): I/===> bool ulp_zpp_engine_running() line 62 
E/LocSvc_utils_q( 1113): D/msg_q_snd: Sending message with handle = 0x5D1A94D0
E/LocSvc_utils_ll( 1113): D/linked_list_add: Adding to list data_obj = 0x5D1A94D0
E/LocSvc_utils_q( 1113): D/msg_q_snd: Finished Sending message with handle = 0x5D1A94D0
E/LocSvc_libulp( 1113): I/===> int ulp_msg_process_start_req() line 470 
E/LocSvc_libulp( 1113): I/int ulp_msg_process_start_req(), at ulp state = 1
E/LocSvc_utils_q( 1113): D/msg_q_rcv: Waiting on message
E/LocSvc_utils_ll( 1113): D/linked_list_remove: Removing from list
E/LocSvc_utils_q( 1113): D/msg_q_rcv: Received message 0x5D1A94D0 rv = 0
E/LocSvc_ApiV02( 1113): D/virtual loc_api_adapter_err LocApiV02::getBestAvailableZppFix(GpsLocation&, LocPosTechMask&):3005]: Get ZPP Fix from best available source
E/LocSvc_api_v02( 1113): I/---> locClientSendReq line 2065 QMI_LOC_GET_BEST_AVAILABLE_POSITION_REQ_V02
E/LocSvc_ApiV02( 1113): I/<--- void globalRespCb(locClientHandleType, uint32_t, locClientRespIndUnionType, void*) line 111 QMI_LOC_GET_BEST_AVAILABLE_POSITION_REQ_V02
E/LocSvc_api_v02( 1113): D/loc_free_slot:299]: freeing slot 0
E/LocSvc_ApiV02( 1113): D/Got Zpp fix location validity (lat:1, lon:1, timestamp:1 accuracy:1) (39.9273020, 116.4522930), timestamp 1480300021700, accuracy 214480.484375
E/LocSvc_utils_q( 1113): D/msg_q_snd: Sending message with handle = 0x4FE62880
E/LocSvc_utils_ll( 1113): D/linked_list_add: Adding to list data_obj = 0x4FE62880
E/LocSvc_utils_q( 1113): D/msg_q_snd: Finished Sending message with handle = 0x4FE62880
E/LocSvc_MsgTask( 1113): D/MsgTask::loop() 50472 listening ...
E/LocSvc_utils_q( 1113): D/msg_q_rcv: Waiting on message
E/LocSvc_utils_ll( 1113): D/linked_list_remove: Removing from list
E/LocSvc_utils_q( 1113): D/msg_q_rcv: Received message 0x4FE62880 rv = 0
E/LocSvc_libulp( 1113): D/void ulp_msg_main(void*) received msg of type: 0x60d
E/LocSvc_libulp( 1113): I/===> int ulp_brain_process_zpp_position_report(loc_sess_status, LocPosTechMask, const UlpLocation*) line 1463 
E/LocSvc_libulp( 1113): I/===> int ulp_msg_send_generic_position_report(loc_sess_status, LocPosTechMask, const UlpLocation*, const GpsLocationExtended*, const void*) line 1083 
D/Ulp_jni ( 1113): Location CB invoked
E/LocSvc_libulp( 1113): I/int ulp_brain_process_zpp_position_report(loc_sess_status, LocPosTechMask, const UlpLocation*), report ZPP position to providers,report_position = 1
E/LocSvc_libulp( 1113): I/===> int ulp_brain_select_providers() line 333 
E/LocSvc_libulp( 1113): I/===> int ulp_brain_turn_onoff_quipc_provider() line 700 
E/LocSvc_libulp( 1113): D/int ulp_brain_turn_onoff_quipc_provider(), quipc enabled = 0, selected to run 0, onoff cnt = 5
E/LocSvc_libulp( 1113): I/===> int ulp_quipc_stop_engine() line 235 
E/LocSvc_libulp( 1113): D/int ulp_quipc_stop_engine(): ulp_quipc_inf is NULL 
E/LocSvc_libulp( 1113): I/===> bool ulp_quipc_engine_running() line 60 
E/LocSvc_libulp( 1113): D/bool ulp_quipc_engine_running(), quipc state = 0
E/LocSvc_libulp( 1113): I/===> int ulp_brain_turn_onoff_gnss_provider() line 595 
E/LocSvc_libulp( 1113): D/int ulp_brain_turn_onoff_gnss_provider(), gnss enabled = 1, gnss selected to run = 0, onoff cnt = 5, new request active = 0
E/LocSvc_libulp( 1113): I/===> int ulp_gnss_stop_engine() line 262 
E/LocSvc_libulp( 1113): D/int ulp_gnss_stop_engine(), gnss state = 0
E/LocSvc_libulp( 1113): D/bool ulp_gnss_engine_running(), gnss state = 0
E/LocSvc_libulp( 1113): D/bool ulp_gnss_engine_running(), gnss state = 0
E/LocSvc_libulp( 1113): D/bool ulp_gnss_engine_running(), gnss state = 0
E/LocSvc_libulp( 1113): I/===> bool ulp_quipc_engine_running() line 60 
E/LocSvc_libulp( 1113): D/bool ulp_quipc_engine_running(), quipc state = 0
E/LocSvc_libulp( 1113): I/===> int ulp_brain_turn_onoff_gnp_provider() line 496 
E/LocSvc_libulp( 1113): D/bool ulp_gnss_engine_running(), gnss state = 0
E/LocSvc_libulp( 1113): I/===> bool ulp_quipc_engine_running() line 60 
E/LocSvc_libulp( 1113): D/bool ulp_quipc_engine_running(), quipc state = 0
E/LocSvc_libulp( 1113): D/int ulp_brain_turn_onoff_gnp_provider(), gnp enabled = 1, gnp selected to run = 0, onoff cnt = 1, request active = 0,gnss running 0, gnss state 0 quipc running 0
E/LocSvc_libulp( 1113): I/===> bool ulp_gnp_engine_running() line 59 
E/LocSvc_libulp( 1113): I/===> int ulp_gnp_stop_engine() line 195 
E/LocSvc_libulp( 1113): I/===> bool ulp_gnp_engine_running() line 59 
E/LocSvc_libulp( 1113): D/int ulp_gnp_stop_engine(), gnp state = 0, ulp_gnp_engine_running () = 0
E/LocSvc_libulp( 1113): I/===> bool ulp_gnp_engine_running() line 59 
E/LocSvc_libulp( 1113): I/===> bool ulp_gnp_engine_running() line 59 
E/LocSvc_libulp( 1113): I/===> int ulp_brain_turn_onoff_zpp_provider() line 437 
E/LocSvc_libulp( 1113): D/int ulp_brain_turn_onoff_zpp_provider(), zpp enabled = 1, zpp selected to run = 0, onoff cnt = 1
E/LocSvc_libulp( 1113): I/===> int ulp_zpp_stop_engine() line 174 
E/LocSvc_libulp( 1113): I/===> bool ulp_zpp_engine_running() line 62 
E/LocSvc_libulp( 1113): D/int ulp_zpp_stop_engine(), zpp state = 1, ulp_zpp_engine_running () = 1
E/LocSvc_libulp( 1113): I/===> bool ulp_zpp_engine_running() line 62 
E/LocSvc_utils_q( 1113): D/msg_q_rcv: Waiting on message
E/LocSvc_libulp( 1113): D/void* ulp_zpp_thread_proc(void*),ulp_zpp_thread_proc-Thread waking up. Ret Val 110
E/LocSvc_utils_q( 1113): D/msg_q_snd: Sending message with handle = 0x4E44F720
E/LocSvc_utils_ll( 1113): D/linked_list_add: Adding to list data_obj = 0x4E44F720
E/LocSvc_utils_q( 1113): D/msg_q_snd: Finished Sending message with handle = 0x4E44F720
E/LocSvc_libulp( 1113): D/void* ulp_zpp_thread_proc(void*),ulp_zpp_thread_proc-Present time 1480300016, Time out set for abs time 1480300026 with delay 10000 msec
E/LocSvc_utils_ll( 1113): D/linked_list_remove: Removing from list
E/LocSvc_utils_q( 1113): D/msg_q_rcv: Received message 0x4E44F720 rv = 0
E/LocSvc_libulp( 1113): D/void ulp_msg_main(void*) received msg of type: 0x610
E/LocSvc_libulp( 1113): I/===> int ulp_msg_process_system_update(UlpSystemEvent) line 1577 
E/LocSvc_libulp( 1113): I/int ulp_msg_process_system_update(UlpSystemEvent): systemEvent:5 
E/LocSvc_libulp( 1113): I/===> int ulp_brain_process_system_update(UlpSystemEvent) line 2352 
E/LocSvc_libulp( 1113): D/int ulp_brain_process_system_update(UlpSystemEvent): ulp_started = 1, phone context type = 0x57systemEvent = 5 threshold = 10000
E/LocSvc_libulp( 1113): D/int ulp_brain_process_system_update(UlpSystemEvent): system_event_arrival_time:439654994 current_time_msec: 439664995  time elapsed :10001 threshold :10000
E/LocSvc_libulp( 1113): I/===> int ulp_brain_select_providers() line 333 
E/LocSvc_libulp( 1113): I/===> int ulp_brain_turn_onoff_quipc_provider() line 700 
E/LocSvc_libulp( 1113): D/int ulp_brain_turn_onoff_quipc_provider(), quipc enabled = 0, selected to run 0, onoff cnt = 5
E/LocSvc_libulp( 1113): I/===> int ulp_quipc_stop_engine() line 235 
E/LocSvc_libulp( 1113): D/int ulp_quipc_stop_engine(): ulp_quipc_inf is NULL 
E/LocSvc_libulp( 1113): I/===> bool ulp_quipc_engine_running() line 60 
E/LocSvc_libulp( 1113): D/bool ulp_quipc_engine_running(), quipc state = 0
E/LocSvc_libulp( 1113): I/===> int ulp_brain_turn_onoff_gnss_provider() line 595 
E/LocSvc_libulp( 1113): D/int ulp_brain_turn_onoff_gnss_provider(), gnss enabled = 1, gnss selected to run = 0, onoff cnt = 5, new request active = 0
E/LocSvc_libulp( 1113): I/===> int ulp_gnss_stop_engine() line 262 
E/LocSvc_libulp( 1113): D/int ulp_gnss_stop_engine(), gnss state = 0
E/LocSvc_libulp( 1113): D/bool ulp_gnss_engine_running(), gnss state = 0
E/LocSvc_libulp( 1113): D/bool ulp_gnss_engine_running(), gnss state = 0
E/LocSvc_libulp( 1113): D/bool ulp_gnss_engine_running(), gnss state = 0
E/LocSvc_libulp( 1113): I/===> bool ulp_quipc_engine_running() line 60 
E/LocSvc_libulp( 1113): D/bool ulp_quipc_engine_running(), quipc state = 0
E/LocSvc_libulp( 1113): I/===> int ulp_brain_turn_onoff_gnp_provider() line 496 
E/LocSvc_libulp( 1113): D/bool ulp_gnss_engine_running(), gnss state = 0
E/LocSvc_libulp( 1113): I/===> bool ulp_quipc_engine_running() line 60 
E/LocSvc_libulp( 1113): D/bool ulp_quipc_engine_running(), quipc state = 0
E/LocSvc_libulp( 1113): D/int ulp_brain_turn_onoff_gnp_provider(), gnp enabled = 1, gnp selected to run = 0, onoff cnt = 1, request active = 0,gnss running 0, gnss state 0 quipc running 0
E/LocSvc_libulp( 1113): I/===> bool ulp_gnp_engine_running() line 59 
E/LocSvc_libulp( 1113): I/===> int ulp_gnp_stop_engine() line 195 
E/LocSvc_libulp( 1113): I/===> bool ulp_gnp_engine_running() line 59 
E/LocSvc_libulp( 1113): D/int ulp_gnp_stop_engine(), gnp state = 0, ulp_gnp_engine_running () = 0
E/LocSvc_libulp( 1113): I/===> bool ulp_gnp_engine_running() line 59 
E/LocSvc_libulp( 1113): I/===> bool ulp_gnp_engine_running() line 59 
E/LocSvc_libulp( 1113): I/===> int ulp_brain_turn_onoff_zpp_provider() line 437 
E/LocSvc_libulp( 1113): D/int ulp_brain_turn_onoff_zpp_provider(), zpp enabled = 1, zpp selected to run = 1, onoff cnt = 1
E/LocSvc_libulp( 1113): I/===> int ulp_zpp_start_engine() line 98 
E/LocSvc_libulp( 1113): I/===> bool ulp_zpp_engine_running() line 62 
E/LocSvc_libulp( 1113): D/int ulp_zpp_start_engine(), zpp state = 0, ulp_zpp_engine_running () = 0
E/LocSvc_libulp( 1113): I/===> bool ulp_zpp_engine_running() line 62 
E/LocSvc_utils_q( 1113): D/msg_q_snd: Sending message with handle = 0x5D1A95D0
E/LocSvc_utils_ll( 1113): D/linked_list_add: Adding to list data_obj = 0x5D1A95D0
E/LocSvc_utils_q( 1113): D/msg_q_snd: Finished Sending message with handle = 0x5D1A95D0
E/LocSvc_libulp( 1113): I/===> int ulp_msg_process_start_req() line 470 
E/LocSvc_libulp( 1113): I/int ulp_msg_process_start_req(), at ulp state = 1
E/LocSvc_utils_q( 1113): D/msg_q_rcv: Waiting on message
E/LocSvc_utils_ll( 1113): D/linked_list_remove: Removing from list
E/LocSvc_utils_q( 1113): D/msg_q_rcv: Received message 0x5D1A95D0 rv = 0
E/LocSvc_ApiV02( 1113): D/virtual loc_api_adapter_err LocApiV02::getBestAvailableZppFix(GpsLocation&, LocPosTechMask&):3005]: Get ZPP Fix from best available source
E/LocSvc_api_v02( 1113): I/---> locClientSendReq line 2065 QMI_LOC_GET_BEST_AVAILABLE_POSITION_REQ_V02
E/LocSvc_ApiV02( 1113): I/<--- void globalRespCb(locClientHandleType, uint32_t, locClientRespIndUnionType, void*) line 111 QMI_LOC_GET_BEST_AVAILABLE_POSITION_REQ_V02
E/LocSvc_api_v02( 1113): D/loc_free_slot:299]: freeing slot 0
E/LocSvc_ApiV02( 1113): D/Got Zpp fix location validity (lat:1, lon:1, timestamp:1 accuracy:1) (39.9273020, 116.4522930), timestamp 1480300031700, accuracy 215648.703125
E/LocSvc_utils_q( 1113): D/msg_q_snd: Sending message with handle = 0x4FE65F80
E/LocSvc_utils_ll( 1113): D/linked_list_add: Adding to list data_obj = 0x4FE65F80
E/LocSvc_utils_q( 1113): D/msg_q_snd: Finished Sending message with handle = 0x4FE65F80
E/LocSvc_MsgTask( 1113): D/MsgTask::loop() 50473 listening ...
E/LocSvc_utils_q( 1113): D/msg_q_rcv: Waiting on message
E/LocSvc_utils_ll( 1113): D/linked_list_remove: Removing from list
E/LocSvc_utils_q( 1113): D/msg_q_rcv: Received message 0x4FE65F80 rv = 0
E/LocSvc_libulp( 1113): D/void ulp_msg_main(void*) received msg of type: 0x60d
E/LocSvc_libulp( 1113): I/===> int ulp_brain_process_zpp_position_report(loc_sess_status, LocPosTechMask, const UlpLocation*) line 1463 
E/LocSvc_libulp( 1113): I/===> int ulp_msg_send_generic_position_report(loc_sess_status, LocPosTechMask, const UlpLocation*, const GpsLocationExtended*, const void*) line 1083 
D/Ulp_jni ( 1113): Location CB invoked
E/LocSvc_libulp( 1113): I/int ulp_brain_process_zpp_position_report(loc_sess_status, LocPosTechMask, const UlpLocation*), report ZPP position to providers,report_position = 1
E/LocSvc_libulp( 1113): I/===> int ulp_brain_select_providers() line 333 
E/LocSvc_libulp( 1113): I/===> int ulp_brain_turn_onoff_quipc_provider() line 700 
E/LocSvc_libulp( 1113): D/int ulp_brain_turn_onoff_quipc_provider(), quipc enabled = 0, selected to run 0, onoff cnt = 5
E/LocSvc_libulp( 1113): I/===> int ulp_quipc_stop_engine() line 235 
E/LocSvc_libulp( 1113): D/int ulp_quipc_stop_engine(): ulp_quipc_inf is NULL 
E/LocSvc_libulp( 1113): I/===> bool ulp_quipc_engine_running() line 60 
E/LocSvc_libulp( 1113): D/bool ulp_quipc_engine_running(), quipc state = 0
E/LocSvc_libulp( 1113): I/===> int ulp_brain_turn_onoff_gnss_provider() line 595 
E/LocSvc_libulp( 1113): D/int ulp_brain_turn_onoff_gnss_provider(), gnss enabled = 1, gnss selected to run = 0, onoff cnt = 5, new request active = 0
E/LocSvc_libulp( 1113): I/===> int ulp_gnss_stop_engine() line 262 
E/LocSvc_libulp( 1113): D/int ulp_gnss_stop_engine(), gnss state = 0
E/LocSvc_libulp( 1113): D/bool ulp_gnss_engine_running(), gnss state = 0
E/LocSvc_libulp( 1113): D/bool ulp_gnss_engine_running(), gnss state = 0
E/LocSvc_libulp( 1113): D/bool ulp_gnss_engine_running(), gnss state = 0
E/LocSvc_libulp( 1113): I/===> bool ulp_quipc_engine_running() line 60 
E/LocSvc_libulp( 1113): D/bool ulp_quipc_engine_running(), quipc state = 0
E/LocSvc_libulp( 1113): I/===> int ulp_brain_turn_onoff_gnp_provider() line 496 
E/LocSvc_libulp( 1113): D/bool ulp_gnss_engine_running(), gnss state = 0
E/LocSvc_libulp( 1113): I/===> bool ulp_quipc_engine_running() line 60 
E/LocSvc_libulp( 1113): D/bool ulp_quipc_engine_running(), quipc state = 0
E/LocSvc_libulp( 1113): D/int ulp_brain_turn_onoff_gnp_provider(), gnp enabled = 1, gnp selected to run = 0, onoff cnt = 1, request active = 0,gnss running 0, gnss state 0 quipc running 0
E/LocSvc_libulp( 1113): I/===> bool ulp_gnp_engine_running() line 59 
E/LocSvc_libulp( 1113): I/===> int ulp_gnp_stop_engine() line 195 
E/LocSvc_libulp( 1113): I/===> bool ulp_gnp_engine_running() line 59 
E/LocSvc_libulp( 1113): D/int ulp_gnp_stop_engine(), gnp state = 0, ulp_gnp_engine_running () = 0
E/LocSvc_libulp( 1113): I/===> bool ulp_gnp_engine_running() line 59 
E/LocSvc_libulp( 1113): I/===> bool ulp_gnp_engine_running() line 59 
E/LocSvc_libulp( 1113): I/===> int ulp_brain_turn_onoff_zpp_provider() line 437 
E/LocSvc_libulp( 1113): D/int ulp_brain_turn_onoff_zpp_provider(), zpp enabled = 1, zpp selected to run = 0, onoff cnt = 1
E/LocSvc_libulp( 1113): I/===> int ulp_zpp_stop_engine() line 174 
E/LocSvc_libulp( 1113): I/===> bool ulp_zpp_engine_running() line 62 
E/LocSvc_libulp( 1113): D/int ulp_zpp_stop_engine(), zpp state = 1, ulp_zpp_engine_running () = 1
E/LocSvc_libulp( 1113): I/===> bool ulp_zpp_engine_running() line 62 
E/LocSvc_utils_q( 1113): D/msg_q_rcv: Waiting on message
W/ActivityManager( 1113): getRunningAppProcesses: caller 10086 does not hold REAL_GET_TASKS; limiting output
E/LocSvc_libulp( 1113): D/void* ulp_zpp_thread_proc(void*),ulp_zpp_thread_proc-Thread waking up. Ret Val 110
E/LocSvc_utils_q( 1113): D/msg_q_snd: Sending message with handle = 0x4AFFF220
E/LocSvc_utils_ll( 1113): D/linked_list_add: Adding to list data_obj = 0x4AFFF220
E/LocSvc_utils_q( 1113): D/msg_q_snd: Finished Sending message with handle = 0x4AFFF220
E/LocSvc_libulp( 1113): D/void* ulp_zpp_thread_proc(void*),ulp_zpp_thread_proc-Present time 1480300026, Time out set for abs time 1480300036 with delay 10000 msec
E/LocSvc_utils_ll( 1113): D/linked_list_remove: Removing from list
E/LocSvc_utils_q( 1113): D/msg_q_rcv: Received message 0x4AFFF220 rv = 0
E/LocSvc_libulp( 1113): D/void ulp_msg_main(void*) received msg of type: 0x610
E/LocSvc_libulp( 1113): I/===> int ulp_msg_process_system_update(UlpSystemEvent) line 1577 
E/LocSvc_libulp( 1113): I/int ulp_msg_process_system_update(UlpSystemEvent): systemEvent:5 
E/LocSvc_libulp( 1113): I/===> int ulp_brain_process_system_update(UlpSystemEvent) line 2352 
E/LocSvc_libulp( 1113): D/int ulp_brain_process_system_update(UlpSystemEvent): ulp_started = 1, phone context type = 0x57systemEvent = 5 threshold = 10000
E/LocSvc_libulp( 1113): D/int ulp_brain_process_system_update(UlpSystemEvent): system_event_arrival_time:439664995 current_time_msec: 439674996  time elapsed :10001 threshold :10000
E/LocSvc_libulp( 1113): I/===> int ulp_brain_select_providers() line 333 
E/LocSvc_libulp( 1113): I/===> int ulp_brain_turn_onoff_quipc_provider() line 700 
E/LocSvc_libulp( 1113): D/int ulp_brain_turn_onoff_quipc_provider(), quipc enabled = 0, selected to run 0, onoff cnt = 5
E/LocSvc_libulp( 1113): I/===> int ulp_quipc_stop_engine() line 235 
E/LocSvc_libulp( 1113): D/int ulp_quipc_stop_engine(): ulp_quipc_inf is NULL 
E/LocSvc_libulp( 1113): I/===> bool ulp_quipc_engine_running() line 60 
E/LocSvc_libulp( 1113): D/bool ulp_quipc_engine_running(), quipc state = 0
E/LocSvc_libulp( 1113): I/===> int ulp_brain_turn_onoff_gnss_provider() line 595 
E/LocSvc_libulp( 1113): D/int ulp_brain_turn_onoff_gnss_provider(), gnss enabled = 1, gnss selected to run = 0, onoff cnt = 5, new request active = 0
E/LocSvc_libulp( 1113): I/===> int ulp_gnss_stop_engine() line 262 
E/LocSvc_libulp( 1113): D/int ulp_gnss_stop_engine(), gnss state = 0
E/LocSvc_libulp( 1113): D/bool ulp_gnss_engine_running(), gnss state = 0
E/LocSvc_libulp( 1113): D/bool ulp_gnss_engine_running(), gnss state = 0
E/LocSvc_libulp( 1113): D/bool ulp_gnss_engine_running(), gnss state = 0
E/LocSvc_libulp( 1113): I/===> bool ulp_quipc_engine_running() line 60 
E/LocSvc_libulp( 1113): D/bool ulp_quipc_engine_running(), quipc state = 0
E/LocSvc_libulp( 1113): I/===> int ulp_brain_turn_onoff_gnp_provider() line 496 
E/LocSvc_libulp( 1113): D/bool ulp_gnss_engine_running(), gnss state = 0
E/LocSvc_libulp( 1113): I/===> bool ulp_quipc_engine_running() line 60 
E/LocSvc_libulp( 1113): D/bool ulp_quipc_engine_running(), quipc state = 0
E/LocSvc_libulp( 1113): D/int ulp_brain_turn_onoff_gnp_provider(), gnp enabled = 1, gnp selected to run = 0, onoff cnt = 1, request active = 0,gnss running 0, gnss state 0 quipc running 0
E/LocSvc_libulp( 1113): I/===> bool ulp_gnp_engine_running() line 59 
E/LocSvc_libulp( 1113): I/===> int ulp_gnp_stop_engine() line 195 
E/LocSvc_libulp( 1113): I/===> bool ulp_gnp_engine_running() line 59 
E/LocSvc_libulp( 1113): D/int ulp_gnp_stop_engine(), gnp state = 0, ulp_gnp_engine_running () = 0
E/LocSvc_libulp( 1113): I/===> bool ulp_gnp_engine_running() line 59 
E/LocSvc_libulp( 1113): I/===> bool ulp_gnp_engine_running() line 59 
E/LocSvc_libulp( 1113): I/===> int ulp_brain_turn_onoff_zpp_provider() line 437 
E/LocSvc_libulp( 1113): D/int ulp_brain_turn_onoff_zpp_provider(), zpp enabled = 1, zpp selected to run = 1, onoff cnt = 1
E/LocSvc_libulp( 1113): I/===> int ulp_zpp_start_engine() line 98 
E/LocSvc_libulp( 1113): I/===> bool ulp_zpp_engine_running() line 62 
E/LocSvc_libulp( 1113): D/int ulp_zpp_start_engine(), zpp state = 0, ulp_zpp_engine_running () = 0
E/LocSvc_libulp( 1113): I/===> bool ulp_zpp_engine_running() line 62 
E/LocSvc_utils_q( 1113): D/msg_q_snd: Sending message with handle = 0x5D1A9600
E/LocSvc_utils_ll( 1113): D/linked_list_add: Adding to list data_obj = 0x5D1A9600
E/LocSvc_utils_q( 1113): D/msg_q_snd: Finished Sending message with handle = 0x5D1A9600
E/LocSvc_libulp( 1113): I/===> int ulp_msg_process_start_req() line 470 
E/LocSvc_libulp( 1113): I/int ulp_msg_process_start_req(), at ulp state = 1
E/LocSvc_utils_q( 1113): D/msg_q_rcv: Waiting on message
E/LocSvc_utils_ll( 1113): D/linked_list_remove: Removing from list
E/LocSvc_utils_q( 1113): D/msg_q_rcv: Received message 0x5D1A9600 rv = 0
E/LocSvc_ApiV02( 1113): D/virtual loc_api_adapter_err LocApiV02::getBestAvailableZppFix(GpsLocation&, LocPosTechMask&):3005]: Get ZPP Fix from best available source
E/LocSvc_api_v02( 1113): I/---> locClientSendReq line 2065 QMI_LOC_GET_BEST_AVAILABLE_POSITION_REQ_V02
E/LocSvc_ApiV02( 1113): I/<--- void globalRespCb(locClientHandleType, uint32_t, locClientRespIndUnionType, void*) line 111 QMI_LOC_GET_BEST_AVAILABLE_POSITION_REQ_V02
E/LocSvc_api_v02( 1113): D/loc_free_slot:299]: freeing slot 0
E/LocSvc_ApiV02( 1113): D/Got Zpp fix location validity (lat:1, lon:1, timestamp:1 accuracy:1) (39.9273020, 116.4522930), timestamp 1480300041700, accuracy 216816.921875
E/LocSvc_utils_q( 1113): D/msg_q_snd: Sending message with handle = 0x4FE66200
E/LocSvc_utils_ll( 1113): D/linked_list_add: Adding to list data_obj = 0x4FE66200
E/LocSvc_utils_q( 1113): D/msg_q_snd: Finished Sending message with handle = 0x4FE66200
E/LocSvc_MsgTask( 1113): D/MsgTask::loop() 50474 listening ...
E/LocSvc_utils_q( 1113): D/msg_q_rcv: Waiting on message
E/LocSvc_utils_ll( 1113): D/linked_list_remove: Removing from list
E/LocSvc_utils_q( 1113): D/msg_q_rcv: Received message 0x4FE66200 rv = 0
E/LocSvc_libulp( 1113): D/void ulp_msg_main(void*) received msg of type: 0x60d
E/LocSvc_libulp( 1113): I/===> int ulp_brain_process_zpp_position_report(loc_sess_status, LocPosTechMask, const UlpLocation*) line 1463 
E/LocSvc_libulp( 1113): I/===> int ulp_msg_send_generic_position_report(loc_sess_status, LocPosTechMask, const UlpLocation*, const GpsLocationExtended*, const void*) line 1083 
D/Ulp_jni ( 1113): Location CB invoked
E/LocSvc_libulp( 1113): I/int ulp_brain_process_zpp_position_report(loc_sess_status, LocPosTechMask, const UlpLocation*), report ZPP position to providers,report_position = 1
E/LocSvc_libulp( 1113): I/===> int ulp_brain_select_providers() line 333 
E/LocSvc_libulp( 1113): I/===> int ulp_brain_turn_onoff_quipc_provider() line 700 
E/LocSvc_libulp( 1113): D/int ulp_brain_turn_onoff_quipc_provider(), quipc enabled = 0, selected to run 0, onoff cnt = 5
E/LocSvc_libulp( 1113): I/===> int ulp_quipc_stop_engine() line 235 
E/LocSvc_libulp( 1113): D/int ulp_quipc_stop_engine(): ulp_quipc_inf is NULL 
E/LocSvc_libulp( 1113): I/===> bool ulp_quipc_engine_running() line 60 
E/LocSvc_libulp( 1113): D/bool ulp_quipc_engine_running(), quipc state = 0
E/LocSvc_libulp( 1113): I/===> int ulp_brain_turn_onoff_gnss_provider() line 595 
E/LocSvc_libulp( 1113): D/int ulp_brain_turn_onoff_gnss_provider(), gnss enabled = 1, gnss selected to run = 0, onoff cnt = 5, new request active = 0
E/LocSvc_libulp( 1113): I/===> int ulp_gnss_stop_engine() line 262 
E/LocSvc_libulp( 1113): D/int ulp_gnss_stop_engine(), gnss state = 0
E/LocSvc_libulp( 1113): D/bool ulp_gnss_engine_running(), gnss state = 0
E/LocSvc_libulp( 1113): D/bool ulp_gnss_engine_running(), gnss state = 0
E/LocSvc_libulp( 1113): D/bool ulp_gnss_engine_running(), gnss state = 0
E/LocSvc_libulp( 1113): I/===> bool ulp_quipc_engine_running() line 60 
E/LocSvc_libulp( 1113): D/bool ulp_quipc_engine_running(), quipc state = 0
E/LocSvc_libulp( 1113): I/===> int ulp_brain_turn_onoff_gnp_provider() line 496 
E/LocSvc_libulp( 1113): D/bool ulp_gnss_engine_running(), gnss state = 0
E/LocSvc_libulp( 1113): I/===> bool ulp_quipc_engine_running() line 60 
E/LocSvc_libulp( 1113): D/bool ulp_quipc_engine_running(), quipc state = 0
E/LocSvc_libulp( 1113): D/int ulp_brain_turn_onoff_gnp_provider(), gnp enabled = 1, gnp selected to run = 0, onoff cnt = 1, request active = 0,gnss running 0, gnss state 0 quipc running 0
E/LocSvc_libulp( 1113): I/===> bool ulp_gnp_engine_running() line 59 
E/LocSvc_libulp( 1113): I/===> int ulp_gnp_stop_engine() line 195 
E/LocSvc_libulp( 1113): I/===> bool ulp_gnp_engine_running() line 59 
E/LocSvc_libulp( 1113): D/int ulp_gnp_stop_engine(), gnp state = 0, ulp_gnp_engine_running () = 0
E/LocSvc_libulp( 1113): I/===> bool ulp_gnp_engine_running() line 59 
E/LocSvc_libulp( 1113): I/===> bool ulp_gnp_engine_running() line 59 
E/LocSvc_libulp( 1113): I/===> int ulp_brain_turn_onoff_zpp_provider() line 437 
E/LocSvc_libulp( 1113): D/int ulp_brain_turn_onoff_zpp_provider(), zpp enabled = 1, zpp selected to run = 0, onoff cnt = 1
E/LocSvc_libulp( 1113): I/===> int ulp_zpp_stop_engine() line 174 
E/LocSvc_libulp( 1113): I/===> bool ulp_zpp_engine_running() line 62 
E/LocSvc_libulp( 1113): D/int ulp_zpp_stop_engine(), zpp state = 1, ulp_zpp_engine_running () = 1
E/LocSvc_libulp( 1113): I/===> bool ulp_zpp_engine_running() line 62 
E/LocSvc_utils_q( 1113): D/msg_q_rcv: Waiting on message
D/DatabaseTaskManager(10402): Cleaned 0 long time unfinished task
D/DatabaseTaskManager(10402): get 0 task to run
I/AD-PLUGIN-Battery( 7775): level :59
I/InfoCollectManager( 5034): ACTION:android.intent.action.BATTERY_CHANGED
E/LocSvc_libulp( 1113): D/void* ulp_zpp_thread_proc(void*),ulp_zpp_thread_proc-Thread waking up. Ret Val 110
E/LocSvc_utils_q( 1113): D/msg_q_snd: Sending message with handle = 0x4AFFF300
E/LocSvc_utils_ll( 1113): D/linked_list_add: Adding to list data_obj = 0x4AFFF300
E/LocSvc_utils_q( 1113): D/msg_q_snd: Finished Sending message with handle = 0x4AFFF300
E/LocSvc_libulp( 1113): D/void* ulp_zpp_thread_proc(void*),ulp_zpp_thread_proc-Present time 1480300036, Time out set for abs time 1480300046 with delay 10000 msec
E/LocSvc_utils_ll( 1113): D/linked_list_remove: Removing from list
E/LocSvc_utils_q( 1113): D/msg_q_rcv: Received message 0x4AFFF300 rv = 0
E/LocSvc_libulp( 1113): D/void ulp_msg_main(void*) received msg of type: 0x610
E/LocSvc_libulp( 1113): I/===> int ulp_msg_process_system_update(UlpSystemEvent) line 1577 
E/LocSvc_libulp( 1113): I/int ulp_msg_process_system_update(UlpSystemEvent): systemEvent:5 
E/LocSvc_libulp( 1113): I/===> int ulp_brain_process_system_update(UlpSystemEvent) line 2352 
E/LocSvc_libulp( 1113): D/int ulp_brain_process_system_update(UlpSystemEvent): ulp_started = 1, phone context type = 0x57systemEvent = 5 threshold = 10000
E/LocSvc_libulp( 1113): D/int ulp_brain_process_system_update(UlpSystemEvent): system_event_arrival_time:439674996 current_time_msec: 439684997  time elapsed :10001 threshold :10000
E/LocSvc_libulp( 1113): I/===> int ulp_brain_select_providers() line 333 
E/LocSvc_libulp( 1113): I/===> int ulp_brain_turn_onoff_quipc_provider() line 700 
E/LocSvc_libulp( 1113): D/int ulp_brain_turn_onoff_quipc_provider(), quipc enabled = 0, selected to run 0, onoff cnt = 5
E/LocSvc_libulp( 1113): I/===> int ulp_quipc_stop_engine() line 235 
E/LocSvc_libulp( 1113): D/int ulp_quipc_stop_engine(): ulp_quipc_inf is NULL 
E/LocSvc_libulp( 1113): I/===> bool ulp_quipc_engine_running() line 60 
E/LocSvc_libulp( 1113): D/bool ulp_quipc_engine_running(), quipc state = 0
E/LocSvc_libulp( 1113): I/===> int ulp_brain_turn_onoff_gnss_provider() line 595 
