W/ResourcesManager(32016): Asset path '/system/framework/cloud-common.jar' does not exist or contains no resources.
W/ResourcesManager(32016): Asset path '/system/framework/miuistatssdkshared.jar' does not exist or contains no resources.
W/ResourcesManager(32016): Asset path '/system/framework/miuipushsdkshared.jar' does not exist or contains no resources.
W/ActivityThread(32016): ClassLoader.loadClass: The class loader returned by Thread.getContextClassLoader() may fail for processes that host multiple applications. You should explicitly specify a context class loader. For example: Thread.setContextClassLoader(getClass().getClassLoader());
W/ContextImpl(32016): Calling a method in the system process without a qualified user: android.app.ContextImpl.startService:1707 android.content.ContextWrapper.startService:526 miui.core.SdkManager$1.run:189 android.os.Handler.handleCallback:739 android.os.Handler.dispatchMessage:95 
D/WifiService( 1113): New client listening to asynchronous messages
I/ActivityManager( 1113): Killing 31112:com.xiaomi.market/u0a57 (adj 15): empty #17
D/ActivityManagerInjector( 1113): com.xiaomi.market is killed by AMS with adj 15 ,do not allow restart
D/ActivityManager( 1113): cleanUpApplicationRecord -- 31112
W/ActivityManager( 1113): getRunningAppProcesses: caller 10086 does not hold REAL_GET_TASKS; limiting output
W/ActivityManager( 1113): getRunningAppProcesses: caller 10086 does not hold REAL_GET_TASKS; limiting output
W/ActivityManager( 1113): getRunningAppProcesses: caller 10086 does not hold REAL_GET_TASKS; limiting output
W/ActivityManager( 1113): getRunningAppProcesses: caller 10086 does not hold REAL_GET_TASKS; limiting output
W/ActivityManager( 1113): getRunningAppProcesses: caller 10086 does not hold REAL_GET_TASKS; limiting output
W/ActivityManager( 1113): getRunningAppProcesses: caller 10086 does not hold REAL_GET_TASKS; limiting output
W/ActivityManager( 1113): getRunningAppProcesses: caller 10086 does not hold REAL_GET_TASKS; limiting output
W/ActivityManager( 1113): getRunningAppProcesses: caller 10086 does not hold REAL_GET_TASKS; limiting output
W/ActivityManager( 1113): getRunningAppProcesses: caller 10086 does not hold REAL_GET_TASKS; limiting output
W/ActivityManager( 1113): getTasks: caller 10086 does not hold REAL_GET_TASKS; limiting output
W/ActivityManager( 1113): getRunningAppProcesses: caller 10086 does not hold REAL_GET_TASKS; limiting output
W/ActivityManager( 1113): getRunningAppProcesses: caller 10086 does not hold REAL_GET_TASKS; limiting output
D/AlarmManagerServiceInjector( 1113):  alarm Alarm{37e19dd0 type 0 when 1480298353582 com.xiaomi.xmsf}is aligned leader, now sending all pending alarm
D/AlarmManagerServiceInjector( 1113): alarm remove: Alarm{37e19dd0 type 0 when 1480298353582 com.xiaomi.xmsf}
D/AlarmManagerServiceInjector( 1113): alarm Alarm{37e19dd0 type 0 when 1480298353582 com.xiaomi.xmsf}is add to triggerlist 
W/ActivityManager( 1113): getRunningAppProcesses: caller 10086 does not hold REAL_GET_TASKS; limiting output
E/NetlinkEvent(  450): NetlinkEvent::FindParam(): Parameter 'ALERT_NAME' not found
E/NetlinkEvent(  417): NetlinkEvent::FindParam(): Parameter 'ALERT_NAME' not found
E/NetlinkEvent(  417): NetlinkEvent::FindParam(): Parameter 'ALERT_NAME' not found
E/NetlinkEvent(  450): NetlinkEvent::FindParam(): Parameter 'ALERT_NAME' not found
W/ActivityManager( 1113): getRunningAppProcesses: caller 10086 does not hold REAL_GET_TASKS; limiting output
I/AutoStartManagerService( 1113): MIUILOG- Reject service :Intent { act=android.content.SyncAdapter cmp=com.youku.phone/com.youku.service.authentication.SyncService (has extras) } userId : 0 uid : 10402
I/PowerManagerService( 1113): Going to sleep due to screen timeout (uid 1000)...
I/DisplayManagerService( 1113): Display device changed: DisplayDeviceInfo{"内置屏幕": uniqueId="local:0", 1440 x 2560, 60.0 fps, supportedRefreshRates [60.0], density 640, 515.154 x 516.063 dpi, appVsyncOff 0, presDeadline 17666667, touch INTERNAL, rotation 0, type BUILT_IN, state OFF, FLAG_DEFAULT_DISPLAY, FLAG_ROTATES_WITH_CONTENT, FLAG_SECURE, FLAG_SUPPORTS_PROTECTED_BUFFERS}
W/DreamManagerService( 1113): Dream ComponentInfo{com.android.systemui/com.android.systemui.doze.DozeService} does not exist
I/PowerManagerService( 1113): Sleeping (uid 1000)...
W/ContextImpl( 3604): Calling a method in the system process without a qualified user: android.app.ContextImpl.bindService:1771 android.content.ContextWrapper.bindService:549 android.content.ContextWrapper.bindService:549 miui.maml.elements.MusicController.registerListener:72 miui.maml.elements.MusicControlScreenElement.init:691 
W/ResourcesManager( 3604): Asset path '/system/framework/android-support-v13.jar' does not exist or contains no resources.
W/ResourcesManager( 3604): Asset path '/system/framework/android-support-v7-recyclerview.jar' does not exist or contains no resources.
W/ResourcesManager( 3604): Asset path '/system/framework/zxing.jar' does not exist or contains no resources.
W/ResourcesManager( 3604): Asset path '/system/framework/miuistatssdkshared.jar' does not exist or contains no resources.
W/ActivityManager( 1113): getTasks: caller 10086 does not hold REAL_GET_TASKS; limiting output
W/ActivityManager( 1113): getTasks: caller 10086 does not hold REAL_GET_TASKS; limiting output
D/NetworkManagementService( 1113): hardware tether stats:NetworkStats: elapsedRealtime=1210268422
D/NetworkManagementService( 1113): getNetworkStatsSummaryXt:NetworkStats: elapsedRealtime=1210268423
D/NetworkManagementService( 1113):   [0] iface=rmnet_data0 uid=-1 set=ALL tag=0x0 rxBytes=11563603 rxPackets=18985 txBytes=3050940 txPackets=23393 operations=0
D/NetworkManagementService( 1113):   [1] iface=wlan0 uid=-1 set=ALL tag=0x0 rxBytes=1649553716 rxPackets=1762364 txBytes=127377089 txPackets=1465471 operations=0
D/NetworkManagementService( 1113):   [2] iface=usbnet0 uid=-1 set=ALL tag=0x0 rxBytes=0 rxPackets=0 txBytes=0 txPackets=0 operations=0
D/NetworkManagementService( 1113):   [3] iface=lo uid=-1 set=ALL tag=0x0 rxBytes=44353417 rxPackets=72862 txBytes=44353417 txPackets=72862 operations=0
D/NetworkManagementService( 1113): hardware tether stats:NetworkStats: elapsedRealtime=1210268424
D/NetworkManagementService( 1113): getNetworkStatsSummaryDev:NetworkStats: elapsedRealtime=1210268426
D/NetworkManagementService( 1113):   [0] iface=rmnet_data0 uid=-1 set=ALL tag=0x0 rxBytes=11563603 rxPackets=18985 txBytes=3151660 txPackets=23393 operations=0
D/NetworkManagementService( 1113):   [1] iface=wlan0 uid=-1 set=ALL tag=0x0 rxBytes=1654876797 rxPackets=1915690 txBytes=148561172 txPackets=1478298 operations=0
D/NetworkManagementService( 1113):   [2] iface=usbnet0 uid=-1 set=ALL tag=0x0 rxBytes=0 rxPackets=0 txBytes=0 txPackets=0 operations=0
D/NetworkManagementService( 1113):   [3] iface=lo uid=-1 set=ALL tag=0x0 rxBytes=44353417 rxPackets=72862 txBytes=44353417 txPackets=72862 operations=0
W/ContextImpl( 3940): Calling a method in the system process without a qualified user: android.app.ContextImpl.sendBroadcast:1342 android.content.ContextWrapper.sendBroadcast:387 com.miui.networkassistant.service.tm.TrafficManageService.broadCastDataUsageUpdated:-1 com.miui.networkassistant.service.tm.TrafficManageService$8.onReceive:-1 android.app.LoadedApk$ReceiverDispatcher$Args.run:868 
W/ActivityManager( 1113): getRunningAppProcesses: caller 10086 does not hold REAL_GET_TASKS; limiting output
W/ActivityManager( 1113): getRunningAppProcesses: caller 10086 does not hold REAL_GET_TASKS; limiting output
W/ActivityManager( 1113): getRunningAppProcesses: caller 10086 does not hold REAL_GET_TASKS; limiting output
W/ActivityManager( 1113): getRunningAppProcesses: caller 10086 does not hold REAL_GET_TASKS; limiting output
W/ActivityManager( 1113): getRunningAppProcesses: caller 10086 does not hold REAL_GET_TASKS; limiting output
W/ActivityManager( 1113): getRunningAppProcesses: caller 10086 does not hold REAL_GET_TASKS; limiting output
W/ActivityManager( 1113): getRunningAppProcesses: caller 10086 does not hold REAL_GET_TASKS; limiting output
W/ActivityManager( 1113): getRunningAppProcesses: caller 10086 does not hold REAL_GET_TASKS; limiting output
D/AlarmManagerServiceInjector( 1113):  alarm Alarm{9e5297e type 0 when 1480298653582 com.xiaomi.xmsf}is aligned leader, now sending all pending alarm
D/AlarmManagerServiceInjector( 1113): alarm remove: Alarm{9e5297e type 0 when 1480298653582 com.xiaomi.xmsf}
D/AlarmManagerServiceInjector( 1113): alarm Alarm{9e5297e type 0 when 1480298653582 com.xiaomi.xmsf}is add to triggerlist 
W/ActivityManager( 1113): getRunningAppProcesses: caller 10086 does not hold REAL_GET_TASKS; limiting output
E/NetlinkEvent(  450): NetlinkEvent::FindParam(): Parameter 'ALERT_NAME' not found
E/NetlinkEvent(  450): NetlinkEvent::FindParam(): Parameter 'ALERT_NAME' not found
E/NetlinkEvent(  417): NetlinkEvent::FindParam(): Parameter 'ALERT_NAME' not found
E/NetlinkEvent(  417): NetlinkEvent::FindParam(): Parameter 'ALERT_NAME' not found
W/ActivityManager( 1113): getRunningAppProcesses: caller 10086 does not hold REAL_GET_TASKS; limiting output
W/ActivityManager( 1113): getRunningAppProcesses: caller 10086 does not hold REAL_GET_TASKS; limiting output
W/ActivityManager( 1113): getRunningAppProcesses: caller 10086 does not hold REAL_GET_TASKS; limiting output
W/ActivityManager( 1113): getRunningAppProcesses: caller 10086 does not hold REAL_GET_TASKS; limiting output
W/ActivityManager( 1113): getRunningAppProcesses: caller 10086 does not hold REAL_GET_TASKS; limiting output
W/ActivityManager( 1113): getRunningAppProcesses: caller 10086 does not hold REAL_GET_TASKS; limiting output
I/ActivityManager( 1113): Start proc 32208:com.miui.cloudbackup/u0a7 for broadcast com.miui.cloudbackup/.receiver.CloudServiceVIPReceiver
W/ResourcesManager(32208): Asset path '/system/framework/protobuf.jar' does not exist or contains no resources.
W/ResourcesManager(32208): Asset path '/system/framework/cloud-common.jar' does not exist or contains no resources.
W/ActivityManager( 1113): getRunningAppProcesses: caller 10007 does not hold REAL_GET_TASKS; limiting output
W/ActivityManager( 1113): getRunningAppProcesses: caller 10007 does not hold REAL_GET_TASKS; limiting output
I/ActivityManager( 1113): Killing 31291:com.mipay.wallet/u0a55 (adj 15): empty #17
D/ActivityManagerInjector( 1113): com.mipay.wallet is killed by AMS with adj 15 ,do not allow restart
D/ActivityManager( 1113): cleanUpApplicationRecord -- 31291
W/ActivityManager( 1113): getRunningAppProcesses: caller 10086 does not hold REAL_GET_TASKS; limiting output
W/ActivityManager( 1113): getRunningAppProcesses: caller 10086 does not hold REAL_GET_TASKS; limiting output
E/NetlinkEvent(  450): NetlinkEvent::FindParam(): Parameter 'ALERT_NAME' not found
E/NetlinkEvent(  417): NetlinkEvent::FindParam(): Parameter 'ALERT_NAME' not found
E/NetlinkEvent(  450): NetlinkEvent::FindParam(): Parameter 'ALERT_NAME' not found
E/NetlinkEvent(  417): NetlinkEvent::FindParam(): Parameter 'ALERT_NAME' not found
W/ActivityManager( 1113): getRunningAppProcesses: caller 10086 does not hold REAL_GET_TASKS; limiting output
D/AlarmManagerServiceInjector( 1113):  alarm Alarm{22ed735c type 0 when 1480298953582 com.xiaomi.xmsf}is aligned leader, now sending all pending alarm
D/AlarmManagerServiceInjector( 1113): alarm remove: Alarm{22ed735c type 0 when 1480298953582 com.xiaomi.xmsf}
D/AlarmManagerServiceInjector( 1113): alarm Alarm{22ed735c type 0 when 1480298953582 com.xiaomi.xmsf}is add to triggerlist 
I/UsageStatsService( 1113): User[0] Flushing usage stats to disk
W/ActivityManager( 1113): getRunningAppProcesses: caller 10086 does not hold REAL_GET_TASKS; limiting output
W/ActivityManager( 1113): getRunningAppProcesses: caller 10086 does not hold REAL_GET_TASKS; limiting output
W/ActivityManager( 1113): getRunningAppProcesses: caller 10086 does not hold REAL_GET_TASKS; limiting output
W/ActivityManager( 1113): getRunningAppProcesses: caller 10086 does not hold REAL_GET_TASKS; limiting output
W/ActivityManager( 1113): getRunningAppProcesses: caller 10086 does not hold REAL_GET_TASKS; limiting output
W/ActivityManager( 1113): getRunningAppProcesses: caller 10086 does not hold REAL_GET_TASKS; limiting output
W/ActivityManager( 1113): getRunningAppProcesses: caller 10086 does not hold REAL_GET_TASKS; limiting output
W/ActivityManager( 1113): getRunningAppProcesses: caller 10086 does not hold REAL_GET_TASKS; limiting output
E/NetlinkEvent(  450): NetlinkEvent::FindParam(): Parameter 'ALERT_NAME' not found
E/NetlinkEvent(  450): NetlinkEvent::FindParam(): Parameter 'ALERT_NAME' not found
E/NetlinkEvent(  417): NetlinkEvent::FindParam(): Parameter 'ALERT_NAME' not found
E/NetlinkEvent(  417): NetlinkEvent::FindParam(): Parameter 'ALERT_NAME' not found
W/ActivityManager( 1113): getRunningAppProcesses: caller 10086 does not hold REAL_GET_TASKS; limiting output
W/ActivityManager( 1113): getRunningAppProcesses: caller 10086 does not hold REAL_GET_TASKS; limiting output
D/AlarmManagerServiceInjector( 1113):  alarm Alarm{308c6948 type 0 when 1480299253582 com.xiaomi.xmsf}is aligned leader, now sending all pending alarm
D/AlarmManagerServiceInjector( 1113): alarm remove: Alarm{308c6948 type 0 when 1480299253582 com.xiaomi.xmsf}
D/AlarmManagerServiceInjector( 1113): alarm Alarm{308c6948 type 0 when 1480299253582 com.xiaomi.xmsf}is add to triggerlist 
I/ProcessStatsService( 1113): Prepared write state in 22ms
I/ProcessStatsService( 1113): Pruning old procstats: /data/system/procstats/state-2016-11-24-19-36-22.bin
W/ActivityManager( 1113): getRunningAppProcesses: caller 10086 does not hold REAL_GET_TASKS; limiting output
W/ActivityManager( 1113): getRunningAppProcesses: caller 10086 does not hold REAL_GET_TASKS; limiting output
W/ActivityManager( 1113): getRunningAppProcesses: caller 10004 is using old GET_TASKS but privileged; allowing
W/ActivityManager( 1113): getRunningAppProcesses: caller 10086 does not hold REAL_GET_TASKS; limiting output
W/ActivityManager( 1113): getRunningAppProcesses: caller 10086 does not hold REAL_GET_TASKS; limiting output
W/ActivityManager( 1113): getRunningAppProcesses: caller 10086 does not hold REAL_GET_TASKS; limiting output
W/ActivityManager( 1113): getRunningAppProcesses: caller 10086 does not hold REAL_GET_TASKS; limiting output
W/ActivityManager( 1113): getRunningAppProcesses: caller 10086 does not hold REAL_GET_TASKS; limiting output
E/NetlinkEvent(  450): NetlinkEvent::FindParam(): Parameter 'ALERT_NAME' not found
E/NetlinkEvent(  450): NetlinkEvent::FindParam(): Parameter 'ALERT_NAME' not found
E/NetlinkEvent(  417): NetlinkEvent::FindParam(): Parameter 'ALERT_NAME' not found
E/NetlinkEvent(  417): NetlinkEvent::FindParam(): Parameter 'ALERT_NAME' not found
W/ActivityManager( 1113): getRunningAppProcesses: caller 10086 does not hold REAL_GET_TASKS; limiting output
W/ActivityManager( 1113): getRunningAppProcesses: caller 10086 does not hold REAL_GET_TASKS; limiting output
W/ActivityManager( 1113): getRunningAppProcesses: caller 10086 does not hold REAL_GET_TASKS; limiting output
D/AlarmManagerServiceInjector( 1113):  alarm Alarm{3b6df89 type 0 when 1480299553582 com.xiaomi.xmsf}is aligned leader, now sending all pending alarm
D/AlarmManagerServiceInjector( 1113): alarm remove: Alarm{3b6df89 type 0 when 1480299553582 com.xiaomi.xmsf}
D/AlarmManagerServiceInjector( 1113): alarm Alarm{3b6df89 type 0 when 1480299553582 com.xiaomi.xmsf}is add to triggerlist 
I/ActivityManager( 1113): Killing 30554:com.miui.yellowpage/u0a8 (adj 15): empty for 1815s
I/ActivityManager( 1113): Killing 31483:com.cleanmaster.sdk/u0a49 (adj 15): empty for 1837s
D/ActivityManagerInjector( 1113): com.cleanmaster.sdk is killed by AMS with adj 15 ,do not allow restart
D/ActivityManager( 1113): cleanUpApplicationRecord -- 31483
D/ActivityManagerInjector( 1113): com.miui.yellowpage is killed by AMS with adj 15 ,do not allow restart
D/ActivityManager( 1113): cleanUpApplicationRecord -- 30554
W/ActivityManager( 1113): getRunningAppProcesses: caller 10086 does not hold REAL_GET_TASKS; limiting output
W/ActivityManager( 1113): getRunningAppProcesses: caller 10086 does not hold REAL_GET_TASKS; limiting output
W/ActivityManager( 1113): getRunningAppProcesses: caller 10086 does not hold REAL_GET_TASKS; limiting output
W/ActivityManager( 1113): getRunningAppProcesses: caller 10086 does not hold REAL_GET_TASKS; limiting output
W/ActivityManager( 1113): getRunningAppProcesses: caller 10086 does not hold REAL_GET_TASKS; limiting output
W/ActivityManager( 1113): getRunningAppProcesses: caller 10086 does not hold REAL_GET_TASKS; limiting output
E/NetlinkEvent(  450): NetlinkEvent::FindParam(): Parameter 'ALERT_NAME' not found
E/NetlinkEvent(  450): NetlinkEvent::FindParam(): Parameter 'ALERT_NAME' not found
E/NetlinkEvent(  417): NetlinkEvent::FindParam(): Parameter 'ALERT_NAME' not found
E/NetlinkEvent(  417): NetlinkEvent::FindParam(): Parameter 'ALERT_NAME' not found
--------- beginning of main
E/LocSvc_libulp( 1113): I/===> bool ulp_gnp_engine_running() line 59 
E/LocSvc_libulp( 1113): I/===> int ulp_gnp_stop_engine() line 195 
E/LocSvc_libulp( 1113): I/===> bool ulp_gnp_engine_running() line 59 
E/LocSvc_libulp( 1113): D/int ulp_gnp_stop_engine(), gnp state = 0, ulp_gnp_engine_running () = 0
E/LocSvc_libulp( 1113): I/===> bool ulp_gnp_engine_running() line 59 
E/LocSvc_libulp( 1113): I/===> bool ulp_gnp_engine_running() line 59 
E/LocSvc_libulp( 1113): I/===> int ulp_brain_turn_onoff_zpp_provider() line 437 
E/LocSvc_libulp( 1113): D/int ulp_brain_turn_onoff_zpp_provider(), zpp enabled = 1, zpp selected to run = 1, onoff cnt = 1
E/LocSvc_libulp( 1113): I/===> int ulp_zpp_start_engine() line 98 
E/LocSvc_libulp( 1113): I/===> bool ulp_zpp_engine_running() line 62 
E/LocSvc_libulp( 1113): D/int ulp_zpp_start_engine(), zpp state = 0, ulp_zpp_engine_running () = 0
E/LocSvc_libulp( 1113): I/===> bool ulp_zpp_engine_running() line 62 
E/LocSvc_utils_q( 1113): D/msg_q_snd: Sending message with handle = 0x5D1A9750
E/LocSvc_utils_ll( 1113): D/linked_list_add: Adding to list data_obj = 0x5D1A9750
E/LocSvc_utils_q( 1113): D/msg_q_snd: Finished Sending message with handle = 0x5D1A9750
E/LocSvc_libulp( 1113): I/===> int ulp_msg_process_start_req() line 470 
E/LocSvc_libulp( 1113): I/int ulp_msg_process_start_req(), at ulp state = 1
E/LocSvc_utils_q( 1113): D/msg_q_rcv: Waiting on message
E/LocSvc_utils_ll( 1113): D/linked_list_remove: Removing from list
E/LocSvc_utils_q( 1113): D/msg_q_rcv: Received message 0x5D1A9750 rv = 0
E/LocSvc_ApiV02( 1113): D/virtual loc_api_adapter_err LocApiV02::getBestAvailableZppFix(GpsLocation&, LocPosTechMask&):3005]: Get ZPP Fix from best available source
E/LocSvc_api_v02( 1113): I/---> locClientSendReq line 2065 QMI_LOC_GET_BEST_AVAILABLE_POSITION_REQ_V02
E/LocSvc_ApiV02( 1113): I/<--- void globalRespCb(locClientHandleType, uint32_t, locClientRespIndUnionType, void*) line 111 QMI_LOC_GET_BEST_AVAILABLE_POSITION_REQ_V02
E/LocSvc_api_v02( 1113): D/loc_free_slot:299]: freeing slot 0
E/LocSvc_ApiV02( 1113): D/Got Zpp fix location validity (lat:1, lon:1, timestamp:1 accuracy:1) (39.9273020, 116.4522930), timestamp 1480299761600, accuracy 184102.921875
E/LocSvc_utils_q( 1113): D/msg_q_snd: Sending message with handle = 0x4FE62380
E/LocSvc_utils_ll( 1113): D/linked_list_add: Adding to list data_obj = 0x4FE62380
E/LocSvc_utils_q( 1113): D/msg_q_snd: Finished Sending message with handle = 0x4FE62380
E/LocSvc_MsgTask( 1113): D/MsgTask::loop() 50446 listening ...
E/LocSvc_utils_q( 1113): D/msg_q_rcv: Waiting on message
E/LocSvc_utils_ll( 1113): D/linked_list_remove: Removing from list
E/LocSvc_utils_q( 1113): D/msg_q_rcv: Received message 0x4FE62380 rv = 0
E/LocSvc_libulp( 1113): D/void ulp_msg_main(void*) received msg of type: 0x60d
E/LocSvc_libulp( 1113): I/===> int ulp_brain_process_zpp_position_report(loc_sess_status, LocPosTechMask, const UlpLocation*) line 1463 
E/LocSvc_libulp( 1113): I/===> int ulp_msg_send_generic_position_report(loc_sess_status, LocPosTechMask, const UlpLocation*, const GpsLocationExtended*, const void*) line 1083 
D/Ulp_jni ( 1113): Location CB invoked
E/LocSvc_libulp( 1113): I/int ulp_brain_process_zpp_position_report(loc_sess_status, LocPosTechMask, const UlpLocation*), report ZPP position to providers,report_position = 1
E/LocSvc_libulp( 1113): I/===> int ulp_brain_select_providers() line 333 
E/LocSvc_libulp( 1113): I/===> int ulp_brain_turn_onoff_quipc_provider() line 700 
E/LocSvc_libulp( 1113): D/int ulp_brain_turn_onoff_quipc_provider(), quipc enabled = 0, selected to run 0, onoff cnt = 5
E/LocSvc_libulp( 1113): I/===> int ulp_quipc_stop_engine() line 235 
E/LocSvc_libulp( 1113): D/int ulp_quipc_stop_engine(): ulp_quipc_inf is NULL 
E/LocSvc_libulp( 1113): I/===> bool ulp_quipc_engine_running() line 60 
E/LocSvc_libulp( 1113): D/bool ulp_quipc_engine_running(), quipc state = 0
E/LocSvc_libulp( 1113): I/===> int ulp_brain_turn_onoff_gnss_provider() line 595 
E/LocSvc_libulp( 1113): D/int ulp_brain_turn_onoff_gnss_provider(), gnss enabled = 1, gnss selected to run = 0, onoff cnt = 5, new request active = 0
E/LocSvc_libulp( 1113): I/===> int ulp_gnss_stop_engine() line 262 
E/LocSvc_libulp( 1113): D/int ulp_gnss_stop_engine(), gnss state = 0
E/LocSvc_libulp( 1113): D/bool ulp_gnss_engine_running(), gnss state = 0
E/LocSvc_libulp( 1113): D/bool ulp_gnss_engine_running(), gnss state = 0
E/LocSvc_libulp( 1113): D/bool ulp_gnss_engine_running(), gnss state = 0
E/LocSvc_libulp( 1113): I/===> bool ulp_quipc_engine_running() line 60 
E/LocSvc_libulp( 1113): D/bool ulp_quipc_engine_running(), quipc state = 0
E/LocSvc_libulp( 1113): I/===> int ulp_brain_turn_onoff_gnp_provider() line 496 
E/LocSvc_libulp( 1113): D/bool ulp_gnss_engine_running(), gnss state = 0
E/LocSvc_libulp( 1113): I/===> bool ulp_quipc_engine_running() line 60 
E/LocSvc_libulp( 1113): D/bool ulp_quipc_engine_running(), quipc state = 0
E/LocSvc_libulp( 1113): D/int ulp_brain_turn_onoff_gnp_provider(), gnp enabled = 1, gnp selected to run = 0, onoff cnt = 1, request active = 0,gnss running 0, gnss state 0 quipc running 0
E/LocSvc_libulp( 1113): I/===> bool ulp_gnp_engine_running() line 59 
E/LocSvc_libulp( 1113): I/===> int ulp_gnp_stop_engine() line 195 
E/LocSvc_libulp( 1113): I/===> bool ulp_gnp_engine_running() line 59 
E/LocSvc_libulp( 1113): D/int ulp_gnp_stop_engine(), gnp state = 0, ulp_gnp_engine_running () = 0
E/LocSvc_libulp( 1113): I/===> bool ulp_gnp_engine_running() line 59 
E/LocSvc_libulp( 1113): I/===> bool ulp_gnp_engine_running() line 59 
E/LocSvc_libulp( 1113): I/===> int ulp_brain_turn_onoff_zpp_provider() line 437 
E/LocSvc_libulp( 1113): D/int ulp_brain_turn_onoff_zpp_provider(), zpp enabled = 1, zpp selected to run = 0, onoff cnt = 1
E/LocSvc_libulp( 1113): I/===> int ulp_zpp_stop_engine() line 174 
E/LocSvc_libulp( 1113): I/===> bool ulp_zpp_engine_running() line 62 
E/LocSvc_libulp( 1113): D/int ulp_zpp_stop_engine(), zpp state = 1, ulp_zpp_engine_running () = 1
E/LocSvc_libulp( 1113): I/===> bool ulp_zpp_engine_running() line 62 
E/LocSvc_utils_q( 1113): D/msg_q_rcv: Waiting on message
W/ActivityManager( 1113): getRunningAppProcesses: caller 10086 does not hold REAL_GET_TASKS; limiting output
E/LocSvc_libulp( 1113): D/void* ulp_zpp_thread_proc(void*),ulp_zpp_thread_proc-Thread waking up. Ret Val 110
E/LocSvc_utils_q( 1113): D/msg_q_snd: Sending message with handle = 0x4AFFFE60
E/LocSvc_utils_ll( 1113): D/linked_list_add: Adding to list data_obj = 0x4AFFFE60
E/LocSvc_utils_q( 1113): D/msg_q_snd: Finished Sending message with handle = 0x4AFFFE60
E/LocSvc_libulp( 1113): D/void* ulp_zpp_thread_proc(void*),ulp_zpp_thread_proc-Present time 1480299756, Time out set for abs time 1480299766 with delay 10000 msec
E/LocSvc_utils_ll( 1113): D/linked_list_remove: Removing from list
E/LocSvc_utils_q( 1113): D/msg_q_rcv: Received message 0x4AFFFE60 rv = 0
E/LocSvc_libulp( 1113): D/void ulp_msg_main(void*) received msg of type: 0x610
E/LocSvc_libulp( 1113): I/===> int ulp_msg_process_system_update(UlpSystemEvent) line 1577 
E/LocSvc_libulp( 1113): I/int ulp_msg_process_system_update(UlpSystemEvent): systemEvent:5 
E/LocSvc_libulp( 1113): I/===> int ulp_brain_process_system_update(UlpSystemEvent) line 2352 
E/LocSvc_libulp( 1113): D/int ulp_brain_process_system_update(UlpSystemEvent): ulp_started = 1, phone context type = 0x57systemEvent = 5 threshold = 10000
E/LocSvc_libulp( 1113): D/int ulp_brain_process_system_update(UlpSystemEvent): system_event_arrival_time:439394966 current_time_msec: 439404969  time elapsed :10003 threshold :10000
E/LocSvc_libulp( 1113): I/===> int ulp_brain_select_providers() line 333 
E/LocSvc_libulp( 1113): I/===> int ulp_brain_turn_onoff_quipc_provider() line 700 
E/LocSvc_libulp( 1113): D/int ulp_brain_turn_onoff_quipc_provider(), quipc enabled = 0, selected to run 0, onoff cnt = 5
E/LocSvc_libulp( 1113): I/===> int ulp_quipc_stop_engine() line 235 
E/LocSvc_libulp( 1113): D/int ulp_quipc_stop_engine(): ulp_quipc_inf is NULL 
E/LocSvc_libulp( 1113): I/===> bool ulp_quipc_engine_running() line 60 
E/LocSvc_libulp( 1113): D/bool ulp_quipc_engine_running(), quipc state = 0
E/LocSvc_libulp( 1113): I/===> int ulp_brain_turn_onoff_gnss_provider() line 595 
E/LocSvc_libulp( 1113): D/int ulp_brain_turn_onoff_gnss_provider(), gnss enabled = 1, gnss selected to run = 0, onoff cnt = 5, new request active = 0
E/LocSvc_libulp( 1113): I/===> int ulp_gnss_stop_engine() line 262 
E/LocSvc_libulp( 1113): D/int ulp_gnss_stop_engine(), gnss state = 0
E/LocSvc_libulp( 1113): D/bool ulp_gnss_engine_running(), gnss state = 0
E/LocSvc_libulp( 1113): D/bool ulp_gnss_engine_running(), gnss state = 0
E/LocSvc_libulp( 1113): D/bool ulp_gnss_engine_running(), gnss state = 0
E/LocSvc_libulp( 1113): I/===> bool ulp_quipc_engine_running() line 60 
E/LocSvc_libulp( 1113): D/bool ulp_quipc_engine_running(), quipc state = 0
E/LocSvc_libulp( 1113): I/===> int ulp_brain_turn_onoff_gnp_provider() line 496 
E/LocSvc_libulp( 1113): D/bool ulp_gnss_engine_running(), gnss state = 0
E/LocSvc_libulp( 1113): I/===> bool ulp_quipc_engine_running() line 60 
E/LocSvc_libulp( 1113): D/bool ulp_quipc_engine_running(), quipc state = 0
E/LocSvc_libulp( 1113): D/int ulp_brain_turn_onoff_gnp_provider(), gnp enabled = 1, gnp selected to run = 0, onoff cnt = 1, request active = 0,gnss running 0, gnss state 0 quipc running 0
E/LocSvc_libulp( 1113): I/===> bool ulp_gnp_engine_running() line 59 
E/LocSvc_libulp( 1113): I/===> int ulp_gnp_stop_engine() line 195 
E/LocSvc_libulp( 1113): I/===> bool ulp_gnp_engine_running() line 59 
E/LocSvc_libulp( 1113): D/int ulp_gnp_stop_engine(), gnp state = 0, ulp_gnp_engine_running () = 0
E/LocSvc_libulp( 1113): I/===> bool ulp_gnp_engine_running() line 59 
E/LocSvc_libulp( 1113): I/===> bool ulp_gnp_engine_running() line 59 
E/LocSvc_libulp( 1113): I/===> int ulp_brain_turn_onoff_zpp_provider() line 437 
E/LocSvc_libulp( 1113): D/int ulp_brain_turn_onoff_zpp_provider(), zpp enabled = 1, zpp selected to run = 1, onoff cnt = 1
E/LocSvc_libulp( 1113): I/===> int ulp_zpp_start_engine() line 98 
E/LocSvc_libulp( 1113): I/===> bool ulp_zpp_engine_running() line 62 
E/LocSvc_libulp( 1113): D/int ulp_zpp_start_engine(), zpp state = 0, ulp_zpp_engine_running () = 0
E/LocSvc_libulp( 1113): I/===> bool ulp_zpp_engine_running() line 62 
E/LocSvc_utils_q( 1113): D/msg_q_snd: Sending message with handle = 0x5D1A9790
E/LocSvc_utils_ll( 1113): D/linked_list_add: Adding to list data_obj = 0x5D1A9790
E/LocSvc_utils_q( 1113): D/msg_q_snd: Finished Sending message with handle = 0x5D1A9790
E/LocSvc_libulp( 1113): I/===> int ulp_msg_process_start_req() line 470 
E/LocSvc_libulp( 1113): I/int ulp_msg_process_start_req(), at ulp state = 1
E/LocSvc_utils_q( 1113): D/msg_q_rcv: Waiting on message
E/LocSvc_utils_ll( 1113): D/linked_list_remove: Removing from list
E/LocSvc_utils_q( 1113): D/msg_q_rcv: Received message 0x5D1A9790 rv = 0
E/LocSvc_ApiV02( 1113): D/virtual loc_api_adapter_err LocApiV02::getBestAvailableZppFix(GpsLocation&, LocPosTechMask&):3005]: Get ZPP Fix from best available source
E/LocSvc_api_v02( 1113): I/---> locClientSendReq line 2065 QMI_LOC_GET_BEST_AVAILABLE_POSITION_REQ_V02
E/LocSvc_ApiV02( 1113): I/<--- void globalRespCb(locClientHandleType, uint32_t, locClientRespIndUnionType, void*) line 111 QMI_LOC_GET_BEST_AVAILABLE_POSITION_REQ_V02
E/LocSvc_api_v02( 1113): D/loc_free_slot:299]: freeing slot 0
E/LocSvc_ApiV02( 1113): D/Got Zpp fix location validity (lat:1, lon:1, timestamp:1 accuracy:1) (39.9273020, 116.4522930), timestamp 1480299771600, accuracy 185272.078125
E/LocSvc_utils_q( 1113): D/msg_q_snd: Sending message with handle = 0x4FE62600
E/LocSvc_utils_ll( 1113): D/linked_list_add: Adding to list data_obj = 0x4FE62600
E/LocSvc_utils_q( 1113): D/msg_q_snd: Finished Sending message with handle = 0x4FE62600
E/LocSvc_MsgTask( 1113): D/MsgTask::loop() 50447 listening ...
E/LocSvc_utils_q( 1113): D/msg_q_rcv: Waiting on message
E/LocSvc_utils_ll( 1113): D/linked_list_remove: Removing from list
E/LocSvc_utils_q( 1113): D/msg_q_rcv: Received message 0x4FE62600 rv = 0
E/LocSvc_libulp( 1113): D/void ulp_msg_main(void*) received msg of type: 0x60d
E/LocSvc_libulp( 1113): I/===> int ulp_brain_process_zpp_position_report(loc_sess_status, LocPosTechMask, const UlpLocation*) line 1463 
E/LocSvc_libulp( 1113): I/===> int ulp_msg_send_generic_position_report(loc_sess_status, LocPosTechMask, const UlpLocation*, const GpsLocationExtended*, const void*) line 1083 
D/Ulp_jni ( 1113): Location CB invoked
E/LocSvc_libulp( 1113): I/int ulp_brain_process_zpp_position_report(loc_sess_status, LocPosTechMask, const UlpLocation*), report ZPP position to providers,report_position = 1
E/LocSvc_libulp( 1113): I/===> int ulp_brain_select_providers() line 333 
E/LocSvc_libulp( 1113): I/===> int ulp_brain_turn_onoff_quipc_provider() line 700 
E/LocSvc_libulp( 1113): D/int ulp_brain_turn_onoff_quipc_provider(), quipc enabled = 0, selected to run 0, onoff cnt = 5
E/LocSvc_libulp( 1113): I/===> int ulp_quipc_stop_engine() line 235 
E/LocSvc_libulp( 1113): D/int ulp_quipc_stop_engine(): ulp_quipc_inf is NULL 
E/LocSvc_libulp( 1113): I/===> bool ulp_quipc_engine_running() line 60 
E/LocSvc_libulp( 1113): D/bool ulp_quipc_engine_running(), quipc state = 0
E/LocSvc_libulp( 1113): I/===> int ulp_brain_turn_onoff_gnss_provider() line 595 
E/LocSvc_libulp( 1113): D/int ulp_brain_turn_onoff_gnss_provider(), gnss enabled = 1, gnss selected to run = 0, onoff cnt = 5, new request active = 0
E/LocSvc_libulp( 1113): I/===> int ulp_gnss_stop_engine() line 262 
E/LocSvc_libulp( 1113): D/int ulp_gnss_stop_engine(), gnss state = 0
E/LocSvc_libulp( 1113): D/bool ulp_gnss_engine_running(), gnss state = 0
E/LocSvc_libulp( 1113): D/bool ulp_gnss_engine_running(), gnss state = 0
E/LocSvc_libulp( 1113): D/bool ulp_gnss_engine_running(), gnss state = 0
E/LocSvc_libulp( 1113): I/===> bool ulp_quipc_engine_running() line 60 
E/LocSvc_libulp( 1113): D/bool ulp_quipc_engine_running(), quipc state = 0
E/LocSvc_libulp( 1113): I/===> int ulp_brain_turn_onoff_gnp_provider() line 496 
E/LocSvc_libulp( 1113): D/bool ulp_gnss_engine_running(), gnss state = 0
E/LocSvc_libulp( 1113): I/===> bool ulp_quipc_engine_running() line 60 
E/LocSvc_libulp( 1113): D/bool ulp_quipc_engine_running(), quipc state = 0
E/LocSvc_libulp( 1113): D/int ulp_brain_turn_onoff_gnp_provider(), gnp enabled = 1, gnp selected to run = 0, onoff cnt = 1, request active = 0,gnss running 0, gnss state 0 quipc running 0
E/LocSvc_libulp( 1113): I/===> bool ulp_gnp_engine_running() line 59 
E/LocSvc_libulp( 1113): I/===> int ulp_gnp_stop_engine() line 195 
E/LocSvc_libulp( 1113): I/===> bool ulp_gnp_engine_running() line 59 
E/LocSvc_libulp( 1113): D/int ulp_gnp_stop_engine(), gnp state = 0, ulp_gnp_engine_running () = 0
E/LocSvc_libulp( 1113): I/===> bool ulp_gnp_engine_running() line 59 
E/LocSvc_libulp( 1113): I/===> bool ulp_gnp_engine_running() line 59 
E/LocSvc_libulp( 1113): I/===> int ulp_brain_turn_onoff_zpp_provider() line 437 
E/LocSvc_libulp( 1113): D/int ulp_brain_turn_onoff_zpp_provider(), zpp enabled = 1, zpp selected to run = 0, onoff cnt = 1
E/LocSvc_libulp( 1113): I/===> int ulp_zpp_stop_engine() line 174 
E/LocSvc_libulp( 1113): I/===> bool ulp_zpp_engine_running() line 62 
E/LocSvc_libulp( 1113): D/int ulp_zpp_stop_engine(), zpp state = 1, ulp_zpp_engine_running () = 1
E/LocSvc_libulp( 1113): I/===> bool ulp_zpp_engine_running() line 62 
E/LocSvc_utils_q( 1113): D/msg_q_rcv: Waiting on message
E/LocSvc_libulp( 1113): D/void* ulp_zpp_thread_proc(void*),ulp_zpp_thread_proc-Thread waking up. Ret Val 110
E/LocSvc_utils_q( 1113): D/msg_q_snd: Sending message with handle = 0x4E4DBBA0
E/LocSvc_utils_ll( 1113): D/linked_list_add: Adding to list data_obj = 0x4E4DBBA0
E/LocSvc_utils_q( 1113): D/msg_q_snd: Finished Sending message with handle = 0x4E4DBBA0
E/LocSvc_utils_ll( 1113): D/linked_list_remove: Removing from list
E/LocSvc_libulp( 1113): D/void* ulp_zpp_thread_proc(void*),ulp_zpp_thread_proc-Present time 1480299766, Time out set for abs time 1480299776 with delay 10000 msec
E/LocSvc_utils_q( 1113): D/msg_q_rcv: Received message 0x4E4DBBA0 rv = 0
E/LocSvc_libulp( 1113): D/void ulp_msg_main(void*) received msg of type: 0x610
E/LocSvc_libulp( 1113): I/===> int ulp_msg_process_system_update(UlpSystemEvent) line 1577 
E/LocSvc_libulp( 1113): I/int ulp_msg_process_system_update(UlpSystemEvent): systemEvent:5 
E/LocSvc_libulp( 1113): I/===> int ulp_brain_process_system_update(UlpSystemEvent) line 2352 
E/LocSvc_libulp( 1113): D/int ulp_brain_process_system_update(UlpSystemEvent): ulp_started = 1, phone context type = 0x57systemEvent = 5 threshold = 10000
E/LocSvc_libulp( 1113): D/int ulp_brain_process_system_update(UlpSystemEvent): system_event_arrival_time:439404969 current_time_msec: 439414969  time elapsed :10000 threshold :10000
E/LocSvc_libulp( 1113): I/===> int ulp_brain_select_providers() line 333 
E/LocSvc_libulp( 1113): I/===> int ulp_brain_turn_onoff_quipc_provider() line 700 
E/LocSvc_libulp( 1113): D/int ulp_brain_turn_onoff_quipc_provider(), quipc enabled = 0, selected to run 0, onoff cnt = 5
E/LocSvc_libulp( 1113): I/===> int ulp_quipc_stop_engine() line 235 
E/LocSvc_libulp( 1113): D/int ulp_quipc_stop_engine(): ulp_quipc_inf is NULL 
E/LocSvc_libulp( 1113): I/===> bool ulp_quipc_engine_running() line 60 
E/LocSvc_libulp( 1113): D/bool ulp_quipc_engine_running(), quipc state = 0
E/LocSvc_libulp( 1113): I/===> int ulp_brain_turn_onoff_gnss_provider() line 595 
E/LocSvc_libulp( 1113): D/int ulp_brain_turn_onoff_gnss_provider(), gnss enabled = 1, gnss selected to run = 0, onoff cnt = 5, new request active = 0
E/LocSvc_libulp( 1113): I/===> int ulp_gnss_stop_engine() line 262 
E/LocSvc_libulp( 1113): D/int ulp_gnss_stop_engine(), gnss state = 0
E/LocSvc_libulp( 1113): D/bool ulp_gnss_engine_running(), gnss state = 0
E/LocSvc_libulp( 1113): D/bool ulp_gnss_engine_running(), gnss state = 0
E/LocSvc_libulp( 1113): D/bool ulp_gnss_engine_running(), gnss state = 0
E/LocSvc_libulp( 1113): I/===> bool ulp_quipc_engine_running() line 60 
E/LocSvc_libulp( 1113): D/bool ulp_quipc_engine_running(), quipc state = 0
E/LocSvc_libulp( 1113): I/===> int ulp_brain_turn_onoff_gnp_provider() line 496 
E/LocSvc_libulp( 1113): D/bool ulp_gnss_engine_running(), gnss state = 0
E/LocSvc_libulp( 1113): I/===> bool ulp_quipc_engine_running() line 60 
E/LocSvc_libulp( 1113): D/bool ulp_quipc_engine_running(), quipc state = 0
E/LocSvc_libulp( 1113): D/int ulp_brain_turn_onoff_gnp_provider(), gnp enabled = 1, gnp selected to run = 0, onoff cnt = 1, request active = 0,gnss running 0, gnss state 0 quipc running 0
E/LocSvc_libulp( 1113): I/===> bool ulp_gnp_engine_running() line 59 
E/LocSvc_libulp( 1113): I/===> int ulp_gnp_stop_engine() line 195 
E/LocSvc_libulp( 1113): I/===> bool ulp_gnp_engine_running() line 59 
E/LocSvc_libulp( 1113): D/int ulp_gnp_stop_engine(), gnp state = 0, ulp_gnp_engine_running () = 0
E/LocSvc_libulp( 1113): I/===> bool ulp_gnp_engine_running() line 59 
E/LocSvc_libulp( 1113): I/===> bool ulp_gnp_engine_running() line 59 
E/LocSvc_libulp( 1113): I/===> int ulp_brain_turn_onoff_zpp_provider() line 437 
E/LocSvc_libulp( 1113): D/int ulp_brain_turn_onoff_zpp_provider(), zpp enabled = 1, zpp selected to run = 1, onoff cnt = 1
E/LocSvc_libulp( 1113): I/===> int ulp_zpp_start_engine() line 98 
E/LocSvc_libulp( 1113): I/===> bool ulp_zpp_engine_running() line 62 
E/LocSvc_libulp( 1113): D/int ulp_zpp_start_engine(), zpp state = 0, ulp_zpp_engine_running () = 0
E/LocSvc_libulp( 1113): I/===> bool ulp_zpp_engine_running() line 62 
E/LocSvc_utils_q( 1113): D/msg_q_snd: Sending message with handle = 0x5D1A95D0
E/LocSvc_utils_ll( 1113): D/linked_list_add: Adding to list data_obj = 0x5D1A95D0
E/LocSvc_utils_q( 1113): D/msg_q_snd: Finished Sending message with handle = 0x5D1A95D0
E/LocSvc_libulp( 1113): I/===> int ulp_msg_process_start_req() line 470 
E/LocSvc_libulp( 1113): I/int ulp_msg_process_start_req(), at ulp state = 1
E/LocSvc_utils_q( 1113): D/msg_q_rcv: Waiting on message
E/LocSvc_utils_ll( 1113): D/linked_list_remove: Removing from list
E/LocSvc_utils_q( 1113): D/msg_q_rcv: Received message 0x5D1A95D0 rv = 0
E/LocSvc_ApiV02( 1113): D/virtual loc_api_adapter_err LocApiV02::getBestAvailableZppFix(GpsLocation&, LocPosTechMask&):3005]: Get ZPP Fix from best available source
E/LocSvc_api_v02( 1113): I/---> locClientSendReq line 2065 QMI_LOC_GET_BEST_AVAILABLE_POSITION_REQ_V02
E/LocSvc_ApiV02( 1113): I/<--- void globalRespCb(locClientHandleType, uint32_t, locClientRespIndUnionType, void*) line 111 QMI_LOC_GET_BEST_AVAILABLE_POSITION_REQ_V02
E/LocSvc_api_v02( 1113): D/loc_free_slot:299]: freeing slot 0
E/LocSvc_ApiV02( 1113): D/Got Zpp fix location validity (lat:1, lon:1, timestamp:1 accuracy:1) (39.9273020, 116.4522930), timestamp 1480299781600, accuracy 186440.296875
E/LocSvc_utils_q( 1113): D/msg_q_snd: Sending message with handle = 0x4FE62880
E/LocSvc_utils_ll( 1113): D/linked_list_add: Adding to list data_obj = 0x4FE62880
E/LocSvc_utils_q( 1113): D/msg_q_snd: Finished Sending message with handle = 0x4FE62880
E/LocSvc_MsgTask( 1113): D/MsgTask::loop() 50448 listening ...
E/LocSvc_utils_q( 1113): D/msg_q_rcv: Waiting on message
E/LocSvc_utils_ll( 1113): D/linked_list_remove: Removing from list
E/LocSvc_utils_q( 1113): D/msg_q_rcv: Received message 0x4FE62880 rv = 0
E/LocSvc_libulp( 1113): D/void ulp_msg_main(void*) received msg of type: 0x60d
E/LocSvc_libulp( 1113): I/===> int ulp_brain_process_zpp_position_report(loc_sess_status, LocPosTechMask, const UlpLocation*) line 1463 
E/LocSvc_libulp( 1113): I/===> int ulp_msg_send_generic_position_report(loc_sess_status, LocPosTechMask, const UlpLocation*, const GpsLocationExtended*, const void*) line 1083 
D/Ulp_jni ( 1113): Location CB invoked
E/LocSvc_libulp( 1113): I/int ulp_brain_process_zpp_position_report(loc_sess_status, LocPosTechMask, const UlpLocation*), report ZPP position to providers,report_position = 1
E/LocSvc_libulp( 1113): I/===> int ulp_brain_select_providers() line 333 
E/LocSvc_libulp( 1113): I/===> int ulp_brain_turn_onoff_quipc_provider() line 700 
E/LocSvc_libulp( 1113): D/int ulp_brain_turn_onoff_quipc_provider(), quipc enabled = 0, selected to run 0, onoff cnt = 5
E/LocSvc_libulp( 1113): I/===> int ulp_quipc_stop_engine() line 235 
E/LocSvc_libulp( 1113): D/int ulp_quipc_stop_engine(): ulp_quipc_inf is NULL 
E/LocSvc_libulp( 1113): I/===> bool ulp_quipc_engine_running() line 60 
E/LocSvc_libulp( 1113): D/bool ulp_quipc_engine_running(), quipc state = 0
E/LocSvc_libulp( 1113): I/===> int ulp_brain_turn_onoff_gnss_provider() line 595 
E/LocSvc_libulp( 1113): D/int ulp_brain_turn_onoff_gnss_provider(), gnss enabled = 1, gnss selected to run = 0, onoff cnt = 5, new request active = 0
E/LocSvc_libulp( 1113): I/===> int ulp_gnss_stop_engine() line 262 
E/LocSvc_libulp( 1113): D/int ulp_gnss_stop_engine(), gnss state = 0
E/LocSvc_libulp( 1113): D/bool ulp_gnss_engine_running(), gnss state = 0
E/LocSvc_libulp( 1113): D/bool ulp_gnss_engine_running(), gnss state = 0
E/LocSvc_libulp( 1113): D/bool ulp_gnss_engine_running(), gnss state = 0
E/LocSvc_libulp( 1113): I/===> bool ulp_quipc_engine_running() line 60 
E/LocSvc_libulp( 1113): D/bool ulp_quipc_engine_running(), quipc state = 0
E/LocSvc_libulp( 1113): I/===> int ulp_brain_turn_onoff_gnp_provider() line 496 
E/LocSvc_libulp( 1113): D/bool ulp_gnss_engine_running(), gnss state = 0
E/LocSvc_libulp( 1113): I/===> bool ulp_quipc_engine_running() line 60 
E/LocSvc_libulp( 1113): D/bool ulp_quipc_engine_running(), quipc state = 0
E/LocSvc_libulp( 1113): D/int ulp_brain_turn_onoff_gnp_provider(), gnp enabled = 1, gnp selected to run = 0, onoff cnt = 1, request active = 0,gnss running 0, gnss state 0 quipc running 0
E/LocSvc_libulp( 1113): I/===> bool ulp_gnp_engine_running() line 59 
E/LocSvc_libulp( 1113): I/===> int ulp_gnp_stop_engine() line 195 
E/LocSvc_libulp( 1113): I/===> bool ulp_gnp_engine_running() line 59 
E/LocSvc_libulp( 1113): D/int ulp_gnp_stop_engine(), gnp state = 0, ulp_gnp_engine_running () = 0
E/LocSvc_libulp( 1113): I/===> bool ulp_gnp_engine_running() line 59 
E/LocSvc_libulp( 1113): I/===> bool ulp_gnp_engine_running() line 59 
E/LocSvc_libulp( 1113): I/===> int ulp_brain_turn_onoff_zpp_provider() line 437 
E/LocSvc_libulp( 1113): D/int ulp_brain_turn_onoff_zpp_provider(), zpp enabled = 1, zpp selected to run = 0, onoff cnt = 1
E/LocSvc_libulp( 1113): I/===> int ulp_zpp_stop_engine() line 174 
E/LocSvc_libulp( 1113): I/===> bool ulp_zpp_engine_running() line 62 
E/LocSvc_libulp( 1113): D/int ulp_zpp_stop_engine(), zpp state = 1, ulp_zpp_engine_running () = 1
E/LocSvc_libulp( 1113): I/===> bool ulp_zpp_engine_running() line 62 
E/LocSvc_utils_q( 1113): D/msg_q_rcv: Waiting on message
E/LocSvc_libulp( 1113): D/void* ulp_zpp_thread_proc(void*),ulp_zpp_thread_proc-Thread waking up. Ret Val 110
E/LocSvc_utils_q( 1113): D/msg_q_snd: Sending message with handle = 0x4EF35280
E/LocSvc_utils_ll( 1113): D/linked_list_add: Adding to list data_obj = 0x4EF35280
E/LocSvc_utils_q( 1113): D/msg_q_snd: Finished Sending message with handle = 0x4EF35280
E/LocSvc_libulp( 1113): D/void* ulp_zpp_thread_proc(void*),ulp_zpp_thread_proc-Present time 1480299776, Time out set for abs time 1480299786 with delay 10000 msec
E/LocSvc_utils_ll( 1113): D/linked_list_remove: Removing from list
E/LocSvc_utils_q( 1113): D/msg_q_rcv: Received message 0x4EF35280 rv = 0
E/LocSvc_libulp( 1113): D/void ulp_msg_main(void*) received msg of type: 0x610
E/LocSvc_libulp( 1113): I/===> int ulp_msg_process_system_update(UlpSystemEvent) line 1577 
E/LocSvc_libulp( 1113): I/int ulp_msg_process_system_update(UlpSystemEvent): systemEvent:5 
E/LocSvc_libulp( 1113): I/===> int ulp_brain_process_system_update(UlpSystemEvent) line 2352 
E/LocSvc_libulp( 1113): D/int ulp_brain_process_system_update(UlpSystemEvent): ulp_started = 1, phone context type = 0x57systemEvent = 5 threshold = 10000
E/LocSvc_libulp( 1113): D/int ulp_brain_process_system_update(UlpSystemEvent): system_event_arrival_time:439414969 current_time_msec: 439424970  time elapsed :10001 threshold :10000
E/LocSvc_libulp( 1113): I/===> int ulp_brain_select_providers() line 333 
E/LocSvc_libulp( 1113): I/===> int ulp_brain_turn_onoff_quipc_provider() line 700 
E/LocSvc_libulp( 1113): D/int ulp_brain_turn_onoff_quipc_provider(), quipc enabled = 0, selected to run 0, onoff cnt = 5
E/LocSvc_libulp( 1113): I/===> int ulp_quipc_stop_engine() line 235 
E/LocSvc_libulp( 1113): D/int ulp_quipc_stop_engine(): ulp_quipc_inf is NULL 
E/LocSvc_libulp( 1113): I/===> bool ulp_quipc_engine_running() line 60 
E/LocSvc_libulp( 1113): D/bool ulp_quipc_engine_running(), quipc state = 0
E/LocSvc_libulp( 1113): I/===> int ulp_brain_turn_onoff_gnss_provider() line 595 
E/LocSvc_libulp( 1113): D/int ulp_brain_turn_onoff_gnss_provider(), gnss enabled = 1, gnss selected to run = 0, onoff cnt = 5, new request active = 0
E/LocSvc_libulp( 1113): I/===> int ulp_gnss_stop_engine() line 262 
E/LocSvc_libulp( 1113): D/int ulp_gnss_stop_engine(), gnss state = 0
E/LocSvc_libulp( 1113): D/bool ulp_gnss_engine_running(), gnss state = 0
E/LocSvc_libulp( 1113): D/bool ulp_gnss_engine_running(), gnss state = 0
E/LocSvc_libulp( 1113): D/bool ulp_gnss_engine_running(), gnss state = 0
E/LocSvc_libulp( 1113): I/===> bool ulp_quipc_engine_running() line 60 
E/LocSvc_libulp( 1113): D/bool ulp_quipc_engine_running(), quipc state = 0
E/LocSvc_libulp( 1113): I/===> int ulp_brain_turn_onoff_gnp_provider() line 496 
E/LocSvc_libulp( 1113): D/bool ulp_gnss_engine_running(), gnss state = 0
E/LocSvc_libulp( 1113): I/===> bool ulp_quipc_engine_running() line 60 
E/LocSvc_libulp( 1113): D/bool ulp_quipc_engine_running(), quipc state = 0
E/LocSvc_libulp( 1113): D/int ulp_brain_turn_onoff_gnp_provider(), gnp enabled = 1, gnp selected to run = 0, onoff cnt = 1, request active = 0,gnss running 0, gnss state 0 quipc running 0
E/LocSvc_libulp( 1113): I/===> bool ulp_gnp_engine_running() line 59 
E/LocSvc_libulp( 1113): I/===> int ulp_gnp_stop_engine() line 195 
E/LocSvc_libulp( 1113): I/===> bool ulp_gnp_engine_running() line 59 
E/LocSvc_libulp( 1113): D/int ulp_gnp_stop_engine(), gnp state = 0, ulp_gnp_engine_running () = 0
E/LocSvc_libulp( 1113): I/===> bool ulp_gnp_engine_running() line 59 
E/LocSvc_libulp( 1113): I/===> bool ulp_gnp_engine_running() line 59 
E/LocSvc_libulp( 1113): I/===> int ulp_brain_turn_onoff_zpp_provider() line 437 
E/LocSvc_libulp( 1113): D/int ulp_brain_turn_onoff_zpp_provider(), zpp enabled = 1, zpp selected to run = 1, onoff cnt = 1
E/LocSvc_libulp( 1113): I/===> int ulp_zpp_start_engine() line 98 
E/LocSvc_libulp( 1113): I/===> bool ulp_zpp_engine_running() line 62 
E/LocSvc_libulp( 1113): D/int ulp_zpp_start_engine(), zpp state = 0, ulp_zpp_engine_running () = 0
E/LocSvc_libulp( 1113): I/===> bool ulp_zpp_engine_running() line 62 
E/LocSvc_utils_q( 1113): D/msg_q_snd: Sending message with handle = 0x5D1A9600
E/LocSvc_utils_ll( 1113): D/linked_list_add: Adding to list data_obj = 0x5D1A9600
E/LocSvc_utils_q( 1113): D/msg_q_snd: Finished Sending message with handle = 0x5D1A9600
E/LocSvc_libulp( 1113): I/===> int ulp_msg_process_start_req() line 470 
E/LocSvc_libulp( 1113): I/int ulp_msg_process_start_req(), at ulp state = 1
E/LocSvc_utils_q( 1113): D/msg_q_rcv: Waiting on message
E/LocSvc_utils_ll( 1113): D/linked_list_remove: Removing from list
E/LocSvc_utils_q( 1113): D/msg_q_rcv: Received message 0x5D1A9600 rv = 0
E/LocSvc_ApiV02( 1113): D/virtual loc_api_adapter_err LocApiV02::getBestAvailableZppFix(GpsLocation&, LocPosTechMask&):3005]: Get ZPP Fix from best available source
E/LocSvc_api_v02( 1113): I/---> locClientSendReq line 2065 QMI_LOC_GET_BEST_AVAILABLE_POSITION_REQ_V02
E/LocSvc_ApiV02( 1113): I/<--- void globalRespCb(locClientHandleType, uint32_t, locClientRespIndUnionType, void*) line 111 QMI_LOC_GET_BEST_AVAILABLE_POSITION_REQ_V02
E/LocSvc_api_v02( 1113): D/loc_free_slot:299]: freeing slot 0
E/LocSvc_ApiV02( 1113): D/Got Zpp fix location validity (lat:1, lon:1, timestamp:1 accuracy:1) (39.9273020, 116.4522930), timestamp 1480299791600, accuracy 187608.531250
E/LocSvc_utils_q( 1113): D/msg_q_snd: Sending message with handle = 0x4EFB7480
E/LocSvc_utils_ll( 1113): D/linked_list_add: Adding to list data_obj = 0x4EFB7480
E/LocSvc_utils_q( 1113): D/msg_q_snd: Finished Sending message with handle = 0x4EFB7480
E/LocSvc_MsgTask( 1113): D/MsgTask::loop() 50449 listening ...
E/LocSvc_utils_q( 1113): D/msg_q_rcv: Waiting on message
E/LocSvc_utils_ll( 1113): D/linked_list_remove: Removing from list
E/LocSvc_utils_q( 1113): D/msg_q_rcv: Received message 0x4EFB7480 rv = 0
E/LocSvc_libulp( 1113): D/void ulp_msg_main(void*) received msg of type: 0x60d
E/LocSvc_libulp( 1113): I/===> int ulp_brain_process_zpp_position_report(loc_sess_status, LocPosTechMask, const UlpLocation*) line 1463 
E/LocSvc_libulp( 1113): I/===> int ulp_msg_send_generic_position_report(loc_sess_status, LocPosTechMask, const UlpLocation*, const GpsLocationExtended*, const void*) line 1083 
D/Ulp_jni ( 1113): Location CB invoked
E/LocSvc_libulp( 1113): I/int ulp_brain_process_zpp_position_report(loc_sess_status, LocPosTechMask, const UlpLocation*), report ZPP position to providers,report_position = 1
E/LocSvc_libulp( 1113): I/===> int ulp_brain_select_providers() line 333 
E/LocSvc_libulp( 1113): I/===> int ulp_brain_turn_onoff_quipc_provider() line 700 
E/LocSvc_libulp( 1113): D/int ulp_brain_turn_onoff_quipc_provider(), quipc enabled = 0, selected to run 0, onoff cnt = 5
E/LocSvc_libulp( 1113): I/===> int ulp_quipc_stop_engine() line 235 
E/LocSvc_libulp( 1113): D/int ulp_quipc_stop_engine(): ulp_quipc_inf is NULL 
E/LocSvc_libulp( 1113): I/===> bool ulp_quipc_engine_running() line 60 
E/LocSvc_libulp( 1113): D/bool ulp_quipc_engine_running(), quipc state = 0
E/LocSvc_libulp( 1113): I/===> int ulp_brain_turn_onoff_gnss_provider() line 595 
E/LocSvc_libulp( 1113): D/int ulp_brain_turn_onoff_gnss_provider(), gnss enabled = 1, gnss selected to run = 0, onoff cnt = 5, new request active = 0
E/LocSvc_libulp( 1113): I/===> int ulp_gnss_stop_engine() line 262 
E/LocSvc_libulp( 1113): D/int ulp_gnss_stop_engine(), gnss state = 0
E/LocSvc_libulp( 1113): D/bool ulp_gnss_engine_running(), gnss state = 0
E/LocSvc_libulp( 1113): D/bool ulp_gnss_engine_running(), gnss state = 0
E/LocSvc_libulp( 1113): D/bool ulp_gnss_engine_running(), gnss state = 0
E/LocSvc_libulp( 1113): I/===> bool ulp_quipc_engine_running() line 60 
E/LocSvc_libulp( 1113): D/bool ulp_quipc_engine_running(), quipc state = 0
E/LocSvc_libulp( 1113): I/===> int ulp_brain_turn_onoff_gnp_provider() line 496 
E/LocSvc_libulp( 1113): D/bool ulp_gnss_engine_running(), gnss state = 0
E/LocSvc_libulp( 1113): I/===> bool ulp_quipc_engine_running() line 60 
E/LocSvc_libulp( 1113): D/bool ulp_quipc_engine_running(), quipc state = 0
