D/NetworkManagementService( 1113): hardware tether stats:NetworkStats: elapsedRealtime=1209517969
D/NetworkManagementService( 1113): getNetworkStatsSummaryDev:NetworkStats: elapsedRealtime=1209517970
D/NetworkManagementService( 1113):   [0] iface=rmnet_data0 uid=-1 set=ALL tag=0x0 rxBytes=11563603 rxPackets=18985 txBytes=3151660 txPackets=23393 operations=0
D/NetworkManagementService( 1113):   [1] iface=wlan0 uid=-1 set=ALL tag=0x0 rxBytes=1635973781 rxPackets=1901225 txBytes=147662675 txPackets=1465426 operations=0
D/NetworkManagementService( 1113):   [2] iface=usbnet0 uid=-1 set=ALL tag=0x0 rxBytes=0 rxPackets=0 txBytes=0 txPackets=0 operations=0
D/NetworkManagementService( 1113):   [3] iface=lo uid=-1 set=ALL tag=0x0 rxBytes=44353417 rxPackets=72862 txBytes=44353417 txPackets=72862 operations=0
W/ContextImpl( 3940): Calling a method in the system process without a qualified user: android.app.ContextImpl.sendBroadcast:1342 android.content.ContextWrapper.sendBroadcast:387 com.miui.networkassistant.service.tm.TrafficManageService.broadCastDataUsageUpdated:-1 com.miui.networkassistant.service.tm.TrafficManageService$8.onReceive:-1 android.app.LoadedApk$ReceiverDispatcher$Args.run:868 
D/NetworkManagementService( 1113): hardware tether stats:NetworkStats: elapsedRealtime=1209518212
D/NetworkManagementService( 1113): getNetworkStatsSummaryXt:NetworkStats: elapsedRealtime=1209518213
D/NetworkManagementService( 1113):   [0] iface=rmnet_data0 uid=-1 set=ALL tag=0x0 rxBytes=11563603 rxPackets=18985 txBytes=3050940 txPackets=23393 operations=0
D/NetworkManagementService( 1113):   [1] iface=wlan0 uid=-1 set=ALL tag=0x0 rxBytes=1630891068 rxPackets=1748549 txBytes=126665558 txPackets=1452765 operations=0
D/NetworkManagementService( 1113):   [2] iface=usbnet0 uid=-1 set=ALL tag=0x0 rxBytes=0 rxPackets=0 txBytes=0 txPackets=0 operations=0
D/NetworkManagementService( 1113):   [3] iface=lo uid=-1 set=ALL tag=0x0 rxBytes=44353417 rxPackets=72862 txBytes=44353417 txPackets=72862 operations=0
D/NetworkManagementService( 1113): hardware tether stats:NetworkStats: elapsedRealtime=1209518214
D/NetworkManagementService( 1113): getNetworkStatsSummaryDev:NetworkStats: elapsedRealtime=1209518215
D/NetworkManagementService( 1113):   [0] iface=rmnet_data0 uid=-1 set=ALL tag=0x0 rxBytes=11563603 rxPackets=18985 txBytes=3151660 txPackets=23393 operations=0
D/NetworkManagementService( 1113):   [1] iface=wlan0 uid=-1 set=ALL tag=0x0 rxBytes=1636197939 rxPackets=1901378 txBytes=147671211 txPackets=1465579 operations=0
D/NetworkManagementService( 1113):   [2] iface=usbnet0 uid=-1 set=ALL tag=0x0 rxBytes=0 rxPackets=0 txBytes=0 txPackets=0 operations=0
D/NetworkManagementService( 1113):   [3] iface=lo uid=-1 set=ALL tag=0x0 rxBytes=44353417 rxPackets=72862 txBytes=44353417 txPackets=72862 operations=0
E/ActivityThread(31255): Failed to find provider info for com.google.settings
W/ContextImpl( 3940): Calling a method in the system process without a qualified user: android.app.ContextImpl.sendBroadcast:1342 android.content.ContextWrapper.sendBroadcast:387 com.miui.networkassistant.service.tm.TrafficManageService.broadCastDataUsageUpdated:-1 com.miui.networkassistant.service.tm.TrafficManageService$8.onReceive:-1 android.app.LoadedApk$ReceiverDispatcher$Args.run:868 
D/NetworkManagementService( 1113): hardware tether stats:NetworkStats: elapsedRealtime=1209518318
D/NetworkManagementService( 1113): getNetworkStatsSummaryXt:NetworkStats: elapsedRealtime=1209518319
D/NetworkManagementService( 1113):   [0] iface=rmnet_data0 uid=-1 set=ALL tag=0x0 rxBytes=11563603 rxPackets=18985 txBytes=3050940 txPackets=23393 operations=0
D/NetworkManagementService( 1113):   [1] iface=wlan0 uid=-1 set=ALL tag=0x0 rxBytes=1631134264 rxPackets=1748712 txBytes=126672158 txPackets=1452930 operations=0
D/NetworkManagementService( 1113):   [2] iface=usbnet0 uid=-1 set=ALL tag=0x0 rxBytes=0 rxPackets=0 txBytes=0 txPackets=0 operations=0
D/NetworkManagementService( 1113):   [3] iface=lo uid=-1 set=ALL tag=0x0 rxBytes=44353417 rxPackets=72862 txBytes=44353417 txPackets=72862 operations=0
D/NetworkManagementService( 1113): hardware tether stats:NetworkStats: elapsedRealtime=1209518319
D/NetworkManagementService( 1113): getNetworkStatsSummaryDev:NetworkStats: elapsedRealtime=1209518320
D/NetworkManagementService( 1113):   [0] iface=rmnet_data0 uid=-1 set=ALL tag=0x0 rxBytes=11563603 rxPackets=18985 txBytes=3151660 txPackets=23393 operations=0
D/NetworkManagementService( 1113):   [1] iface=wlan0 uid=-1 set=ALL tag=0x0 rxBytes=1636441135 rxPackets=1901541 txBytes=147680121 txPackets=1465744 operations=0
D/NetworkManagementService( 1113):   [2] iface=usbnet0 uid=-1 set=ALL tag=0x0 rxBytes=0 rxPackets=0 txBytes=0 txPackets=0 operations=0
D/NetworkManagementService( 1113):   [3] iface=lo uid=-1 set=ALL tag=0x0 rxBytes=44353417 rxPackets=72862 txBytes=44353417 txPackets=72862 operations=0
W/ContextImpl( 3940): Calling a method in the system process without a qualified user: android.app.ContextImpl.sendBroadcast:1342 android.content.ContextWrapper.sendBroadcast:387 com.miui.networkassistant.service.tm.TrafficManageService.broadCastDataUsageUpdated:-1 com.miui.networkassistant.service.tm.TrafficManageService$8.onReceive:-1 android.app.LoadedApk$ReceiverDispatcher$Args.run:868 
D/NetworkManagementService( 1113): hardware tether stats:NetworkStats: elapsedRealtime=1209518437
D/NetworkManagementService( 1113): getNetworkStatsSummaryXt:NetworkStats: elapsedRealtime=1209518438
D/NetworkManagementService( 1113):   [0] iface=rmnet_data0 uid=-1 set=ALL tag=0x0 rxBytes=11563603 rxPackets=18985 txBytes=3050940 txPackets=23393 operations=0
D/NetworkManagementService( 1113):   [1] iface=wlan0 uid=-1 set=ALL tag=0x0 rxBytes=1631320952 rxPackets=1748837 txBytes=126676894 txPackets=1453011 operations=0
D/NetworkManagementService( 1113):   [2] iface=usbnet0 uid=-1 set=ALL tag=0x0 rxBytes=0 rxPackets=0 txBytes=0 txPackets=0 operations=0
D/NetworkManagementService( 1113):   [3] iface=lo uid=-1 set=ALL tag=0x0 rxBytes=44353417 rxPackets=72862 txBytes=44353417 txPackets=72862 operations=0
D/NetworkManagementService( 1113): hardware tether stats:NetworkStats: elapsedRealtime=1209518439
D/NetworkManagementService( 1113): getNetworkStatsSummaryDev:NetworkStats: elapsedRealtime=1209518440
D/NetworkManagementService( 1113):   [0] iface=rmnet_data0 uid=-1 set=ALL tag=0x0 rxBytes=11563603 rxPackets=18985 txBytes=3151660 txPackets=23393 operations=0
D/NetworkManagementService( 1113):   [1] iface=wlan0 uid=-1 set=ALL tag=0x0 rxBytes=1636627823 rxPackets=1901666 txBytes=147685991 txPackets=1465825 operations=0
D/NetworkManagementService( 1113):   [2] iface=usbnet0 uid=-1 set=ALL tag=0x0 rxBytes=0 rxPackets=0 txBytes=0 txPackets=0 operations=0
D/NetworkManagementService( 1113):   [3] iface=lo uid=-1 set=ALL tag=0x0 rxBytes=44353417 rxPackets=72862 txBytes=44353417 txPackets=72862 operations=0
W/ContextImpl( 3940): Calling a method in the system process without a qualified user: android.app.ContextImpl.sendBroadcast:1342 android.content.ContextWrapper.sendBroadcast:387 com.miui.networkassistant.service.tm.TrafficManageService.broadCastDataUsageUpdated:-1 com.miui.networkassistant.service.tm.TrafficManageService$8.onReceive:-1 android.app.LoadedApk$ReceiverDispatcher$Args.run:868 
D/NetworkManagementService( 1113): hardware tether stats:NetworkStats: elapsedRealtime=1209518518
D/NetworkManagementService( 1113): getNetworkStatsSummaryXt:NetworkStats: elapsedRealtime=1209518519
D/NetworkManagementService( 1113):   [0] iface=rmnet_data0 uid=-1 set=ALL tag=0x0 rxBytes=11563603 rxPackets=18985 txBytes=3050940 txPackets=23393 operations=0
D/NetworkManagementService( 1113):   [1] iface=wlan0 uid=-1 set=ALL tag=0x0 rxBytes=1631473952 rxPackets=1748939 txBytes=126684646 txPackets=1453113 operations=0
D/NetworkManagementService( 1113):   [2] iface=usbnet0 uid=-1 set=ALL tag=0x0 rxBytes=0 rxPackets=0 txBytes=0 txPackets=0 operations=0
D/NetworkManagementService( 1113):   [3] iface=lo uid=-1 set=ALL tag=0x0 rxBytes=44353417 rxPackets=72862 txBytes=44353417 txPackets=72862 operations=0
D/NetworkManagementService( 1113): hardware tether stats:NetworkStats: elapsedRealtime=1209518520
D/NetworkManagementService( 1113): getNetworkStatsSummaryDev:NetworkStats: elapsedRealtime=1209518520
D/NetworkManagementService( 1113):   [0] iface=rmnet_data0 uid=-1 set=ALL tag=0x0 rxBytes=11563603 rxPackets=18985 txBytes=3151660 txPackets=23393 operations=0
D/NetworkManagementService( 1113):   [1] iface=wlan0 uid=-1 set=ALL tag=0x0 rxBytes=1636780823 rxPackets=1901768 txBytes=147695171 txPackets=1465927 operations=0
D/NetworkManagementService( 1113):   [2] iface=usbnet0 uid=-1 set=ALL tag=0x0 rxBytes=0 rxPackets=0 txBytes=0 txPackets=0 operations=0
D/NetworkManagementService( 1113):   [3] iface=lo uid=-1 set=ALL tag=0x0 rxBytes=44353417 rxPackets=72862 txBytes=44353417 txPackets=72862 operations=0
D/ConnectivityService( 1113): listenForNetwork for NetworkRequest [ id=608, legacyType=-1, [ Capabilities: INTERNET&NOT_RESTRICTED&TRUSTED&NOT_VPN] ]
W/ContextImpl( 3940): Calling a method in the system process without a qualified user: android.app.ContextImpl.sendBroadcast:1342 android.content.ContextWrapper.sendBroadcast:387 com.miui.networkassistant.service.tm.TrafficManageService.broadCastDataUsageUpdated:-1 com.miui.networkassistant.service.tm.TrafficManageService$8.onReceive:-1 android.app.LoadedApk$ReceiverDispatcher$Args.run:868 
D/ConnectivityService( 1113): handleRegisterNetworkRequest checking NetworkAgentInfo [WIFI () - 181]
D/ConnectivityService( 1113): apparently satisfied.  currentScore=100
W/FileUtils(10402): Failed to chmod(/storage/emulated/0/MIUI/lockscreen/.info/images/I01024758): android.system.ErrnoException: chmod failed: EPERM (Operation not permitted)
W/FileUtils(10402): Failed to chmod(/storage/emulated/0/MIUI/lockscreen/.info/images/I01024760): android.system.ErrnoException: chmod failed: EPERM (Operation not permitted)
D/NetworkManagementService( 1113): hardware tether stats:NetworkStats: elapsedRealtime=1209518824
D/NetworkManagementService( 1113): getNetworkStatsSummaryXt:NetworkStats: elapsedRealtime=1209518825
D/NetworkManagementService( 1113):   [0] iface=rmnet_data0 uid=-1 set=ALL tag=0x0 rxBytes=11563603 rxPackets=18985 txBytes=3050940 txPackets=23393 operations=0
D/NetworkManagementService( 1113):   [1] iface=wlan0 uid=-1 set=ALL tag=0x0 rxBytes=1631694290 rxPackets=1749093 txBytes=126694840 txPackets=1453270 operations=0
D/NetworkManagementService( 1113):   [2] iface=usbnet0 uid=-1 set=ALL tag=0x0 rxBytes=0 rxPackets=0 txBytes=0 txPackets=0 operations=0
D/NetworkManagementService( 1113):   [3] iface=lo uid=-1 set=ALL tag=0x0 rxBytes=44353417 rxPackets=72862 txBytes=44353417 txPackets=72862 operations=0
D/NetworkManagementService( 1113): hardware tether stats:NetworkStats: elapsedRealtime=1209518826
D/NetworkManagementService( 1113): getNetworkStatsSummaryDev:NetworkStats: elapsedRealtime=1209518828
D/NetworkManagementService( 1113):   [0] iface=rmnet_data0 uid=-1 set=ALL tag=0x0 rxBytes=11563603 rxPackets=18985 txBytes=3151660 txPackets=23393 operations=0
D/NetworkManagementService( 1113):   [1] iface=wlan0 uid=-1 set=ALL tag=0x0 rxBytes=1637001173 rxPackets=1901922 txBytes=147707563 txPackets=1466084 operations=0
D/NetworkManagementService( 1113):   [2] iface=usbnet0 uid=-1 set=ALL tag=0x0 rxBytes=0 rxPackets=0 txBytes=0 txPackets=0 operations=0
D/NetworkManagementService( 1113):   [3] iface=lo uid=-1 set=ALL tag=0x0 rxBytes=44353417 rxPackets=72862 txBytes=44353417 txPackets=72862 operations=0
W/ContextImpl( 3940): Calling a method in the system process without a qualified user: android.app.ContextImpl.sendBroadcast:1342 android.content.ContextWrapper.sendBroadcast:387 com.miui.networkassistant.service.tm.TrafficManageService.broadCastDataUsageUpdated:-1 com.miui.networkassistant.service.tm.TrafficManageService$8.onReceive:-1 android.app.LoadedApk$ReceiverDispatcher$Args.run:868 
D/NetworkManagementService( 1113): hardware tether stats:NetworkStats: elapsedRealtime=1209518921
D/NetworkManagementService( 1113): getNetworkStatsSummaryXt:NetworkStats: elapsedRealtime=1209518924
D/NetworkManagementService( 1113):   [0] iface=rmnet_data0 uid=-1 set=ALL tag=0x0 rxBytes=11563603 rxPackets=18985 txBytes=3050940 txPackets=23393 operations=0
D/NetworkManagementService( 1113):   [1] iface=wlan0 uid=-1 set=ALL tag=0x0 rxBytes=1631972854 rxPackets=1749281 txBytes=126702360 txPackets=1453458 operations=0
D/NetworkManagementService( 1113):   [2] iface=usbnet0 uid=-1 set=ALL tag=0x0 rxBytes=0 rxPackets=0 txBytes=0 txPackets=0 operations=0
D/NetworkManagementService( 1113):   [3] iface=lo uid=-1 set=ALL tag=0x0 rxBytes=44353417 rxPackets=72862 txBytes=44353417 txPackets=72862 operations=0
D/NetworkManagementService( 1113): hardware tether stats:NetworkStats: elapsedRealtime=1209518924
D/NetworkManagementService( 1113): getNetworkStatsSummaryDev:NetworkStats: elapsedRealtime=1209518926
D/NetworkManagementService( 1113):   [0] iface=rmnet_data0 uid=-1 set=ALL tag=0x0 rxBytes=11563603 rxPackets=18985 txBytes=3151660 txPackets=23393 operations=0
D/NetworkManagementService( 1113):   [1] iface=wlan0 uid=-1 set=ALL tag=0x0 rxBytes=1637296237 rxPackets=1902121 txBytes=147718309 txPackets=1466283 operations=0
D/NetworkManagementService( 1113):   [2] iface=usbnet0 uid=-1 set=ALL tag=0x0 rxBytes=0 rxPackets=0 txBytes=0 txPackets=0 operations=0
D/NetworkManagementService( 1113):   [3] iface=lo uid=-1 set=ALL tag=0x0 rxBytes=44353417 rxPackets=72862 txBytes=44353417 txPackets=72862 operations=0
W/ContextImpl( 3940): Calling a method in the system process without a qualified user: android.app.ContextImpl.sendBroadcast:1342 android.content.ContextWrapper.sendBroadcast:387 com.miui.networkassistant.service.tm.TrafficManageService.broadCastDataUsageUpdated:-1 com.miui.networkassistant.service.tm.TrafficManageService$8.onReceive:-1 android.app.LoadedApk$ReceiverDispatcher$Args.run:868 
D/NetworkManagementService( 1113): hardware tether stats:NetworkStats: elapsedRealtime=1209519028
D/NetworkManagementService( 1113): getNetworkStatsSummaryXt:NetworkStats: elapsedRealtime=1209519029
D/NetworkManagementService( 1113):   [0] iface=rmnet_data0 uid=-1 set=ALL tag=0x0 rxBytes=11563603 rxPackets=18985 txBytes=3050940 txPackets=23393 operations=0
D/NetworkManagementService( 1113):   [1] iface=wlan0 uid=-1 set=ALL tag=0x0 rxBytes=1632193386 rxPackets=1749429 txBytes=126710676 txPackets=1453606 operations=0
D/NetworkManagementService( 1113):   [2] iface=usbnet0 uid=-1 set=ALL tag=0x0 rxBytes=0 rxPackets=0 txBytes=0 txPackets=0 operations=0
D/NetworkManagementService( 1113):   [3] iface=lo uid=-1 set=ALL tag=0x0 rxBytes=44353417 rxPackets=72862 txBytes=44353417 txPackets=72862 operations=0
D/NetworkManagementService( 1113): hardware tether stats:NetworkStats: elapsedRealtime=1209519030
D/NetworkManagementService( 1113): getNetworkStatsSummaryDev:NetworkStats: elapsedRealtime=1209519031
D/NetworkManagementService( 1113):   [0] iface=rmnet_data0 uid=-1 set=ALL tag=0x0 rxBytes=11563603 rxPackets=18985 txBytes=3151660 txPackets=23393 operations=0
D/NetworkManagementService( 1113):   [1] iface=wlan0 uid=-1 set=ALL tag=0x0 rxBytes=1637500269 rxPackets=1902258 txBytes=147728103 txPackets=1466420 operations=0
D/NetworkManagementService( 1113):   [2] iface=usbnet0 uid=-1 set=ALL tag=0x0 rxBytes=0 rxPackets=0 txBytes=0 txPackets=0 operations=0
D/NetworkManagementService( 1113):   [3] iface=lo uid=-1 set=ALL tag=0x0 rxBytes=44353417 rxPackets=72862 txBytes=44353417 txPackets=72862 operations=0
W/ContextImpl( 3940): Calling a method in the system process without a qualified user: android.app.ContextImpl.sendBroadcast:1342 android.content.ContextWrapper.sendBroadcast:387 com.miui.networkassistant.service.tm.TrafficManageService.broadCastDataUsageUpdated:-1 com.miui.networkassistant.service.tm.TrafficManageService$8.onReceive:-1 android.app.LoadedApk$ReceiverDispatcher$Args.run:868 
W/FileUtils(10402): Failed to chmod(/storage/emulated/0/MIUI/lockscreen/.info/images/I01024756): android.system.ErrnoException: chmod failed: EPERM (Operation not permitted)
W/FileUtils(10402): Failed to chmod(/storage/emulated/0/MIUI/lockscreen/.info/images/I01024762): android.system.ErrnoException: chmod failed: EPERM (Operation not permitted)
W/FileUtils(10402): Failed to chmod(/storage/emulated/0/MIUI/lockscreen/.info/images/I01024764): android.system.ErrnoException: chmod failed: EPERM (Operation not permitted)
D/NetworkManagementService( 1113): hardware tether stats:NetworkStats: elapsedRealtime=1209519126
D/NetworkManagementService( 1113): getNetworkStatsSummaryXt:NetworkStats: elapsedRealtime=1209519127
D/NetworkManagementService( 1113):   [0] iface=rmnet_data0 uid=-1 set=ALL tag=0x0 rxBytes=11563603 rxPackets=18985 txBytes=3050940 txPackets=23393 operations=0
D/NetworkManagementService( 1113):   [1] iface=wlan0 uid=-1 set=ALL tag=0x0 rxBytes=1632382058 rxPackets=1749555 txBytes=126718730 txPackets=1453736 operations=0
D/NetworkManagementService( 1113):   [2] iface=usbnet0 uid=-1 set=ALL tag=0x0 rxBytes=0 rxPackets=0 txBytes=0 txPackets=0 operations=0
D/NetworkManagementService( 1113):   [3] iface=lo uid=-1 set=ALL tag=0x0 rxBytes=44353417 rxPackets=72862 txBytes=44353417 txPackets=72862 operations=0
D/NetworkManagementService( 1113): hardware tether stats:NetworkStats: elapsedRealtime=1209519128
D/NetworkManagementService( 1113): getNetworkStatsSummaryDev:NetworkStats: elapsedRealtime=1209519129
D/NetworkManagementService( 1113):   [0] iface=rmnet_data0 uid=-1 set=ALL tag=0x0 rxBytes=11563603 rxPackets=18985 txBytes=3151660 txPackets=23393 operations=0
D/NetworkManagementService( 1113):   [1] iface=wlan0 uid=-1 set=ALL tag=0x0 rxBytes=1637688941 rxPackets=1902384 txBytes=147737977 txPackets=1466550 operations=0
D/NetworkManagementService( 1113):   [2] iface=usbnet0 uid=-1 set=ALL tag=0x0 rxBytes=0 rxPackets=0 txBytes=0 txPackets=0 operations=0
D/NetworkManagementService( 1113):   [3] iface=lo uid=-1 set=ALL tag=0x0 rxBytes=44353417 rxPackets=72862 txBytes=44353417 txPackets=72862 operations=0
W/ContextImpl( 3940): Calling a method in the system process without a qualified user: android.app.ContextImpl.sendBroadcast:1342 android.content.ContextWrapper.sendBroadcast:387 com.miui.networkassistant.service.tm.TrafficManageService.broadCastDataUsageUpdated:-1 com.miui.networkassistant.service.tm.TrafficManageService$8.onReceive:-1 android.app.LoadedApk$ReceiverDispatcher$Args.run:868 
D/NetworkManagementService( 1113): hardware tether stats:NetworkStats: elapsedRealtime=1209519273
D/NetworkManagementService( 1113): getNetworkStatsSummaryXt:NetworkStats: elapsedRealtime=1209519274
D/NetworkManagementService( 1113):   [0] iface=rmnet_data0 uid=-1 set=ALL tag=0x0 rxBytes=11563603 rxPackets=18985 txBytes=3050940 txPackets=23393 operations=0
D/NetworkManagementService( 1113):   [1] iface=wlan0 uid=-1 set=ALL tag=0x0 rxBytes=1632597078 rxPackets=1749699 txBytes=126728030 txPackets=1453881 operations=0
D/NetworkManagementService( 1113):   [2] iface=usbnet0 uid=-1 set=ALL tag=0x0 rxBytes=0 rxPackets=0 txBytes=0 txPackets=0 operations=0
D/NetworkManagementService( 1113):   [3] iface=lo uid=-1 set=ALL tag=0x0 rxBytes=44353417 rxPackets=72862 txBytes=44353417 txPackets=72862 operations=0
D/NetworkManagementService( 1113): hardware tether stats:NetworkStats: elapsedRealtime=1209519275
D/NetworkManagementService( 1113): getNetworkStatsSummaryDev:NetworkStats: elapsedRealtime=1209519276
D/NetworkManagementService( 1113):   [0] iface=rmnet_data0 uid=-1 set=ALL tag=0x0 rxBytes=11563603 rxPackets=18985 txBytes=3151660 txPackets=23393 operations=0
D/NetworkManagementService( 1113):   [1] iface=wlan0 uid=-1 set=ALL tag=0x0 rxBytes=1637903961 rxPackets=1902528 txBytes=147749307 txPackets=1466695 operations=0
D/NetworkManagementService( 1113):   [2] iface=usbnet0 uid=-1 set=ALL tag=0x0 rxBytes=0 rxPackets=0 txBytes=0 txPackets=0 operations=0
D/NetworkManagementService( 1113):   [3] iface=lo uid=-1 set=ALL tag=0x0 rxBytes=44353417 rxPackets=72862 txBytes=44353417 txPackets=72862 operations=0
W/ContextImpl( 3940): Calling a method in the system process without a qualified user: android.app.ContextImpl.sendBroadcast:1342 android.content.ContextWrapper.sendBroadcast:387 com.miui.networkassistant.service.tm.TrafficManageService.broadCastDataUsageUpdated:-1 com.miui.networkassistant.service.tm.TrafficManageService$8.onReceive:-1 android.app.LoadedApk$ReceiverDispatcher$Args.run:868 
W/FileUtils(10402): Failed to chmod(/storage/emulated/0/MIUI/lockscreen/.info/images/I01024766): android.system.ErrnoException: chmod failed: EPERM (Operation not permitted)
D/NetworkManagementService( 1113): hardware tether stats:NetworkStats: elapsedRealtime=1209519404
D/NetworkManagementService( 1113): getNetworkStatsSummaryXt:NetworkStats: elapsedRealtime=1209519405
D/NetworkManagementService( 1113):   [0] iface=rmnet_data0 uid=-1 set=ALL tag=0x0 rxBytes=11563603 rxPackets=18985 txBytes=3050940 txPackets=23393 operations=0
D/NetworkManagementService( 1113):   [1] iface=wlan0 uid=-1 set=ALL tag=0x0 rxBytes=1632761158 rxPackets=1749810 txBytes=126736114 txPackets=1453997 operations=0
D/NetworkManagementService( 1113):   [2] iface=usbnet0 uid=-1 set=ALL tag=0x0 rxBytes=0 rxPackets=0 txBytes=0 txPackets=0 operations=0
D/NetworkManagementService( 1113):   [3] iface=lo uid=-1 set=ALL tag=0x0 rxBytes=44353417 rxPackets=72862 txBytes=44353417 txPackets=72862 operations=0
D/NetworkManagementService( 1113): hardware tether stats:NetworkStats: elapsedRealtime=1209519406
D/NetworkManagementService( 1113): getNetworkStatsSummaryDev:NetworkStats: elapsedRealtime=1209519408
D/NetworkManagementService( 1113):   [0] iface=rmnet_data0 uid=-1 set=ALL tag=0x0 rxBytes=11563603 rxPackets=18985 txBytes=3151660 txPackets=23393 operations=0
D/NetworkManagementService( 1113):   [1] iface=wlan0 uid=-1 set=ALL tag=0x0 rxBytes=1638093541 rxPackets=1902656 txBytes=147760377 txPackets=1466828 operations=0
D/NetworkManagementService( 1113):   [2] iface=usbnet0 uid=-1 set=ALL tag=0x0 rxBytes=0 rxPackets=0 txBytes=0 txPackets=0 operations=0
D/NetworkManagementService( 1113):   [3] iface=lo uid=-1 set=ALL tag=0x0 rxBytes=44353417 rxPackets=72862 txBytes=44353417 txPackets=72862 operations=0
W/ContextImpl( 3940): Calling a method in the system process without a qualified user: android.app.ContextImpl.sendBroadcast:1342 android.content.ContextWrapper.sendBroadcast:387 com.miui.networkassistant.service.tm.TrafficManageService.broadCastDataUsageUpdated:-1 com.miui.networkassistant.service.tm.TrafficManageService$8.onReceive:-1 android.app.LoadedApk$ReceiverDispatcher$Args.run:868 
W/FileUtils(10402): Failed to chmod(/storage/emulated/0/MIUI/lockscreen/.info/images/I01024768): android.system.ErrnoException: chmod failed: EPERM (Operation not permitted)
D/NetworkManagementService( 1113): hardware tether stats:NetworkStats: elapsedRealtime=1209519473
D/NetworkManagementService( 1113): getNetworkStatsSummaryXt:NetworkStats: elapsedRealtime=1209519474
D/NetworkManagementService( 1113):   [0] iface=rmnet_data0 uid=-1 set=ALL tag=0x0 rxBytes=11563603 rxPackets=18985 txBytes=3050940 txPackets=23393 operations=0
D/NetworkManagementService( 1113):   [1] iface=wlan0 uid=-1 set=ALL tag=0x0 rxBytes=1633029698 rxPackets=1749990 txBytes=126745809 txPackets=1454178 operations=0
D/NetworkManagementService( 1113):   [2] iface=usbnet0 uid=-1 set=ALL tag=0x0 rxBytes=0 rxPackets=0 txBytes=0 txPackets=0 operations=0
D/NetworkManagementService( 1113):   [3] iface=lo uid=-1 set=ALL tag=0x0 rxBytes=44353417 rxPackets=72862 txBytes=44353417 txPackets=72862 operations=0
D/NetworkManagementService( 1113): hardware tether stats:NetworkStats: elapsedRealtime=1209519475
D/NetworkManagementService( 1113): getNetworkStatsSummaryDev:NetworkStats: elapsedRealtime=1209519476
D/NetworkManagementService( 1113):   [0] iface=rmnet_data0 uid=-1 set=ALL tag=0x0 rxBytes=11563603 rxPackets=18985 txBytes=3151660 txPackets=23393 operations=0
D/NetworkManagementService( 1113):   [1] iface=wlan0 uid=-1 set=ALL tag=0x0 rxBytes=1638336587 rxPackets=1902819 txBytes=147771244 txPackets=1466992 operations=0
D/NetworkManagementService( 1113):   [2] iface=usbnet0 uid=-1 set=ALL tag=0x0 rxBytes=0 rxPackets=0 txBytes=0 txPackets=0 operations=0
D/NetworkManagementService( 1113):   [3] iface=lo uid=-1 set=ALL tag=0x0 rxBytes=44353417 rxPackets=72862 txBytes=44353417 txPackets=72862 operations=0
W/ContextImpl( 3940): Calling a method in the system process without a qualified user: android.app.ContextImpl.sendBroadcast:1342 android.content.ContextWrapper.sendBroadcast:387 com.miui.networkassistant.service.tm.TrafficManageService.broadCastDataUsageUpdated:-1 com.miui.networkassistant.service.tm.TrafficManageService$8.onReceive:-1 android.app.LoadedApk$ReceiverDispatcher$Args.run:868 
D/NetworkManagementService( 1113): hardware tether stats:NetworkStats: elapsedRealtime=1209519570
D/NetworkManagementService( 1113): getNetworkStatsSummaryXt:NetworkStats: elapsedRealtime=1209519571
D/NetworkManagementService( 1113):   [0] iface=rmnet_data0 uid=-1 set=ALL tag=0x0 rxBytes=11563603 rxPackets=18985 txBytes=3050940 txPackets=23393 operations=0
D/NetworkManagementService( 1113):   [1] iface=wlan0 uid=-1 set=ALL tag=0x0 rxBytes=1633192384 rxPackets=1750103 txBytes=126751745 txPackets=1454293 operations=0
D/NetworkManagementService( 1113):   [2] iface=usbnet0 uid=-1 set=ALL tag=0x0 rxBytes=0 rxPackets=0 txBytes=0 txPackets=0 operations=0
D/NetworkManagementService( 1113):   [3] iface=lo uid=-1 set=ALL tag=0x0 rxBytes=44353417 rxPackets=72862 txBytes=44353417 txPackets=72862 operations=0
D/NetworkManagementService( 1113): hardware tether stats:NetworkStats: elapsedRealtime=1209519571
D/NetworkManagementService( 1113): getNetworkStatsSummaryDev:NetworkStats: elapsedRealtime=1209519572
D/NetworkManagementService( 1113):   [0] iface=rmnet_data0 uid=-1 set=ALL tag=0x0 rxBytes=11563603 rxPackets=18985 txBytes=3151660 txPackets=23393 operations=0
D/NetworkManagementService( 1113):   [1] iface=wlan0 uid=-1 set=ALL tag=0x0 rxBytes=1638499279 rxPackets=1902932 txBytes=147778790 txPackets=1467107 operations=0
D/NetworkManagementService( 1113):   [2] iface=usbnet0 uid=-1 set=ALL tag=0x0 rxBytes=0 rxPackets=0 txBytes=0 txPackets=0 operations=0
D/NetworkManagementService( 1113):   [3] iface=lo uid=-1 set=ALL tag=0x0 rxBytes=44353417 rxPackets=72862 txBytes=44353417 txPackets=72862 operations=0
W/ContextImpl( 3940): Calling a method in the system process without a qualified user: android.app.ContextImpl.sendBroadcast:1342 android.content.ContextWrapper.sendBroadcast:387 com.miui.networkassistant.service.tm.TrafficManageService.broadCastDataUsageUpdated:-1 com.miui.networkassistant.service.tm.TrafficManageService$8.onReceive:-1 android.app.LoadedApk$ReceiverDispatcher$Args.run:868 
D/NetworkManagementService( 1113): hardware tether stats:NetworkStats: elapsedRealtime=1209519633
D/NetworkManagementService( 1113): getNetworkStatsSummaryXt:NetworkStats: elapsedRealtime=1209519634
D/NetworkManagementService( 1113):   [0] iface=rmnet_data0 uid=-1 set=ALL tag=0x0 rxBytes=11563603 rxPackets=18985 txBytes=3050940 txPackets=23393 operations=0
D/NetworkManagementService( 1113):   [1] iface=wlan0 uid=-1 set=ALL tag=0x0 rxBytes=1633384864 rxPackets=1750235 txBytes=126759892 txPackets=1454426 operations=0
D/NetworkManagementService( 1113):   [2] iface=usbnet0 uid=-1 set=ALL tag=0x0 rxBytes=0 rxPackets=0 txBytes=0 txPackets=0 operations=0
D/NetworkManagementService( 1113):   [3] iface=lo uid=-1 set=ALL tag=0x0 rxBytes=44353417 rxPackets=72862 txBytes=44353417 txPackets=72862 operations=0
D/NetworkManagementService( 1113): hardware tether stats:NetworkStats: elapsedRealtime=1209519635
D/NetworkManagementService( 1113): getNetworkStatsSummaryDev:NetworkStats: elapsedRealtime=1209519636
D/NetworkManagementService( 1113):   [0] iface=rmnet_data0 uid=-1 set=ALL tag=0x0 rxBytes=11563603 rxPackets=18985 txBytes=3151660 txPackets=23393 operations=0
D/NetworkManagementService( 1113):   [1] iface=wlan0 uid=-1 set=ALL tag=0x0 rxBytes=1638691765 rxPackets=1903064 txBytes=147788799 txPackets=1467240 operations=0
D/NetworkManagementService( 1113):   [2] iface=usbnet0 uid=-1 set=ALL tag=0x0 rxBytes=0 rxPackets=0 txBytes=0 txPackets=0 operations=0
D/NetworkManagementService( 1113):   [3] iface=lo uid=-1 set=ALL tag=0x0 rxBytes=44353417 rxPackets=72862 txBytes=44353417 txPackets=72862 operations=0
W/ContextImpl( 3940): Calling a method in the system process without a qualified user: android.app.ContextImpl.sendBroadcast:1342 android.content.ContextWrapper.sendBroadcast:387 com.miui.networkassistant.service.tm.TrafficManageService.broadCastDataUsageUpdated:-1 com.miui.networkassistant.service.tm.TrafficManageService$8.onReceive:-1 android.app.LoadedApk$ReceiverDispatcher$Args.run:868 
W/FileUtils(10402): Failed to chmod(/storage/emulated/0/MIUI/lockscreen/.info/images/I01024757): android.system.ErrnoException: chmod failed: EPERM (Operation not permitted)
D/NetworkManagementService( 1113): hardware tether stats:NetworkStats: elapsedRealtime=1209519716
D/NetworkManagementService( 1113): getNetworkStatsSummaryXt:NetworkStats: elapsedRealtime=1209519717
D/NetworkManagementService( 1113):   [0] iface=rmnet_data0 uid=-1 set=ALL tag=0x0 rxBytes=11563603 rxPackets=18985 txBytes=3050940 txPackets=23393 operations=0
D/NetworkManagementService( 1113):   [1] iface=wlan0 uid=-1 set=ALL tag=0x0 rxBytes=1633601708 rxPackets=1750384 txBytes=126771625 txPackets=1454579 operations=0
D/NetworkManagementService( 1113):   [2] iface=usbnet0 uid=-1 set=ALL tag=0x0 rxBytes=0 rxPackets=0 txBytes=0 txPackets=0 operations=0
D/NetworkManagementService( 1113):   [3] iface=lo uid=-1 set=ALL tag=0x0 rxBytes=44353417 rxPackets=72862 txBytes=44353417 txPackets=72862 operations=0
D/NetworkManagementService( 1113): hardware tether stats:NetworkStats: elapsedRealtime=1209519718
D/NetworkManagementService( 1113): getNetworkStatsSummaryDev:NetworkStats: elapsedRealtime=1209519719
D/NetworkManagementService( 1113):   [0] iface=rmnet_data0 uid=-1 set=ALL tag=0x0 rxBytes=11563603 rxPackets=18985 txBytes=3151660 txPackets=23393 operations=0
D/NetworkManagementService( 1113):   [1] iface=wlan0 uid=-1 set=ALL tag=0x0 rxBytes=1638908609 rxPackets=1903213 txBytes=147802674 txPackets=1467393 operations=0
D/NetworkManagementService( 1113):   [2] iface=usbnet0 uid=-1 set=ALL tag=0x0 rxBytes=0 rxPackets=0 txBytes=0 txPackets=0 operations=0
D/NetworkManagementService( 1113):   [3] iface=lo uid=-1 set=ALL tag=0x0 rxBytes=44353417 rxPackets=72862 txBytes=44353417 txPackets=72862 operations=0
W/ContextImpl( 3940): Calling a method in the system process without a qualified user: android.app.ContextImpl.sendBroadcast:1342 android.content.ContextWrapper.sendBroadcast:387 com.miui.networkassistant.service.tm.TrafficManageService.broadCastDataUsageUpdated:-1 com.miui.networkassistant.service.tm.TrafficManageService$8.onReceive:-1 android.app.LoadedApk$ReceiverDispatcher$Args.run:868 
D/NetworkManagementService( 1113): hardware tether stats:NetworkStats: elapsedRealtime=1209519786
D/NetworkManagementService( 1113): getNetworkStatsSummaryXt:NetworkStats: elapsedRealtime=1209519787
D/NetworkManagementService( 1113):   [0] iface=rmnet_data0 uid=-1 set=ALL tag=0x0 rxBytes=11563603 rxPackets=18985 txBytes=3050940 txPackets=23393 operations=0
D/NetworkManagementService( 1113):   [1] iface=wlan0 uid=-1 set=ALL tag=0x0 rxBytes=1633844916 rxPackets=1750552 txBytes=126783251 txPackets=1454745 operations=0
D/NetworkManagementService( 1113):   [2] iface=usbnet0 uid=-1 set=ALL tag=0x0 rxBytes=0 rxPackets=0 txBytes=0 txPackets=0 operations=0
D/NetworkManagementService( 1113):   [3] iface=lo uid=-1 set=ALL tag=0x0 rxBytes=44353417 rxPackets=72862 txBytes=44353417 txPackets=72862 operations=0
D/NetworkManagementService( 1113): hardware tether stats:NetworkStats: elapsedRealtime=1209519788
D/NetworkManagementService( 1113): getNetworkStatsSummaryDev:NetworkStats: elapsedRealtime=1209519788
D/NetworkManagementService( 1113):   [0] iface=rmnet_data0 uid=-1 set=ALL tag=0x0 rxBytes=11563603 rxPackets=18985 txBytes=3151660 txPackets=23393 operations=0
D/NetworkManagementService( 1113):   [1] iface=wlan0 uid=-1 set=ALL tag=0x0 rxBytes=1639151829 rxPackets=1903381 txBytes=147816624 txPackets=1467559 operations=0
D/NetworkManagementService( 1113):   [2] iface=usbnet0 uid=-1 set=ALL tag=0x0 rxBytes=0 rxPackets=0 txBytes=0 txPackets=0 operations=0
D/NetworkManagementService( 1113):   [3] iface=lo uid=-1 set=ALL tag=0x0 rxBytes=44353417 rxPackets=72862 txBytes=44353417 txPackets=72862 operations=0
W/ContextImpl( 3940): Calling a method in the system process without a qualified user: android.app.ContextImpl.sendBroadcast:1342 android.content.ContextWrapper.sendBroadcast:387 com.miui.networkassistant.service.tm.TrafficManageService.broadCastDataUsageUpdated:-1 com.miui.networkassistant.service.tm.TrafficManageService$8.onReceive:-1 android.app.LoadedApk$ReceiverDispatcher$Args.run:868 
D/NetworkManagementService( 1113): hardware tether stats:NetworkStats: elapsedRealtime=1209519848
D/NetworkManagementService( 1113): getNetworkStatsSummaryXt:NetworkStats: elapsedRealtime=1209519849
D/NetworkManagementService( 1113):   [0] iface=rmnet_data0 uid=-1 set=ALL tag=0x0 rxBytes=11563603 rxPackets=18985 txBytes=3050940 txPackets=23393 operations=0
D/NetworkManagementService( 1113):   [1] iface=wlan0 uid=-1 set=ALL tag=0x0 rxBytes=1634063729 rxPackets=1750704 txBytes=126792907 txPackets=1454898 operations=0
D/NetworkManagementService( 1113):   [2] iface=usbnet0 uid=-1 set=ALL tag=0x0 rxBytes=0 rxPackets=0 txBytes=0 txPackets=0 operations=0
D/NetworkManagementService( 1113):   [3] iface=lo uid=-1 set=ALL tag=0x0 rxBytes=44353417 rxPackets=72862 txBytes=44353417 txPackets=72862 operations=0
D/NetworkManagementService( 1113): hardware tether stats:NetworkStats: elapsedRealtime=1209519849
D/NetworkManagementService( 1113): getNetworkStatsSummaryDev:NetworkStats: elapsedRealtime=1209519850
D/NetworkManagementService( 1113):   [0] iface=rmnet_data0 uid=-1 set=ALL tag=0x0 rxBytes=11563603 rxPackets=18985 txBytes=3151660 txPackets=23393 operations=0
D/NetworkManagementService( 1113):   [1] iface=wlan0 uid=-1 set=ALL tag=0x0 rxBytes=1639370648 rxPackets=1903533 txBytes=147828422 txPackets=1467712 operations=0
D/NetworkManagementService( 1113):   [2] iface=usbnet0 uid=-1 set=ALL tag=0x0 rxBytes=0 rxPackets=0 txBytes=0 txPackets=0 operations=0
D/NetworkManagementService( 1113):   [3] iface=lo uid=-1 set=ALL tag=0x0 rxBytes=44353417 rxPackets=72862 txBytes=44353417 txPackets=72862 operations=0
W/ContextImpl( 3940): Calling a method in the system process without a qualified user: android.app.ContextImpl.sendBroadcast:1342 android.content.ContextWrapper.sendBroadcast:387 com.miui.networkassistant.service.tm.TrafficManageService.broadCastDataUsageUpdated:-1 com.miui.networkassistant.service.tm.TrafficManageService$8.onReceive:-1 android.app.LoadedApk$ReceiverDispatcher$Args.run:868 
D/NetworkManagementService( 1113): hardware tether stats:NetworkStats: elapsedRealtime=1209519944
D/NetworkManagementService( 1113): getNetworkStatsSummaryXt:NetworkStats: elapsedRealtime=1209519945
D/NetworkManagementService( 1113):   [0] iface=rmnet_data0 uid=-1 set=ALL tag=0x0 rxBytes=11563603 rxPackets=18985 txBytes=3050940 txPackets=23393 operations=0
D/NetworkManagementService( 1113):   [1] iface=wlan0 uid=-1 set=ALL tag=0x0 rxBytes=1634308889 rxPackets=1750875 txBytes=126802969 txPackets=1455071 operations=0
D/NetworkManagementService( 1113):   [2] iface=usbnet0 uid=-1 set=ALL tag=0x0 rxBytes=0 rxPackets=0 txBytes=0 txPackets=0 operations=0
D/NetworkManagementService( 1113):   [3] iface=lo uid=-1 set=ALL tag=0x0 rxBytes=44353417 rxPackets=72862 txBytes=44353417 txPackets=72862 operations=0
D/NetworkManagementService( 1113): hardware tether stats:NetworkStats: elapsedRealtime=1209519946
D/NetworkManagementService( 1113): getNetworkStatsSummaryDev:NetworkStats: elapsedRealtime=1209519948
D/NetworkManagementService( 1113):   [0] iface=rmnet_data0 uid=-1 set=ALL tag=0x0 rxBytes=11563603 rxPackets=18985 txBytes=3151660 txPackets=23393 operations=0
D/NetworkManagementService( 1113):   [1] iface=wlan0 uid=-1 set=ALL tag=0x0 rxBytes=1639615814 rxPackets=1903704 txBytes=147840906 txPackets=1467885 operations=0
D/NetworkManagementService( 1113):   [2] iface=usbnet0 uid=-1 set=ALL tag=0x0 rxBytes=0 rxPackets=0 txBytes=0 txPackets=0 operations=0
D/NetworkManagementService( 1113):   [3] iface=lo uid=-1 set=ALL tag=0x0 rxBytes=44353417 rxPackets=72862 txBytes=44353417 txPackets=72862 operations=0
W/ContextImpl( 3940): Calling a method in the system process without a qualified user: android.app.ContextImpl.sendBroadcast:1342 android.content.ContextWrapper.sendBroadcast:387 com.miui.networkassistant.service.tm.TrafficManageService.broadCastDataUsageUpdated:-1 com.miui.networkassistant.service.tm.TrafficManageService$8.onReceive:-1 android.app.LoadedApk$ReceiverDispatcher$Args.run:868 
D/NetworkManagementService( 1113): hardware tether stats:NetworkStats: elapsedRealtime=1209520029
D/NetworkManagementService( 1113): getNetworkStatsSummaryXt:NetworkStats: elapsedRealtime=1209520030
D/NetworkManagementService( 1113):   [0] iface=rmnet_data0 uid=-1 set=ALL tag=0x0 rxBytes=11563603 rxPackets=18985 txBytes=3050940 txPackets=23393 operations=0
D/NetworkManagementService( 1113):   [1] iface=wlan0 uid=-1 set=ALL tag=0x0 rxBytes=1634546039 rxPackets=1751039 txBytes=126811183 txPackets=1455214 operations=0
D/NetworkManagementService( 1113):   [2] iface=usbnet0 uid=-1 set=ALL tag=0x0 rxBytes=0 rxPackets=0 txBytes=0 txPackets=0 operations=0
D/NetworkManagementService( 1113):   [3] iface=lo uid=-1 set=ALL tag=0x0 rxBytes=44353417 rxPackets=72862 txBytes=44353417 txPackets=72862 operations=0
D/NetworkManagementService( 1113): hardware tether stats:NetworkStats: elapsedRealtime=1209520030
D/NetworkManagementService( 1113): getNetworkStatsSummaryDev:NetworkStats: elapsedRealtime=1209520031
D/NetworkManagementService( 1113):   [0] iface=rmnet_data0 uid=-1 set=ALL tag=0x0 rxBytes=11563603 rxPackets=18985 txBytes=3151660 txPackets=23393 operations=0
D/NetworkManagementService( 1113):   [1] iface=wlan0 uid=-1 set=ALL tag=0x0 rxBytes=1639852970 rxPackets=1903868 txBytes=147851122 txPackets=1468028 operations=0
D/NetworkManagementService( 1113):   [2] iface=usbnet0 uid=-1 set=ALL tag=0x0 rxBytes=0 rxPackets=0 txBytes=0 txPackets=0 operations=0
D/NetworkManagementService( 1113):   [3] iface=lo uid=-1 set=ALL tag=0x0 rxBytes=44353417 rxPackets=72862 txBytes=44353417 txPackets=72862 operations=0
W/ContextImpl( 3940): Calling a method in the system process without a qualified user: android.app.ContextImpl.sendBroadcast:1342 android.content.ContextWrapper.sendBroadcast:387 com.miui.networkassistant.service.tm.TrafficManageService.broadCastDataUsageUpdated:-1 com.miui.networkassistant.service.tm.TrafficManageService$8.onReceive:-1 android.app.LoadedApk$ReceiverDispatcher$Args.run:868 
D/NetworkManagementService( 1113): hardware tether stats:NetworkStats: elapsedRealtime=1209520132
D/NetworkManagementService( 1113): getNetworkStatsSummaryXt:NetworkStats: elapsedRealtime=1209520133
D/NetworkManagementService( 1113):   [0] iface=rmnet_data0 uid=-1 set=ALL tag=0x0 rxBytes=11563603 rxPackets=18985 txBytes=3050940 txPackets=23393 operations=0
D/NetworkManagementService( 1113):   [1] iface=wlan0 uid=-1 set=ALL tag=0x0 rxBytes=1634798995 rxPackets=1751212 txBytes=126820743 txPackets=1455374 operations=0
D/NetworkManagementService( 1113):   [2] iface=usbnet0 uid=-1 set=ALL tag=0x0 rxBytes=0 rxPackets=0 txBytes=0 txPackets=0 operations=0
D/NetworkManagementService( 1113):   [3] iface=lo uid=-1 set=ALL tag=0x0 rxBytes=44353417 rxPackets=72862 txBytes=44353417 txPackets=72862 operations=0
D/NetworkManagementService( 1113): hardware tether stats:NetworkStats: elapsedRealtime=1209520134
D/NetworkManagementService( 1113): getNetworkStatsSummaryDev:NetworkStats: elapsedRealtime=1209520136
D/NetworkManagementService( 1113):   [0] iface=rmnet_data0 uid=-1 set=ALL tag=0x0 rxBytes=11563603 rxPackets=18985 txBytes=3151660 txPackets=23393 operations=0
D/NetworkManagementService( 1113):   [1] iface=wlan0 uid=-1 set=ALL tag=0x0 rxBytes=1640133620 rxPackets=1904060 txBytes=147864416 txPackets=1468207 operations=0
D/NetworkManagementService( 1113):   [2] iface=usbnet0 uid=-1 set=ALL tag=0x0 rxBytes=0 rxPackets=0 txBytes=0 txPackets=0 operations=0
D/NetworkManagementService( 1113):   [3] iface=lo uid=-1 set=ALL tag=0x0 rxBytes=44353417 rxPackets=72862 txBytes=44353417 txPackets=72862 operations=0
W/ContextImpl( 3940): Calling a method in the system process without a qualified user: android.app.ContextImpl.sendBroadcast:1342 android.content.ContextWrapper.sendBroadcast:387 com.miui.networkassistant.service.tm.TrafficManageService.broadCastDataUsageUpdated:-1 com.miui.networkassistant.service.tm.TrafficManageService$8.onReceive:-1 android.app.LoadedApk$ReceiverDispatcher$Args.run:868 
D/NetworkManagementService( 1113): hardware tether stats:NetworkStats: elapsedRealtime=1209520226
D/NetworkManagementService( 1113): getNetworkStatsSummaryXt:NetworkStats: elapsedRealtime=1209520228
D/NetworkManagementService( 1113):   [0] iface=rmnet_data0 uid=-1 set=ALL tag=0x0 rxBytes=11563603 rxPackets=18985 txBytes=3050940 txPackets=23393 operations=0
D/NetworkManagementService( 1113):   [1] iface=wlan0 uid=-1 set=ALL tag=0x0 rxBytes=1635046841 rxPackets=1751380 txBytes=126832491 txPackets=1455542 operations=0
D/NetworkManagementService( 1113):   [2] iface=usbnet0 uid=-1 set=ALL tag=0x0 rxBytes=0 rxPackets=0 txBytes=0 txPackets=0 operations=0
D/NetworkManagementService( 1113):   [3] iface=lo uid=-1 set=ALL tag=0x0 rxBytes=44353417 rxPackets=72862 txBytes=44353417 txPackets=72862 operations=0
D/NetworkManagementService( 1113): hardware tether stats:NetworkStats: elapsedRealtime=1209520229
D/NetworkManagementService( 1113): getNetworkStatsSummaryDev:NetworkStats: elapsedRealtime=1209520230
D/NetworkManagementService( 1113):   [0] iface=rmnet_data0 uid=-1 set=ALL tag=0x0 rxBytes=11563603 rxPackets=18985 txBytes=3151660 txPackets=23393 operations=0
D/NetworkManagementService( 1113):   [1] iface=wlan0 uid=-1 set=ALL tag=0x0 rxBytes=1640365824 rxPackets=1904218 txBytes=147877724 txPackets=1468365 operations=0
D/NetworkManagementService( 1113):   [2] iface=usbnet0 uid=-1 set=ALL tag=0x0 rxBytes=0 rxPackets=0 txBytes=0 txPackets=0 operations=0
D/NetworkManagementService( 1113):   [3] iface=lo uid=-1 set=ALL tag=0x0 rxBytes=44353417 rxPackets=72862 txBytes=44353417 txPackets=72862 operations=0
W/ContextImpl( 3940): Calling a method in the system process without a qualified user: android.app.ContextImpl.sendBroadcast:1342 android.content.ContextWrapper.sendBroadcast:387 com.miui.networkassistant.service.tm.TrafficManageService.broadCastDataUsageUpdated:-1 com.miui.networkassistant.service.tm.TrafficManageService$8.onReceive:-1 android.app.LoadedApk$ReceiverDispatcher$Args.run:868 
D/NetworkManagementService( 1113): hardware tether stats:NetworkStats: elapsedRealtime=1209520424
D/NetworkManagementService( 1113): getNetworkStatsSummaryXt:NetworkStats: elapsedRealtime=1209520426
D/NetworkManagementService( 1113):   [0] iface=rmnet_data0 uid=-1 set=ALL tag=0x0 rxBytes=11563603 rxPackets=18985 txBytes=3050940 txPackets=23393 operations=0
D/NetworkManagementService( 1113):   [1] iface=wlan0 uid=-1 set=ALL tag=0x0 rxBytes=1635210131 rxPackets=1751493 txBytes=126839815 txPackets=1455654 operations=0
D/NetworkManagementService( 1113):   [2] iface=usbnet0 uid=-1 set=ALL tag=0x0 rxBytes=0 rxPackets=0 txBytes=0 txPackets=0 operations=0
D/NetworkManagementService( 1113):   [3] iface=lo uid=-1 set=ALL tag=0x0 rxBytes=44353417 rxPackets=72862 txBytes=44353417 txPackets=72862 operations=0
D/NetworkManagementService( 1113): hardware tether stats:NetworkStats: elapsedRealtime=1209520427
D/NetworkManagementService( 1113): getNetworkStatsSummaryDev:NetworkStats: elapsedRealtime=1209520429
D/NetworkManagementService( 1113):   [0] iface=rmnet_data0 uid=-1 set=ALL tag=0x0 rxBytes=11563603 rxPackets=18985 txBytes=3151660 txPackets=23393 operations=0
D/NetworkManagementService( 1113):   [1] iface=wlan0 uid=-1 set=ALL tag=0x0 rxBytes=1640517080 rxPackets=1904322 txBytes=147885914 txPackets=1468468 operations=0
D/NetworkManagementService( 1113):   [2] iface=usbnet0 uid=-1 set=ALL tag=0x0 rxBytes=0 rxPackets=0 txBytes=0 txPackets=0 operations=0
D/NetworkManagementService( 1113):   [3] iface=lo uid=-1 set=ALL tag=0x0 rxBytes=44353417 rxPackets=72862 txBytes=44353417 txPackets=72862 operations=0
W/ContextImpl( 3940): Calling a method in the system process without a qualified user: android.app.ContextImpl.sendBroadcast:1342 android.content.ContextWrapper.sendBroadcast:387 com.miui.networkassistant.service.tm.TrafficManageService.broadCastDataUsageUpdated:-1 com.miui.networkassistant.service.tm.TrafficManageService$8.onReceive:-1 android.app.LoadedApk$ReceiverDispatcher$Args.run:868 
W/FileUtils(10402): Failed to chmod(/storage/emulated/0/MIUI/lockscreen/.info/images/I01023912): android.system.ErrnoException: chmod failed: EPERM (Operation not permitted)
W/FileUtils(10402): Failed to chmod(/storage/emulated/0/MIUI/lockscreen/.info/images/I01024750): android.system.ErrnoException: chmod failed: EPERM (Operation not permitted)
W/FileUtils(10402): Failed to chmod(/storage/emulated/0/MIUI/lockscreen/.info/images/I01024748): android.system.ErrnoException: chmod failed: EPERM (Operation not permitted)
D/NetworkManagementService( 1113): hardware tether stats:NetworkStats: elapsedRealtime=1209520565
D/NetworkManagementService( 1113): getNetworkStatsSummaryXt:NetworkStats: elapsedRealtime=1209520566
D/NetworkManagementService( 1113):   [0] iface=rmnet_data0 uid=-1 set=ALL tag=0x0 rxBytes=11563603 rxPackets=18985 txBytes=3050940 txPackets=23393 operations=0
D/NetworkManagementService( 1113):   [1] iface=wlan0 uid=-1 set=ALL tag=0x0 rxBytes=1635396449 rxPackets=1751621 txBytes=126846185 txPackets=1455786 operations=0
D/NetworkManagementService( 1113):   [2] iface=usbnet0 uid=-1 set=ALL tag=0x0 rxBytes=0 rxPackets=0 txBytes=0 txPackets=0 operations=0
D/NetworkManagementService( 1113):   [3] iface=lo uid=-1 set=ALL tag=0x0 rxBytes=44353417 rxPackets=72862 txBytes=44353417 txPackets=72862 operations=0
D/NetworkManagementService( 1113): hardware tether stats:NetworkStats: elapsedRealtime=1209520567
D/NetworkManagementService( 1113): getNetworkStatsSummaryDev:NetworkStats: elapsedRealtime=1209520568
D/NetworkManagementService( 1113):   [0] iface=rmnet_data0 uid=-1 set=ALL tag=0x0 rxBytes=11563603 rxPackets=18985 txBytes=3151660 txPackets=23393 operations=0
D/NetworkManagementService( 1113):   [1] iface=wlan0 uid=-1 set=ALL tag=0x0 rxBytes=1640703404 rxPackets=1904450 txBytes=147894132 txPackets=1468600 operations=0
D/NetworkManagementService( 1113):   [2] iface=usbnet0 uid=-1 set=ALL tag=0x0 rxBytes=0 rxPackets=0 txBytes=0 txPackets=0 operations=0
D/NetworkManagementService( 1113):   [3] iface=lo uid=-1 set=ALL tag=0x0 rxBytes=44353417 rxPackets=72862 txBytes=44353417 txPackets=72862 operations=0
W/ContextImpl( 3940): Calling a method in the system process without a qualified user: android.app.ContextImpl.sendBroadcast:1342 android.content.ContextWrapper.sendBroadcast:387 com.miui.networkassistant.service.tm.TrafficManageService.broadCastDataUsageUpdated:-1 com.miui.networkassistant.service.tm.TrafficManageService$8.onReceive:-1 android.app.LoadedApk$ReceiverDispatcher$Args.run:868 
D/NetworkManagementService( 1113): hardware tether stats:NetworkStats: elapsedRealtime=1209520642
D/NetworkManagementService( 1113): getNetworkStatsSummaryXt:NetworkStats: elapsedRealtime=1209520643
D/NetworkManagementService( 1113):   [0] iface=rmnet_data0 uid=-1 set=ALL tag=0x0 rxBytes=11563603 rxPackets=18985 txBytes=3050940 txPackets=23393 operations=0
D/NetworkManagementService( 1113):   [1] iface=wlan0 uid=-1 set=ALL tag=0x0 rxBytes=1635575165 rxPackets=1751745 txBytes=126852996 txPackets=1455914 operations=0
D/NetworkManagementService( 1113):   [2] iface=usbnet0 uid=-1 set=ALL tag=0x0 rxBytes=0 rxPackets=0 txBytes=0 txPackets=0 operations=0
D/NetworkManagementService( 1113):   [3] iface=lo uid=-1 set=ALL tag=0x0 rxBytes=44353417 rxPackets=72862 txBytes=44353417 txPackets=72862 operations=0
D/NetworkManagementService( 1113): hardware tether stats:NetworkStats: elapsedRealtime=1209520644
D/NetworkManagementService( 1113): getNetworkStatsSummaryDev:NetworkStats: elapsedRealtime=1209520644
D/NetworkManagementService( 1113):   [0] iface=rmnet_data0 uid=-1 set=ALL tag=0x0 rxBytes=11563603 rxPackets=18985 txBytes=3151660 txPackets=23393 operations=0
D/NetworkManagementService( 1113):   [1] iface=wlan0 uid=-1 set=ALL tag=0x0 rxBytes=1640882126 rxPackets=1904574 txBytes=147902735 txPackets=1468728 operations=0
D/NetworkManagementService( 1113):   [2] iface=usbnet0 uid=-1 set=ALL tag=0x0 rxBytes=0 rxPackets=0 txBytes=0 txPackets=0 operations=0
D/NetworkManagementService( 1113):   [3] iface=lo uid=-1 set=ALL tag=0x0 rxBytes=44353417 rxPackets=72862 txBytes=44353417 txPackets=72862 operations=0
W/ContextImpl( 3940): Calling a method in the system process without a qualified user: android.app.ContextImpl.sendBroadcast:1342 android.content.ContextWrapper.sendBroadcast:387 com.miui.networkassistant.service.tm.TrafficManageService.broadCastDataUsageUpdated:-1 com.miui.networkassistant.service.tm.TrafficManageService$8.onReceive:-1 android.app.LoadedApk$ReceiverDispatcher$Args.run:868 
D/NetworkManagementService( 1113): hardware tether stats:NetworkStats: elapsedRealtime=1209520748
D/NetworkManagementService( 1113): getNetworkStatsSummaryXt:NetworkStats: elapsedRealtime=1209520749
