D/NetworkManagementService( 1113):   [0] iface=rmnet_data0 uid=-1 set=ALL tag=0x0 rxBytes=11563603 rxPackets=18985 txBytes=3050940 txPackets=23393 operations=0
D/NetworkManagementService( 1113):   [1] iface=wlan0 uid=-1 set=ALL tag=0x0 rxBytes=1635811778 rxPackets=1751913 txBytes=126861102 txPackets=1456083 operations=0
D/NetworkManagementService( 1113):   [2] iface=usbnet0 uid=-1 set=ALL tag=0x0 rxBytes=0 rxPackets=0 txBytes=0 txPackets=0 operations=0
D/NetworkManagementService( 1113):   [3] iface=lo uid=-1 set=ALL tag=0x0 rxBytes=44353417 rxPackets=72862 txBytes=44353417 txPackets=72862 operations=0
D/NetworkManagementService( 1113): hardware tether stats:NetworkStats: elapsedRealtime=1209520750
D/NetworkManagementService( 1113): getNetworkStatsSummaryDev:NetworkStats: elapsedRealtime=1209520751
D/NetworkManagementService( 1113):   [0] iface=rmnet_data0 uid=-1 set=ALL tag=0x0 rxBytes=11563603 rxPackets=18985 txBytes=3151660 txPackets=23393 operations=0
D/NetworkManagementService( 1113):   [1] iface=wlan0 uid=-1 set=ALL tag=0x0 rxBytes=1641118763 rxPackets=1904742 txBytes=147913207 txPackets=1468897 operations=0
D/NetworkManagementService( 1113):   [2] iface=usbnet0 uid=-1 set=ALL tag=0x0 rxBytes=0 rxPackets=0 txBytes=0 txPackets=0 operations=0
D/NetworkManagementService( 1113):   [3] iface=lo uid=-1 set=ALL tag=0x0 rxBytes=44353417 rxPackets=72862 txBytes=44353417 txPackets=72862 operations=0
W/ContextImpl( 3940): Calling a method in the system process without a qualified user: android.app.ContextImpl.sendBroadcast:1342 android.content.ContextWrapper.sendBroadcast:387 com.miui.networkassistant.service.tm.TrafficManageService.broadCastDataUsageUpdated:-1 com.miui.networkassistant.service.tm.TrafficManageService$8.onReceive:-1 android.app.LoadedApk$ReceiverDispatcher$Args.run:868 
D/NetworkManagementService( 1113): hardware tether stats:NetworkStats: elapsedRealtime=1209520853
D/NetworkManagementService( 1113): getNetworkStatsSummaryXt:NetworkStats: elapsedRealtime=1209520854
D/NetworkManagementService( 1113):   [0] iface=rmnet_data0 uid=-1 set=ALL tag=0x0 rxBytes=11563603 rxPackets=18985 txBytes=3050940 txPackets=23393 operations=0
D/NetworkManagementService( 1113):   [1] iface=wlan0 uid=-1 set=ALL tag=0x0 rxBytes=1635956342 rxPackets=1752011 txBytes=126866022 txPackets=1456181 operations=0
D/NetworkManagementService( 1113):   [2] iface=usbnet0 uid=-1 set=ALL tag=0x0 rxBytes=0 rxPackets=0 txBytes=0 txPackets=0 operations=0
D/NetworkManagementService( 1113):   [3] iface=lo uid=-1 set=ALL tag=0x0 rxBytes=44353417 rxPackets=72862 txBytes=44353417 txPackets=72862 operations=0
D/NetworkManagementService( 1113): hardware tether stats:NetworkStats: elapsedRealtime=1209520855
D/NetworkManagementService( 1113): getNetworkStatsSummaryDev:NetworkStats: elapsedRealtime=1209520855
D/NetworkManagementService( 1113):   [0] iface=rmnet_data0 uid=-1 set=ALL tag=0x0 rxBytes=11563603 rxPackets=18985 txBytes=3151660 txPackets=23393 operations=0
D/NetworkManagementService( 1113):   [1] iface=wlan0 uid=-1 set=ALL tag=0x0 rxBytes=1641263327 rxPackets=1904840 txBytes=147919499 txPackets=1468995 operations=0
D/NetworkManagementService( 1113):   [2] iface=usbnet0 uid=-1 set=ALL tag=0x0 rxBytes=0 rxPackets=0 txBytes=0 txPackets=0 operations=0
D/NetworkManagementService( 1113):   [3] iface=lo uid=-1 set=ALL tag=0x0 rxBytes=44353417 rxPackets=72862 txBytes=44353417 txPackets=72862 operations=0
W/ContextImpl( 3940): Calling a method in the system process without a qualified user: android.app.ContextImpl.sendBroadcast:1342 android.content.ContextWrapper.sendBroadcast:387 com.miui.networkassistant.service.tm.TrafficManageService.broadCastDataUsageUpdated:-1 com.miui.networkassistant.service.tm.TrafficManageService$8.onReceive:-1 android.app.LoadedApk$ReceiverDispatcher$Args.run:868 
D/NetworkManagementService( 1113): hardware tether stats:NetworkStats: elapsedRealtime=1209520956
D/NetworkManagementService( 1113): getNetworkStatsSummaryXt:NetworkStats: elapsedRealtime=1209520956
D/NetworkManagementService( 1113):   [0] iface=rmnet_data0 uid=-1 set=ALL tag=0x0 rxBytes=11563603 rxPackets=18985 txBytes=3050940 txPackets=23393 operations=0
D/NetworkManagementService( 1113):   [1] iface=wlan0 uid=-1 set=ALL tag=0x0 rxBytes=1636128030 rxPackets=1752126 txBytes=126872242 txPackets=1456296 operations=0
D/NetworkManagementService( 1113):   [2] iface=usbnet0 uid=-1 set=ALL tag=0x0 rxBytes=0 rxPackets=0 txBytes=0 txPackets=0 operations=0
D/NetworkManagementService( 1113):   [3] iface=lo uid=-1 set=ALL tag=0x0 rxBytes=44353417 rxPackets=72862 txBytes=44353417 txPackets=72862 operations=0
D/NetworkManagementService( 1113): hardware tether stats:NetworkStats: elapsedRealtime=1209520957
D/NetworkManagementService( 1113): getNetworkStatsSummaryDev:NetworkStats: elapsedRealtime=1209520958
D/NetworkManagementService( 1113):   [0] iface=rmnet_data0 uid=-1 set=ALL tag=0x0 rxBytes=11563603 rxPackets=18985 txBytes=3151660 txPackets=23393 operations=0
D/NetworkManagementService( 1113):   [1] iface=wlan0 uid=-1 set=ALL tag=0x0 rxBytes=1641435015 rxPackets=1904955 txBytes=147927329 txPackets=1469110 operations=0
D/NetworkManagementService( 1113):   [2] iface=usbnet0 uid=-1 set=ALL tag=0x0 rxBytes=0 rxPackets=0 txBytes=0 txPackets=0 operations=0
D/NetworkManagementService( 1113):   [3] iface=lo uid=-1 set=ALL tag=0x0 rxBytes=44353417 rxPackets=72862 txBytes=44353417 txPackets=72862 operations=0
W/ContextImpl( 3940): Calling a method in the system process without a qualified user: android.app.ContextImpl.sendBroadcast:1342 android.content.ContextWrapper.sendBroadcast:387 com.miui.networkassistant.service.tm.TrafficManageService.broadCastDataUsageUpdated:-1 com.miui.networkassistant.service.tm.TrafficManageService$8.onReceive:-1 android.app.LoadedApk$ReceiverDispatcher$Args.run:868 
D/NetworkManagementService( 1113): hardware tether stats:NetworkStats: elapsedRealtime=1209521142
D/NetworkManagementService( 1113): getNetworkStatsSummaryXt:NetworkStats: elapsedRealtime=1209521143
D/NetworkManagementService( 1113):   [0] iface=rmnet_data0 uid=-1 set=ALL tag=0x0 rxBytes=11563603 rxPackets=18985 txBytes=3050940 txPackets=23393 operations=0
D/NetworkManagementService( 1113):   [1] iface=wlan0 uid=-1 set=ALL tag=0x0 rxBytes=1636334218 rxPackets=1752264 txBytes=126879878 txPackets=1456436 operations=0
D/NetworkManagementService( 1113):   [2] iface=usbnet0 uid=-1 set=ALL tag=0x0 rxBytes=0 rxPackets=0 txBytes=0 txPackets=0 operations=0
D/NetworkManagementService( 1113):   [3] iface=lo uid=-1 set=ALL tag=0x0 rxBytes=44353417 rxPackets=72862 txBytes=44353417 txPackets=72862 operations=0
D/NetworkManagementService( 1113): hardware tether stats:NetworkStats: elapsedRealtime=1209521144
W/FileUtils(10402): Failed to chmod(/storage/emulated/0/MIUI/lockscreen/.info/images/I01023914): android.system.ErrnoException: chmod failed: EPERM (Operation not permitted)
D/NetworkManagementService( 1113): getNetworkStatsSummaryDev:NetworkStats: elapsedRealtime=1209521145
D/NetworkManagementService( 1113):   [0] iface=rmnet_data0 uid=-1 set=ALL tag=0x0 rxBytes=11563603 rxPackets=18985 txBytes=3151660 txPackets=23393 operations=0
D/NetworkManagementService( 1113):   [1] iface=wlan0 uid=-1 set=ALL tag=0x0 rxBytes=1641665203 rxPackets=1905109 txBytes=147938365 txPackets=1469266 operations=0
D/NetworkManagementService( 1113):   [2] iface=usbnet0 uid=-1 set=ALL tag=0x0 rxBytes=0 rxPackets=0 txBytes=0 txPackets=0 operations=0
D/NetworkManagementService( 1113):   [3] iface=lo uid=-1 set=ALL tag=0x0 rxBytes=44353417 rxPackets=72862 txBytes=44353417 txPackets=72862 operations=0
W/ContextImpl( 3940): Calling a method in the system process without a qualified user: android.app.ContextImpl.sendBroadcast:1342 android.content.ContextWrapper.sendBroadcast:387 com.miui.networkassistant.service.tm.TrafficManageService.broadCastDataUsageUpdated:-1 com.miui.networkassistant.service.tm.TrafficManageService$8.onReceive:-1 android.app.LoadedApk$ReceiverDispatcher$Args.run:868 
D/NetworkManagementService( 1113): hardware tether stats:NetworkStats: elapsedRealtime=1209521362
D/NetworkManagementService( 1113): getNetworkStatsSummaryXt:NetworkStats: elapsedRealtime=1209521365
D/NetworkManagementService( 1113):   [0] iface=rmnet_data0 uid=-1 set=ALL tag=0x0 rxBytes=11563603 rxPackets=18985 txBytes=3050940 txPackets=23393 operations=0
D/NetworkManagementService( 1113):   [1] iface=wlan0 uid=-1 set=ALL tag=0x0 rxBytes=1636560426 rxPackets=1752416 txBytes=126887674 txPackets=1456589 operations=0
D/NetworkManagementService( 1113):   [2] iface=usbnet0 uid=-1 set=ALL tag=0x0 rxBytes=0 rxPackets=0 txBytes=0 txPackets=0 operations=0
D/NetworkManagementService( 1113):   [3] iface=lo uid=-1 set=ALL tag=0x0 rxBytes=44353417 rxPackets=72862 txBytes=44353417 txPackets=72862 operations=0
D/NetworkManagementService( 1113): hardware tether stats:NetworkStats: elapsedRealtime=1209521366
D/NetworkManagementService( 1113): getNetworkStatsSummaryDev:NetworkStats: elapsedRealtime=1209521368
D/NetworkManagementService( 1113):   [0] iface=rmnet_data0 uid=-1 set=ALL tag=0x0 rxBytes=11563603 rxPackets=18985 txBytes=3151660 txPackets=23393 operations=0
D/NetworkManagementService( 1113):   [1] iface=wlan0 uid=-1 set=ALL tag=0x0 rxBytes=1641867411 rxPackets=1905245 txBytes=147946863 txPackets=1469403 operations=0
D/NetworkManagementService( 1113):   [2] iface=usbnet0 uid=-1 set=ALL tag=0x0 rxBytes=0 rxPackets=0 txBytes=0 txPackets=0 operations=0
D/NetworkManagementService( 1113):   [3] iface=lo uid=-1 set=ALL tag=0x0 rxBytes=44353417 rxPackets=72862 txBytes=44353417 txPackets=72862 operations=0
W/ContextImpl( 3940): Calling a method in the system process without a qualified user: android.app.ContextImpl.sendBroadcast:1342 android.content.ContextWrapper.sendBroadcast:387 com.miui.networkassistant.service.tm.TrafficManageService.broadCastDataUsageUpdated:-1 com.miui.networkassistant.service.tm.TrafficManageService$8.onReceive:-1 android.app.LoadedApk$ReceiverDispatcher$Args.run:868 
W/FileUtils(10402): Failed to chmod(/storage/emulated/0/MIUI/lockscreen/.info/images/I01024087): android.system.ErrnoException: chmod failed: EPERM (Operation not permitted)
W/ActivityManager( 1113): getRunningAppProcesses: caller 10086 does not hold REAL_GET_TASKS; limiting output
W/FileUtils(10402): Failed to chmod(/storage/emulated/0/MIUI/lockscreen/.info/images/I01024089): android.system.ErrnoException: chmod failed: EPERM (Operation not permitted)
W/FileUtils(10402): Failed to chmod(/storage/emulated/0/MIUI/lockscreen/.info/images/I01024088): android.system.ErrnoException: chmod failed: EPERM (Operation not permitted)
W/FileUtils(10402): Failed to chmod(/storage/emulated/0/MIUI/lockscreen/.info/images/I01024749): android.system.ErrnoException: chmod failed: EPERM (Operation not permitted)
W/FileUtils(10402): Failed to chmod(/storage/emulated/0/MIUI/lockscreen/.info/images/I01023915): android.system.ErrnoException: chmod failed: EPERM (Operation not permitted)
W/FileUtils(10402): Failed to chmod(/storage/emulated/0/MIUI/lockscreen/.info/images/I01023154): android.system.ErrnoException: chmod failed: EPERM (Operation not permitted)
W/FileUtils(10402): Failed to chmod(/storage/emulated/0/MIUI/lockscreen/.info/images/I01023913): android.system.ErrnoException: chmod failed: EPERM (Operation not permitted)
W/FileUtils(10402): Failed to chmod(/storage/emulated/0/MIUI/lockscreen/.info/images/I01017649): android.system.ErrnoException: chmod failed: EPERM (Operation not permitted)
W/FileUtils(10402): Failed to chmod(/storage/emulated/0/MIUI/lockscreen/.info/images/I01023155): android.system.ErrnoException: chmod failed: EPERM (Operation not permitted)
W/FileUtils(10402): Failed to chmod(/storage/emulated/0/MIUI/lockscreen/.info/images/I01021684): android.system.ErrnoException: chmod failed: EPERM (Operation not permitted)
W/FileUtils(10402): Failed to chmod(/storage/emulated/0/MIUI/lockscreen/.info/images/I01022345): android.system.ErrnoException: chmod failed: EPERM (Operation not permitted)
W/FileUtils(10402): Failed to chmod(/storage/emulated/0/MIUI/lockscreen/.info/images/I01017648): android.system.ErrnoException: chmod failed: EPERM (Operation not permitted)
W/FileUtils(10402): Failed to chmod(/storage/emulated/0/MIUI/lockscreen/.info/images/I01022346): android.system.ErrnoException: chmod failed: EPERM (Operation not permitted)
W/FileUtils(10402): Failed to chmod(/storage/emulated/0/MIUI/lockscreen/.info/images/I01017647): android.system.ErrnoException: chmod failed: EPERM (Operation not permitted)
W/FileUtils(10402): Failed to chmod(/storage/emulated/0/MIUI/lockscreen/.info/images/I01017646): android.system.ErrnoException: chmod failed: EPERM (Operation not permitted)
W/FileUtils(10402): Failed to chmod(/storage/emulated/0/MIUI/lockscreen/.info/images/I00012815): android.system.ErrnoException: chmod failed: EPERM (Operation not permitted)
W/FileUtils(10402): Failed to chmod(/storage/emulated/0/MIUI/lockscreen/.info/images/I01017645): android.system.ErrnoException: chmod failed: EPERM (Operation not permitted)
W/ActivityManager( 1113): getTasks: caller 10086 does not hold REAL_GET_TASKS; limiting output
W/ActivityManager( 1113): getTasks: caller 10086 does not hold REAL_GET_TASKS; limiting output
W/ActivityManager( 1113): getTasks: caller 10086 does not hold REAL_GET_TASKS; limiting output
W/FileUtils(10402): Failed to chmod(/storage/emulated/0/MIUI/lockscreen/.info/images/I00012818): android.system.ErrnoException: chmod failed: EPERM (Operation not permitted)
W/FileUtils(10402): Failed to chmod(/storage/emulated/0/MIUI/lockscreen/.info/images/I00012819): android.system.ErrnoException: chmod failed: EPERM (Operation not permitted)
W/ActivityManager( 1113): getRunningAppProcesses: caller 10086 does not hold REAL_GET_TASKS; limiting output
W/FileUtils(10402): Failed to chmod(/storage/emulated/0/MIUI/lockscreen/.info/images/I00012649): android.system.ErrnoException: chmod failed: EPERM (Operation not permitted)
W/FileUtils(10402): Failed to chmod(/storage/emulated/0/MIUI/lockscreen/.info/images/I00012817): android.system.ErrnoException: chmod failed: EPERM (Operation not permitted)
W/FileUtils(10402): Failed to chmod(/storage/emulated/0/MIUI/lockscreen/.info/images/I00012816): android.system.ErrnoException: chmod failed: EPERM (Operation not permitted)
W/FileUtils(10402): Failed to chmod(/storage/emulated/0/MIUI/lockscreen/.info/images/I00012650): android.system.ErrnoException: chmod failed: EPERM (Operation not permitted)
W/FileUtils(10402): Failed to chmod(/storage/emulated/0/MIUI/lockscreen/.info/images/I00012820): android.system.ErrnoException: chmod failed: EPERM (Operation not permitted)
D/BaseMiuiPhoneWindowManager( 1113): keyCode:4 down:true 437364405 437364405 policyFlags=22000002 deviceId:5 isScreenOn:true
D/WindowManager( 1113): keyguardActive=false
D/BaseMiuiPhoneWindowManager( 1113): keyCode:4 down:false 437364629 437364405 policyFlags=22000002 deviceId:5 isScreenOn:true
D/WindowManager( 1113): keyguardActive=false
E/ActivityManager( 1113): Invalid thumbnail dimensions: 0x0
I/ActivityManager( 1113): Killing 30652:com.miui.player/u0a21 (adj 15): empty #17
D/ActivityManagerInjector( 1113): com.miui.player is killed by AMS with adj 16 ,do not allow restart
D/ActivityManager( 1113): cleanUpApplicationRecord -- 30652
I/ActivityManager( 1113): START u0 {act=android.intent.action.VIEW dat=content://com.android.email.provider/uifolder/1?appVersion=500110 typ=application/email-ls flg=0x1000c000 pkg=com.android.email cmp=com.android.email/com.kingsoft.email2.ui.MailActivityEmail bnds=[107,1214][1333,1430] (has extras)} from uid 10039 on display 0
W/ContextImpl( 3604): Calling a method in the system process without a qualified user: android.app.ContextImpl.bindService:1771 android.content.ContextWrapper.bindService:549 com.xiaomi.mistatistic.sdk.controller.LocalEventRecorder.a:96 com.xiaomi.mistatistic.sdk.controller.LocalEventRecorder.b:71 com.xiaomi.mistatistic.sdk.controller.LocalEventRecorder.a:25 
D/BaseMiuiPhoneWindowManager( 1113): keyCode:4 down:true 437374374 437374374 policyFlags=22000002 deviceId:5 isScreenOn:true
D/WindowManager( 1113): keyguardActive=false
D/BaseMiuiPhoneWindowManager( 1113): keyCode:4 down:false 437374770 437374374 policyFlags=22000002 deviceId:5 isScreenOn:true
D/WindowManager( 1113): keyguardActive=false
E/ActivityManager( 1113): Invalid thumbnail dimensions: 0x0
W/ContextImpl( 3604): Calling a method in the system process without a qualified user: android.app.ContextImpl.bindService:1771 android.content.ContextWrapper.bindService:549 com.xiaomi.mistatistic.sdk.controller.LocalEventRecorder.a:96 com.xiaomi.mistatistic.sdk.controller.LocalEventRecorder.b:71 com.xiaomi.mistatistic.sdk.controller.LocalEventRecorder.a:25 
W/ActivityManager( 1113): getRunningAppProcesses: caller 10086 does not hold REAL_GET_TASKS; limiting output
W/ContextImpl( 3604): Calling a method in the system process without a qualified user: android.app.ContextImpl.bindService:1771 android.content.ContextWrapper.bindService:549 com.xiaomi.mistatistic.sdk.controller.LocalEventRecorder.a:96 com.xiaomi.mistatistic.sdk.controller.LocalEventRecorder.b:71 com.xiaomi.mistatistic.sdk.controller.LocalEventRecorder.a:25 
W/InputMethodManagerService( 1113): Window already focused, ignoring focus gain of: com.android.internal.view.IInputMethodClient$Stub$Proxy@1f82a79c attribute=null, token = android.os.BinderProxy@27f4a61b
I/ActivityManager( 1113): START u0 {act=android.intent.action.MAIN cat=[android.intent.category.LAUNCHER] flg=0x10200000 cmp=com.android.contacts/.activities.TwelveKeyDialer bnds=[89,2264][313,2488] (has extras)} from uid 10018 on display 0
I/ActivityManager( 1113): Start proc 31576:com.android.contacts/u0a8 for activity com.android.contacts/.activities.TwelveKeyDialer
W/ResourcesManager(31576): Asset path '/system/framework/protobuf.jar' does not exist or contains no resources.
W/ResourcesManager(31576): Asset path '/system/framework/android-support-v13.jar' does not exist or contains no resources.
W/ResourcesManager(31576): Asset path '/system/framework/eventbus.jar' does not exist or contains no resources.
W/ResourcesManager(31576): Asset path '/system/framework/javax.obex.jar' does not exist or contains no resources.
W/ResourcesManager(31576): Asset path '/system/framework/zxing.jar' does not exist or contains no resources.
W/ResourcesManager(31576): Asset path '/system/framework/cloud-common.jar' does not exist or contains no resources.
W/ActivityManager( 1113): getRunningAppProcesses: caller 10008 is using old GET_TASKS but privileged; allowing
I/ActivityManager( 1113): Start proc 31606:com.miui.cloudservice:remote/u0a36 for service com.miui.cloudservice/.miprofile.MiProfileMessengerService
W/ActivityManager( 1113): getRunningAppProcesses: caller 10008 is using old GET_TASKS but privileged; allowing
W/ResourcesManager(31606): Asset path '/system/framework/eventbus.jar' does not exist or contains no resources.
W/ResourcesManager(31606): Asset path '/system/framework/picasso.jar' does not exist or contains no resources.
W/ResourcesManager(31606): Asset path '/system/framework/cloud-common.jar' does not exist or contains no resources.
W/ResourcesManager(31606): Asset path '/system/framework/miuipushsdkshared.jar' does not exist or contains no resources.
W/ActivityManager( 1113): getRunningAppProcesses: caller 10036 does not hold REAL_GET_TASKS; limiting output
W/ActivityManager( 1113): getRunningAppProcesses: caller 10036 does not hold REAL_GET_TASKS; limiting output
W/ActivityManager( 1113): getRunningAppProcesses: caller 10036 does not hold REAL_GET_TASKS; limiting output
E/ActivityThread(31576): Failed to find provider info for com.google.settings
D/ConnectivityService( 1113): listenForNetwork for NetworkRequest [ id=609, legacyType=-1, [ Capabilities: INTERNET&NOT_RESTRICTED&TRUSTED&NOT_VPN] ]
D/ConnectivityService( 1113): handleRegisterNetworkRequest checking NetworkAgentInfo [WIFI () - 181]
D/ConnectivityService( 1113): apparently satisfied.  currentScore=100
W/ActivityManager( 1113): getRunningAppProcesses: caller 10086 does not hold REAL_GET_TASKS; limiting output
W/ActivityManager( 1113): getRunningAppProcesses: caller 10086 does not hold REAL_GET_TASKS; limiting output
D/BaseMiuiPhoneWindowManager( 1113): keyCode:4 down:true 437396613 437396613 policyFlags=22000002 deviceId:5 isScreenOn:true
D/WindowManager( 1113): keyguardActive=false
W/ActivityManager( 1113): getRunningAppProcesses: caller 10416 does not hold REAL_GET_TASKS; limiting output
D/BaseMiuiPhoneWindowManager( 1113): keyCode:4 down:false 437396735 437396613 policyFlags=22000002 deviceId:5 isScreenOn:true
D/WindowManager( 1113): keyguardActive=false
I/ActivityManager( 1113): moveTaskToBack: TaskRecord{31d96ff2 #23342 A=android.task.contacts U=0 sz=1}
E/ActivityManager( 1113): Invalid thumbnail dimensions: 0x0
W/InputMethodManagerService( 1113): Window already focused, ignoring focus gain of: com.android.internal.view.IInputMethodClient$Stub$Proxy@f933d84 attribute=null, token = android.os.BinderProxy@27f4a61b
I/ActivityManager( 1113): Start proc 31695:com.qualcomm.services.location/1000 for broadcast com.qualcomm.msapm/.MSAPMReceiver
I/ActivityManager( 1113): Killing 30368:com.miui.notes:remote/u0a60 (adj 15): empty #17
D/ActivityManagerInjector( 1113): com.miui.notes:remote is killed by AMS with adj 15 ,do not allow restart
D/ActivityManager( 1113): cleanUpApplicationRecord -- 30368
W/InputMethodManagerService( 1113): Window already focused, ignoring focus gain of: com.android.internal.view.IInputMethodClient$Stub$Proxy@13c8adf0 attribute=null, token = android.os.BinderProxy@27f4a61b
D/BaseMiuiPhoneWindowManager( 1113): keyCode:26 down:true 437403365 437403365 policyFlags=22000000 deviceId:3 isScreenOn:true
D/WindowManager( 1113): keyguardActive=false
D/BaseMiuiPhoneWindowManager( 1113): keyCode:26 down:false 437403508 437403365 policyFlags=22000000 deviceId:3 isScreenOn:true
D/WindowManager( 1113): keyguardActive=false
I/PowerManagerService( 1113): Going to sleep due to power button (uid 1000)...
I/DisplayManagerService( 1113): Display device changed: DisplayDeviceInfo{"内置屏幕": uniqueId="local:0", 1440 x 2560, 60.0 fps, supportedRefreshRates [60.0], density 640, 515.154 x 516.063 dpi, appVsyncOff 0, presDeadline 17666667, touch INTERNAL, rotation 0, type BUILT_IN, state OFF, FLAG_DEFAULT_DISPLAY, FLAG_ROTATES_WITH_CONTENT, FLAG_SECURE, FLAG_SUPPORTS_PROTECTED_BUFFERS}
W/DreamManagerService( 1113): Dream ComponentInfo{com.android.systemui/com.android.systemui.doze.DozeService} does not exist
I/PowerManagerService( 1113): Sleeping (uid 1000)...
W/ContextImpl( 3604): Calling a method in the system process without a qualified user: android.app.ContextImpl.bindService:1771 android.content.ContextWrapper.bindService:549 android.content.ContextWrapper.bindService:549 miui.maml.elements.MusicController.registerListener:72 miui.maml.elements.MusicControlScreenElement.init:691 
W/ResourcesManager( 3604): Asset path '/system/framework/android-support-v13.jar' does not exist or contains no resources.
W/ResourcesManager( 3604): Asset path '/system/framework/android-support-v7-recyclerview.jar' does not exist or contains no resources.
W/ResourcesManager( 3604): Asset path '/system/framework/zxing.jar' does not exist or contains no resources.
W/ResourcesManager( 3604): Asset path '/system/framework/miuistatssdkshared.jar' does not exist or contains no resources.
E/NetlinkEvent(  417): NetlinkEvent::FindParam(): Parameter 'ALERT_NAME' not found
E/NetlinkEvent(  417): NetlinkEvent::FindParam(): Parameter 'ALERT_NAME' not found
E/NetlinkEvent(  450): NetlinkEvent::FindParam(): Parameter 'ALERT_NAME' not found
E/NetlinkEvent(  450): NetlinkEvent::FindParam(): Parameter 'ALERT_NAME' not found
E/NetlinkEvent(  450): NetlinkEvent::FindParam(): Parameter 'ALERT_NAME' not found
E/NetlinkEvent(  417): NetlinkEvent::FindParam(): Parameter 'ALERT_NAME' not found
E/NetlinkEvent(  417): NetlinkEvent::FindParam(): Parameter 'ALERT_NAME' not found
E/NetlinkEvent(  417): NetlinkEvent::FindParam(): Parameter 'ALERT_NAME' not found
E/NetlinkEvent(  417): NetlinkEvent::FindParam(): Parameter 'ALERT_NAME' not found
E/NetlinkEvent(  450): NetlinkEvent::FindParam(): Parameter 'ALERT_NAME' not found
E/NetlinkEvent(  450): NetlinkEvent::FindParam(): Parameter 'ALERT_NAME' not found
E/NetlinkEvent(  450): NetlinkEvent::FindParam(): Parameter 'ALERT_NAME' not found
E/NetlinkEvent(  450): NetlinkEvent::FindParam(): Parameter 'ALERT_NAME' not found
E/NetlinkEvent(  450): NetlinkEvent::FindParam(): Parameter 'ALERT_NAME' not found
E/NetlinkEvent(  417): NetlinkEvent::FindParam(): Parameter 'ALERT_NAME' not found
E/NetlinkEvent(  417): NetlinkEvent::FindParam(): Parameter 'ALERT_NAME' not found
E/NetlinkEvent(  417): NetlinkEvent::FindParam(): Parameter 'ALERT_NAME' not found
E/NetlinkEvent(  417): NetlinkEvent::FindParam(): Parameter 'ALERT_NAME' not found
E/NetlinkEvent(  450): NetlinkEvent::FindParam(): Parameter 'ALERT_NAME' not found
E/NetlinkEvent(  450): NetlinkEvent::FindParam(): Parameter 'ALERT_NAME' not found
E/NetlinkEvent(  417): NetlinkEvent::FindParam(): Parameter 'ALERT_NAME' not found
E/NetlinkEvent(  450): NetlinkEvent::FindParam(): Parameter 'ALERT_NAME' not found
E/NetlinkEvent(  450): NetlinkEvent::FindParam(): Parameter 'ALERT_NAME' not found
E/NetlinkEvent(  417): NetlinkEvent::FindParam(): Parameter 'ALERT_NAME' not found
E/NetlinkEvent(  417): NetlinkEvent::FindParam(): Parameter 'ALERT_NAME' not found
E/NetlinkEvent(  417): NetlinkEvent::FindParam(): Parameter 'ALERT_NAME' not found
E/NetlinkEvent(  417): NetlinkEvent::FindParam(): Parameter 'ALERT_NAME' not found
E/NetlinkEvent(  417): NetlinkEvent::FindParam(): Parameter 'ALERT_NAME' not found
E/NetlinkEvent(  417): NetlinkEvent::FindParam(): Parameter 'ALERT_NAME' not found
E/NetlinkEvent(  417): NetlinkEvent::FindParam(): Parameter 'ALERT_NAME' not found
E/NetlinkEvent(  417): NetlinkEvent::FindParam(): Parameter 'ALERT_NAME' not found
E/NetlinkEvent(  417): NetlinkEvent::FindParam(): Parameter 'ALERT_NAME' not found
E/NetlinkEvent(  417): NetlinkEvent::FindParam(): Parameter 'ALERT_NAME' not found
E/NetlinkEvent(  417): NetlinkEvent::FindParam(): Parameter 'ALERT_NAME' not found
E/NetlinkEvent(  450): NetlinkEvent::FindParam(): Parameter 'ALERT_NAME' not found
E/NetlinkEvent(  450): NetlinkEvent::FindParam(): Parameter 'ALERT_NAME' not found
E/NetlinkEvent(  450): NetlinkEvent::FindParam(): Parameter 'ALERT_NAME' not found
E/NetlinkEvent(  450): NetlinkEvent::FindParam(): Parameter 'ALERT_NAME' not found
E/NetlinkEvent(  450): NetlinkEvent::FindParam(): Parameter 'ALERT_NAME' not found
E/NetlinkEvent(  450): NetlinkEvent::FindParam(): Parameter 'ALERT_NAME' not found
E/NetlinkEvent(  450): NetlinkEvent::FindParam(): Parameter 'ALERT_NAME' not found
E/NetlinkEvent(  450): NetlinkEvent::FindParam(): Parameter 'ALERT_NAME' not found
E/NetlinkEvent(  450): NetlinkEvent::FindParam(): Parameter 'ALERT_NAME' not found
E/NetlinkEvent(  450): NetlinkEvent::FindParam(): Parameter 'ALERT_NAME' not found
E/NetlinkEvent(  417): NetlinkEvent::FindParam(): Parameter 'ALERT_NAME' not found
E/NetlinkEvent(  450): NetlinkEvent::FindParam(): Parameter 'ALERT_NAME' not found
E/NetlinkEvent(  450): NetlinkEvent::FindParam(): Parameter 'ALERT_NAME' not found
E/NetlinkEvent(  450): NetlinkEvent::FindParam(): Parameter 'ALERT_NAME' not found
E/NetlinkEvent(  450): NetlinkEvent::FindParam(): Parameter 'ALERT_NAME' not found
E/NetlinkEvent(  417): NetlinkEvent::FindParam(): Parameter 'ALERT_NAME' not found
E/NetlinkEvent(  417): NetlinkEvent::FindParam(): Parameter 'ALERT_NAME' not found
E/NetlinkEvent(  417): NetlinkEvent::FindParam(): Parameter 'ALERT_NAME' not found
E/NetlinkEvent(  450): NetlinkEvent::FindParam(): Parameter 'ALERT_NAME' not found
E/NetlinkEvent(  417): NetlinkEvent::FindParam(): Parameter 'ALERT_NAME' not found
E/NetlinkEvent(  450): NetlinkEvent::FindParam(): Parameter 'ALERT_NAME' not found
E/NetlinkEvent(  417): NetlinkEvent::FindParam(): Parameter 'ALERT_NAME' not found
E/NetlinkEvent(  450): NetlinkEvent::FindParam(): Parameter 'ALERT_NAME' not found
E/NetlinkEvent(  417): NetlinkEvent::FindParam(): Parameter 'ALERT_NAME' not found
E/NetlinkEvent(  450): NetlinkEvent::FindParam(): Parameter 'ALERT_NAME' not found
E/NetlinkEvent(  417): NetlinkEvent::FindParam(): Parameter 'ALERT_NAME' not found
E/NetlinkEvent(  450): NetlinkEvent::FindParam(): Parameter 'ALERT_NAME' not found
E/NetlinkEvent(  417): NetlinkEvent::FindParam(): Parameter 'ALERT_NAME' not found
E/NetlinkEvent(  450): NetlinkEvent::FindParam(): Parameter 'ALERT_NAME' not found
E/NetlinkEvent(  417): NetlinkEvent::FindParam(): Parameter 'ALERT_NAME' not found
E/NetlinkEvent(  450): NetlinkEvent::FindParam(): Parameter 'ALERT_NAME' not found
E/NetlinkEvent(  417): NetlinkEvent::FindParam(): Parameter 'ALERT_NAME' not found
E/NetlinkEvent(  450): NetlinkEvent::FindParam(): Parameter 'ALERT_NAME' not found
E/NetlinkEvent(  417): NetlinkEvent::FindParam(): Parameter 'ALERT_NAME' not found
E/NetlinkEvent(  450): NetlinkEvent::FindParam(): Parameter 'ALERT_NAME' not found
E/NetlinkEvent(  450): NetlinkEvent::FindParam(): Parameter 'ALERT_NAME' not found
E/NetlinkEvent(  417): NetlinkEvent::FindParam(): Parameter 'ALERT_NAME' not found
E/NetlinkEvent(  417): NetlinkEvent::FindParam(): Parameter 'ALERT_NAME' not found
E/NetlinkEvent(  450): NetlinkEvent::FindParam(): Parameter 'ALERT_NAME' not found
E/NetlinkEvent(  417): NetlinkEvent::FindParam(): Parameter 'ALERT_NAME' not found
E/NetlinkEvent(  417): NetlinkEvent::FindParam(): Parameter 'ALERT_NAME' not found
E/NetlinkEvent(  450): NetlinkEvent::FindParam(): Parameter 'ALERT_NAME' not found
E/NetlinkEvent(  450): NetlinkEvent::FindParam(): Parameter 'ALERT_NAME' not found
E/NetlinkEvent(  417): NetlinkEvent::FindParam(): Parameter 'ALERT_NAME' not found
E/NetlinkEvent(  417): NetlinkEvent::FindParam(): Parameter 'ALERT_NAME' not found
E/NetlinkEvent(  450): NetlinkEvent::FindParam(): Parameter 'ALERT_NAME' not found
E/NetlinkEvent(  417): NetlinkEvent::FindParam(): Parameter 'ALERT_NAME' not found
E/NetlinkEvent(  450): NetlinkEvent::FindParam(): Parameter 'ALERT_NAME' not found
E/NetlinkEvent(  417): NetlinkEvent::FindParam(): Parameter 'ALERT_NAME' not found
E/NetlinkEvent(  450): NetlinkEvent::FindParam(): Parameter 'ALERT_NAME' not found
W/ActivityManager( 1113): getTasks: caller 10086 does not hold REAL_GET_TASKS; limiting output
W/ActivityManager( 1113): getTasks: caller 10086 does not hold REAL_GET_TASKS; limiting output
I/UsageStatsService( 1113): User[0] Flushing usage stats to disk
D/AlarmManagerServiceInjector( 1113):  alarm Alarm{1d980d7f type 0 when 1480297753582 com.xiaomi.xmsf}is aligned leader, now sending all pending alarm
D/AlarmManagerServiceInjector( 1113): alarm remove: Alarm{1d980d7f type 0 when 1480297753582 com.xiaomi.xmsf}
D/AlarmManagerServiceInjector( 1113): alarm Alarm{1d980d7f type 0 when 1480297753582 com.xiaomi.xmsf}is add to triggerlist 
W/ActivityThread(30554): ClassLoader.loadClass: The class loader returned by Thread.getContextClassLoader() may fail for processes that host multiple applications. You should explicitly specify a context class loader. For example: Thread.setContextClassLoader(getClass().getClassLoader());
E/NetlinkEvent(  450): NetlinkEvent::FindParam(): Parameter 'ALERT_NAME' not found
E/NetlinkEvent(  450): NetlinkEvent::FindParam(): Parameter 'ALERT_NAME' not found
E/NetlinkEvent(  417): NetlinkEvent::FindParam(): Parameter 'ALERT_NAME' not found
E/NetlinkEvent(  417): NetlinkEvent::FindParam(): Parameter 'ALERT_NAME' not found
E/NetlinkEvent(  450): NetlinkEvent::FindParam(): Parameter 'ALERT_NAME' not found
E/NetlinkEvent(  417): NetlinkEvent::FindParam(): Parameter 'ALERT_NAME' not found
E/NetlinkEvent(  450): NetlinkEvent::FindParam(): Parameter 'ALERT_NAME' not found
E/NetlinkEvent(  417): NetlinkEvent::FindParam(): Parameter 'ALERT_NAME' not found
E/NetlinkEvent(  450): NetlinkEvent::FindParam(): Parameter 'ALERT_NAME' not found
E/NetlinkEvent(  417): NetlinkEvent::FindParam(): Parameter 'ALERT_NAME' not found
E/NetlinkEvent(  450): NetlinkEvent::FindParam(): Parameter 'ALERT_NAME' not found
E/NetlinkEvent(  417): NetlinkEvent::FindParam(): Parameter 'ALERT_NAME' not found
I/PowerManagerService( 1113): Waking up from sleep (uid 1000)...
I/DisplayPowerController( 1113): Blocking screen on until initial contents have been drawn.
I/EntropyMixer( 1113): Writing entropy...
I/DisplayManagerService( 1113): Display device changed: DisplayDeviceInfo{"内置屏幕": uniqueId="local:0", 1440 x 2560, 60.0 fps, supportedRefreshRates [60.0], density 640, 515.154 x 516.063 dpi, appVsyncOff 0, presDeadline 17666667, touch INTERNAL, rotation 0, type BUILT_IN, state ON, FLAG_DEFAULT_DISPLAY, FLAG_ROTATES_WITH_CONTENT, FLAG_SECURE, FLAG_SUPPORTS_PROTECTED_BUFFERS}
W/ActivityManager( 1113): getTasks: caller 10058 does not hold REAL_GET_TASKS; limiting output
W/ContextImpl( 3604): Calling a method in the system process without a qualified user: android.app.ContextImpl.bindService:1771 android.content.ContextWrapper.bindService:549 com.xiaomi.mistatistic.sdk.controller.LocalEventRecorder.a:96 com.xiaomi.mistatistic.sdk.controller.LocalEventRecorder.b:71 com.xiaomi.mistatistic.sdk.controller.LocalEventRecorder.a:25 
W/PowerUI ( 3604): unknown intent: Intent { act=android.intent.action.ACTION_POWER_CONNECTED flg=0x4000010 }
W/BroadcastQueueInjector( 1113): Unable to launch app com.yipiao/10126 for broadcast Intent { act=android.intent.action.ACTION_POWER_CONNECTED flg=0x4000010 }: process is not permitted to  auto start
W/BroadcastQueueInjector( 1113): Unable to launch app com.cubic.autohome/10104 for broadcast Intent { act=android.intent.action.ACTION_POWER_CONNECTED flg=0x4000010 }: process is not permitted to  auto start
W/BroadcastQueueInjector( 1113): Unable to launch app cn.com.nggirl.nguser/10451 for broadcast Intent { act=android.intent.action.ACTION_POWER_CONNECTED flg=0x4000010 }: process is not permitted to  auto start
E/NetlinkEvent(  450): NetlinkEvent::FindParam(): Parameter 'ALERT_NAME' not found
E/NetlinkEvent(  417): NetlinkEvent::FindParam(): Parameter 'ALERT_NAME' not found
E/NetlinkEvent(  450): NetlinkEvent::FindParam(): Parameter 'ALERT_NAME' not found
E/NetlinkEvent(  417): NetlinkEvent::FindParam(): Parameter 'ALERT_NAME' not found
E/NetlinkEvent(  450): NetlinkEvent::FindParam(): Parameter 'ALERT_NAME' not found
E/NetlinkEvent(  417): NetlinkEvent::FindParam(): Parameter 'ALERT_NAME' not found
E/NetlinkEvent(  417): NetlinkEvent::FindParam(): Parameter 'ALERT_NAME' not found
E/NetlinkEvent(  450): NetlinkEvent::FindParam(): Parameter 'ALERT_NAME' not found
I/ValidateNoPeople( 1113): skipping global notification
I/ValidateNoPeople( 1113): skipping global notification
E/NetlinkEvent(  450): NetlinkEvent::FindParam(): Parameter 'ALERT_NAME' not found
E/NetlinkEvent(  450): NetlinkEvent::FindParam(): Parameter 'ALERT_NAME' not found
E/NetlinkEvent(  417): NetlinkEvent::FindParam(): Parameter 'ALERT_NAME' not found
E/NetlinkEvent(  417): NetlinkEvent::FindParam(): Parameter 'ALERT_NAME' not found
W/ContextImpl( 8328): Calling a method in the system process without a qualified user: android.app.ContextImpl.startService:1707 android.content.ContextWrapper.startService:526 android.content.ContextWrapper.startService:526 com.android.settings.AnalyticsReceiver.onReceive:24 android.app.ActivityThread.handleReceiver:2625 
E/NetlinkEvent(  417): NetlinkEvent::FindParam(): Parameter 'ALERT_NAME' not found
E/NetlinkEvent(  450): NetlinkEvent::FindParam(): Parameter 'ALERT_NAME' not found
W/ActivityManager( 1113): getTasks: caller 10018 is using old GET_TASKS but privileged; allowing
W/ContextImpl( 4801): Calling a method in the system process without a qualified user: android.app.ContextImpl.sendBroadcast:1342 android.content.ContextWrapper.sendBroadcast:387 com.miui.powercenter.provider.PowerSaveService.gE:-1 com.miui.powercenter.provider.PowerSaveService.c:-1 com.miui.powercenter.provider.e.onReceive:-1 
W/ContextImpl( 8328): Calling a method in the system process without a qualified user: android.app.ContextImpl.startService:1707 android.content.ContextWrapper.startService:526 android.content.ContextWrapper.startService:526 com.android.settings.AnalyticsReceiver.onReceive:24 android.app.ActivityThread.handleReceiver:2625 
I/StorageNotification( 3604): UMS connection changed to false (media state mounted)
I/StorageNotification( 3604): UMS connection changed to false (media state mounted)
I/DisplayPowerController( 1113): Unblocked screen on after 608 ms
W/ActivityManager( 1113): getTasks: caller 10086 does not hold REAL_GET_TASKS; limiting output
W/ActivityManager( 1113): getTasks: caller 10086 does not hold REAL_GET_TASKS; limiting output
W/ActivityManager( 1113): getTasks: caller 10086 does not hold REAL_GET_TASKS; limiting output
W/ActivityManager( 1113): getTasks: caller 10086 does not hold REAL_GET_TASKS; limiting output
W/ResourcesManager( 1113): Asset path '/system/framework/gson.jar' does not exist or contains no resources.
W/ResourcesManager( 1113): Asset path '/system/framework/miuistatssdkshared.jar' does not exist or contains no resources.
W/BroadcastQueueInjector( 1113): Unable to launch app com.yodo1.SkiSafari.XIAOMI_01/10135 for broadcast Intent { act=android.intent.action.USER_PRESENT flg=0x24000010 }: process is not permitted to  auto start
W/BroadcastQueueInjector( 1113): Unable to launch app com.sdu.didi.psnger/10088 for broadcast Intent { act=android.intent.action.USER_PRESENT flg=0x24000010 }: process is not permitted to  auto start
W/BroadcastQueueInjector( 1113): Unable to launch app com.cubic.autohome/10104 for broadcast Intent { act=android.intent.action.USER_PRESENT flg=0x24000010 }: process is not permitted to  auto start
W/BroadcastQueueInjector( 1113): Unable to launch app cn.com.nggirl.nguser/10451 for broadcast Intent { act=android.intent.action.USER_PRESENT flg=0x24000010 }: process is not permitted to  auto start
W/InputMethodManagerService( 1113): Window already focused, ignoring focus gain of: com.android.internal.view.IInputMethodClient$Stub$Proxy@c361e12 attribute=null, token = android.os.BinderProxy@27f4a61b
W/ActivityManager( 1113): getRunningAppProcesses: caller 10086 does not hold REAL_GET_TASKS; limiting output
W/ActivityManager( 1113): getRunningAppProcesses: caller 10086 does not hold REAL_GET_TASKS; limiting output
D/NetworkManagementService( 1113): hardware tether stats:NetworkStats: elapsedRealtime=1209650344
D/NetworkManagementService( 1113): getNetworkStatsSummaryXt:NetworkStats: elapsedRealtime=1209650345
D/NetworkManagementService( 1113):   [0] iface=rmnet_data0 uid=-1 set=ALL tag=0x0 rxBytes=11563603 rxPackets=18985 txBytes=3050940 txPackets=23393 operations=0
D/NetworkManagementService( 1113):   [1] iface=wlan0 uid=-1 set=ALL tag=0x0 rxBytes=1649401400 rxPackets=1761390 txBytes=127335758 txPackets=1465271 operations=0
D/NetworkManagementService( 1113):   [2] iface=usbnet0 uid=-1 set=ALL tag=0x0 rxBytes=0 rxPackets=0 txBytes=0 txPackets=0 operations=0
D/NetworkManagementService( 1113):   [3] iface=lo uid=-1 set=ALL tag=0x0 rxBytes=44353417 rxPackets=72862 txBytes=44353417 txPackets=72862 operations=0
D/NetworkManagementService( 1113): hardware tether stats:NetworkStats: elapsedRealtime=1209650346
D/NetworkManagementService( 1113): getNetworkStatsSummaryDev:NetworkStats: elapsedRealtime=1209650347
D/NetworkManagementService( 1113):   [0] iface=rmnet_data0 uid=-1 set=ALL tag=0x0 rxBytes=11563603 rxPackets=18985 txBytes=3151660 txPackets=23393 operations=0
D/NetworkManagementService( 1113):   [1] iface=wlan0 uid=-1 set=ALL tag=0x0 rxBytes=1654710139 rxPackets=1914256 txBytes=148516537 txPackets=1478086 operations=0
D/NetworkManagementService( 1113):   [2] iface=usbnet0 uid=-1 set=ALL tag=0x0 rxBytes=0 rxPackets=0 txBytes=0 txPackets=0 operations=0
D/NetworkManagementService( 1113):   [3] iface=lo uid=-1 set=ALL tag=0x0 rxBytes=44353417 rxPackets=72862 txBytes=44353417 txPackets=72862 operations=0
W/ContextImpl( 3940): Calling a method in the system process without a qualified user: android.app.ContextImpl.sendBroadcast:1342 android.content.ContextWrapper.sendBroadcast:387 com.miui.networkassistant.service.tm.TrafficManageService.broadCastDataUsageUpdated:-1 com.miui.networkassistant.service.tm.TrafficManageService$8.onReceive:-1 android.app.LoadedApk$ReceiverDispatcher$Args.run:868 
W/BackupManagerService( 1113): dataChanged but no participant pkg='com.android.providers.settings' uid=1001
W/BackupManagerService( 1113): dataChanged but no participant pkg='com.android.providers.settings' uid=1001
I/ActivityManager( 1113): Start proc 31869:com.miui.mipub/u0a15 for service com.miui.mipub/.service.MipubJobService
W/ResourcesManager(31869): Asset path '/system/framework/android-support-v13.jar' does not exist or contains no resources.
W/ResourcesManager(31869): Asset path '/system/framework/cloud-common.jar' does not exist or contains no resources.
W/ActivityManager( 1113): getRunningAppProcesses: caller 10015 is using old GET_TASKS but privileged; allowing
W/ActivityManager( 1113): getRunningAppProcesses: caller 10015 is using old GET_TASKS but privileged; allowing
I/ActivityManager( 1113): Killing 30811:com.miui.bugreport:remote/1000 (adj 15): empty #17
D/ActivityManagerInjector( 1113): com.miui.bugreport:remote is killed by AMS with adj 15 ,do not allow restart
D/ActivityManager( 1113): cleanUpApplicationRecord -- 30811
D/WifiService( 1113): Client connection lost with reason: 4
E/NetlinkEvent(  450): NetlinkEvent::FindParam(): Parameter 'ALERT_NAME' not found
E/NetlinkEvent(  417): NetlinkEvent::FindParam(): Parameter 'ALERT_NAME' not found
E/NetlinkEvent(  417): NetlinkEvent::FindParam(): Parameter 'ALERT_NAME' not found
E/NetlinkEvent(  450): NetlinkEvent::FindParam(): Parameter 'ALERT_NAME' not found
E/NetlinkEvent(  450): NetlinkEvent::FindParam(): Parameter 'ALERT_NAME' not found
E/NetlinkEvent(  417): NetlinkEvent::FindParam(): Parameter 'ALERT_NAME' not found
W/BroadcastQueueInjector( 1113): Unable to launch app com.yipiao/10126 for broadcast Intent { act=android.intent.action.ACTION_POWER_DISCONNECTED flg=0x4000010 }: process is not permitted to  auto start
W/BroadcastQueueInjector( 1113): Unable to launch app com.cubic.autohome/10104 for broadcast Intent { act=android.intent.action.ACTION_POWER_DISCONNECTED flg=0x4000010 }: process is not permitted to  auto start
W/BroadcastQueueInjector( 1113): Unable to launch app cn.com.nggirl.nguser/10451 for broadcast Intent { act=android.intent.action.ACTION_POWER_DISCONNECTED flg=0x4000010 }: process is not permitted to  auto start
E/NetlinkEvent(  417): NetlinkEvent::FindParam(): Parameter 'ALERT_NAME' not found
E/NetlinkEvent(  450): NetlinkEvent::FindParam(): Parameter 'ALERT_NAME' not found
E/NetlinkEvent(  417): NetlinkEvent::FindParam(): Parameter 'ALERT_NAME' not found
E/NetlinkEvent(  417): NetlinkEvent::FindParam(): Parameter 'ALERT_NAME' not found
E/NetlinkEvent(  450): NetlinkEvent::FindParam(): Parameter 'ALERT_NAME' not found
E/NetlinkEvent(  450): NetlinkEvent::FindParam(): Parameter 'ALERT_NAME' not found
E/NetlinkEvent(  450): NetlinkEvent::FindParam(): Parameter 'ALERT_NAME' not found
E/NetlinkEvent(  417): NetlinkEvent::FindParam(): Parameter 'ALERT_NAME' not found
E/NetlinkEvent(  417): NetlinkEvent::FindParam(): Parameter 'ALERT_NAME' not found
E/NetlinkEvent(  450): NetlinkEvent::FindParam(): Parameter 'ALERT_NAME' not found
E/NetlinkEvent(  417): NetlinkEvent::FindParam(): Parameter 'ALERT_NAME' not found
E/NetlinkEvent(  450): NetlinkEvent::FindParam(): Parameter 'ALERT_NAME' not found
E/NetlinkEvent(  450): NetlinkEvent::FindParam(): Parameter 'ALERT_NAME' not found
E/NetlinkEvent(  417): NetlinkEvent::FindParam(): Parameter 'ALERT_NAME' not found
I/StorageNotification( 3604): UMS connection changed to false (media state mounted)
I/EntropyMixer( 1113): Writing entropy...
W/ContextImpl( 8328): Calling a method in the system process without a qualified user: android.app.ContextImpl.startService:1707 android.content.ContextWrapper.startService:526 android.content.ContextWrapper.startService:526 com.android.settings.AnalyticsReceiver.onReceive:24 android.app.ActivityThread.handleReceiver:2625 
E/NetlinkEvent(  450): NetlinkEvent::FindParam(): Parameter 'ALERT_NAME' not found
E/NetlinkEvent(  417): NetlinkEvent::FindParam(): Parameter 'ALERT_NAME' not found
W/PowerUI ( 3604): unknown intent: Intent { act=android.intent.action.ACTION_POWER_CONNECTED flg=0x4000010 }
I/StorageNotification( 3604): UMS connection changed to false (media state mounted)
W/ActivityManager( 1113): getTasks: caller 10058 does not hold REAL_GET_TASKS; limiting output
W/BroadcastQueueInjector( 1113): Unable to launch app com.yipiao/10126 for broadcast Intent { act=android.intent.action.ACTION_POWER_CONNECTED flg=0x4000010 }: process is not permitted to  auto start
W/BroadcastQueueInjector( 1113): Unable to launch app com.cubic.autohome/10104 for broadcast Intent { act=android.intent.action.ACTION_POWER_CONNECTED flg=0x4000010 }: process is not permitted to  auto start
W/BroadcastQueueInjector( 1113): Unable to launch app cn.com.nggirl.nguser/10451 for broadcast Intent { act=android.intent.action.ACTION_POWER_CONNECTED flg=0x4000010 }: process is not permitted to  auto start
W/ContextImpl( 8328): Calling a method in the system process without a qualified user: android.app.ContextImpl.startService:1707 android.content.ContextWrapper.startService:526 android.content.ContextWrapper.startService:526 com.android.settings.AnalyticsReceiver.onReceive:24 android.app.ActivityThread.handleReceiver:2625 
W/ActivityManager( 1113): getRunningAppProcesses: caller 10086 does not hold REAL_GET_TASKS; limiting output
W/ActivityManager( 1113): getRunningAppProcesses: caller 10086 does not hold REAL_GET_TASKS; limiting output
W/ActivityManager( 1113): getRunningAppProcesses: caller 10086 does not hold REAL_GET_TASKS; limiting output
W/ActivityManager( 1113): getRunningAppProcesses: caller 10086 does not hold REAL_GET_TASKS; limiting output
W/ActivityManager( 1113): getRunningAppProcesses: caller 10086 does not hold REAL_GET_TASKS; limiting output
W/ActivityManager( 1113): getRunningAppProcesses: caller 10004 is using old GET_TASKS but privileged; allowing
W/ActivityManager( 1113): getRunningAppProcesses: caller 10004 is using old GET_TASKS but privileged; allowing
W/ActivityManager( 1113): getRunningAppProcesses: caller 10004 is using old GET_TASKS but privileged; allowing
W/ActivityManager( 1113): getRunningAppProcesses: caller 10004 is using old GET_TASKS but privileged; allowing
W/ActivityManager( 1113): getRunningAppProcesses: caller 10004 is using old GET_TASKS but privileged; allowing
W/ActivityManager( 1113): getRunningAppProcesses: caller 10004 is using old GET_TASKS but privileged; allowing
W/ActivityManager( 1113): getRunningAppProcesses: caller 10004 is using old GET_TASKS but privileged; allowing
W/ActivityManager( 1113): getRunningAppProcesses: caller 10004 is using old GET_TASKS but privileged; allowing
W/ActivityManager( 1113): getRunningAppProcesses: caller 10004 is using old GET_TASKS but privileged; allowing
W/ActivityManager( 1113): getRunningAppProcesses: caller 10004 is using old GET_TASKS but privileged; allowing
W/ActivityManager( 1113): getRunningAppProcesses: caller 10004 is using old GET_TASKS but privileged; allowing
W/ActivityManager( 1113): getRunningAppProcesses: caller 10004 is using old GET_TASKS but privileged; allowing
W/ActivityManager( 1113): getRunningAppProcesses: caller 10004 is using old GET_TASKS but privileged; allowing
W/ActivityManager( 1113): getRunningAppProcesses: caller 10004 is using old GET_TASKS but privileged; allowing
W/ActivityManager( 1113): getRunningAppProcesses: caller 10004 is using old GET_TASKS but privileged; allowing
W/ActivityManager( 1113): getRunningAppProcesses: caller 10004 is using old GET_TASKS but privileged; allowing
W/ActivityManager( 1113): getRunningAppProcesses: caller 10004 is using old GET_TASKS but privileged; allowing
W/ActivityManager( 1113): getRunningAppProcesses: caller 10004 is using old GET_TASKS but privileged; allowing
I/AutoStartManagerService( 1113): MIUILOG- Reject service :Intent { act=android.content.SyncAdapter cmp=com.youdao.dict/com.youdao.accounts.SyncAdapterService (has extras) } userId : 0 uid : 10105
I/AutoStartManagerService( 1113): MIUILOG- Reject service :Intent { act=android.content.SyncAdapter cmp=com.sina.weibo/.sync.guard.GuardSyncService (has extras) } userId : 0 uid : 10084
W/ActivityManager( 1113): getRunningAppProcesses: caller 10086 does not hold REAL_GET_TASKS; limiting output
W/ActivityManager( 1113): getRunningAppProcesses: caller 10086 does not hold REAL_GET_TASKS; limiting output
W/ActivityManager( 1113): getRunningAppProcesses: caller 10086 does not hold REAL_GET_TASKS; limiting output
D/AlarmManagerServiceInjector( 1113):  alarm Alarm{b951b5d type 0 when 1480298053582 com.xiaomi.xmsf}is aligned leader, now sending all pending alarm
D/AlarmManagerServiceInjector( 1113): alarm remove: Alarm{b951b5d type 0 when 1480298053582 com.xiaomi.xmsf}
D/AlarmManagerServiceInjector( 1113): alarm Alarm{b951b5d type 0 when 1480298053582 com.xiaomi.xmsf}is add to triggerlist 
W/ActivityManager( 1113): getRunningAppProcesses: caller 10086 does not hold REAL_GET_TASKS; limiting output
I/ActivityManager( 1113): Start proc 32016:com.miui.bugreport:remote/1000 for broadcast com.miui.bugreport/.receiver.NativeDebugReceiver
W/ResourcesManager(32016): Asset path '/system/framework/android-support-v13.jar' does not exist or contains no resources.
W/ResourcesManager(32016): Asset path '/system/framework/eventbus.jar' does not exist or contains no resources.
